
 Start         Length     Name                   Class
 0001:00401000 00002BBCH .text                   CODE
 0002:00404000 000002E8H .itext                  ICODE
 0003:00405000 00000040H .data                   DATA
 0004:00406000 0000001CH .bss                    BSS
 0005:00000000 00000000H .tls                    TLS


Detailed map of segments

 0001:00000000 0000009E C=CODE     S=.text    G=(none)   M=System   ACBP=A9
 0001:000000A0 000001C3 C=CODE     S=.text    G=(none)   M=SysInit  ACBP=A9
 0001:00000264 00000006 C=CODE     S=.text    G=(none)   M=OraCall  ACBP=A9
 0001:0000026C 00000006 C=CODE     S=.text    G=(none)   M=MemUtils ACBP=A9
 0001:00000274 00000046 C=CODE     S=.text    G=(none)   M=SysUtils ACBP=A9
 0001:000002BC 00000069 C=CODE     S=.text    G=(none)   M=Windows  ACBP=A9
 0001:00000328 00000036 C=CODE     S=.text    G=(none)   M=Classes  ACBP=A9
 0001:00000360 00000006 C=CODE     S=.text    G=(none)   M=TypInfo  ACBP=A9
 0001:00000368 00000036 C=CODE     S=.text    G=(none)   M=Variants ACBP=A9
 0001:000003A0 00000006 C=CODE     S=.text    G=(none)   M=VarUtils ACBP=A9
 0001:000003A8 00000006 C=CODE     S=.text    G=(none)   M=CLRClasses ACBP=A9
 0001:000003B0 00000006 C=CODE     S=.text    G=(none)   M=MTSCall  ACBP=A9
 0001:000003B8 00000006 C=CODE     S=.text    G=(none)   M=Registry ACBP=A9
 0001:000003C0 00000006 C=CODE     S=.text    G=(none)   M=IniFiles ACBP=A9
 0001:000003C8 0000000E C=CODE     S=.text    G=(none)   M=IOUtils  ACBP=A9
 0001:000003D8 00000006 C=CODE     S=.text    G=(none)   M=DBAccess ACBP=A9
 0001:000003E0 00000006 C=CODE     S=.text    G=(none)   M=CRParser ACBP=A9
 0001:000003E8 00000006 C=CODE     S=.text    G=(none)   M=MemData  ACBP=A9
 0001:000003F0 00000006 C=CODE     S=.text    G=(none)   M=AnsiStrings ACBP=A9
 0001:000003F8 00000006 C=CODE     S=.text    G=(none)   M=SqlTimSt ACBP=A9
 0001:00000400 00000006 C=CODE     S=.text    G=(none)   M=FMTBcd   ACBP=A9
 0001:00000408 00000006 C=CODE     S=.text    G=(none)   M=SyncObjs ACBP=A9
 0001:00000410 00000006 C=CODE     S=.text    G=(none)   M=TimeSpan ACBP=A9
 0001:00000418 00000006 C=CODE     S=.text    G=(none)   M=DASQLMonitor ACBP=A9
 0001:00000420 00000006 C=CODE     S=.text    G=(none)   M=CRVioTcp ACBP=A9
 0001:00000428 00000006 C=CODE     S=.text    G=(none)   M=DBMonitorClient ACBP=A9
 0001:00000430 00000006 C=CODE     S=.text    G=(none)   M=CRXml    ACBP=A9
 0001:00000438 0000001E C=CODE     S=.text    G=(none)   M=DB       ACBP=A9
 0001:00000458 00000006 C=CODE     S=.text    G=(none)   M=WideStrings ACBP=A9
 0001:00000460 00000006 C=CODE     S=.text    G=(none)   M=ComObj   ACBP=A9
 0001:00000468 00000006 C=CODE     S=.text    G=(none)   M=OraSmart ACBP=A9
 0001:00000470 00000006 C=CODE     S=.text    G=(none)   M=OraParser ACBP=A9
 0001:00000478 00000006 C=CODE     S=.text    G=(none)   M=OraClasses ACBP=A9
 0001:00000480 00000006 C=CODE     S=.text    G=(none)   M=OraObjects ACBP=A9
 0001:00000488 00000006 C=CODE     S=.text    G=(none)   M=OraNet   ACBP=A9
 0001:00000490 00000006 C=CODE     S=.text    G=(none)   M=OraAlerter ACBP=A9
 0001:00000498 0000000E C=CODE     S=.text    G=(none)   M=Ora      ACBP=A9
 0001:000004A8 00000006 C=CODE     S=.text    G=(none)   M=OraConnectionPool ACBP=A9
 0001:000004B0 00000006 C=CODE     S=.text    G=(none)   M=OraSQLMonitor ACBP=A9
 0001:000004B8 00000006 C=CODE     S=.text    G=(none)   M=DBTables ACBP=A9
 0001:000004C0 0000001E C=CODE     S=.text    G=(none)   M=ComCtrls ACBP=A9
 0001:000004E0 00000006 C=CODE     S=.text    G=(none)   M=ActnList ACBP=A9
 0001:000004E8 00000006 C=CODE     S=.text    G=(none)   M=Graphics ACBP=A9
 0001:000004F0 00000006 C=CODE     S=.text    G=(none)   M=Themes   ACBP=A9
 0001:000004F8 00000116 C=CODE     S=.text    G=(none)   M=Controls ACBP=A9
 0001:00000610 00000006 C=CODE     S=.text    G=(none)   M=Menus    ACBP=A9
 0001:00000618 00000006 C=CODE     S=.text    G=(none)   M=UxTheme  ACBP=A9
 0001:00000620 00000006 C=CODE     S=.text    G=(none)   M=MultiMon ACBP=A9
 0001:00000628 00000146 C=CODE     S=.text    G=(none)   M=Forms    ACBP=A9
 0001:00000770 00000006 C=CODE     S=.text    G=(none)   M=HelpIntfs ACBP=A9
 0001:00000778 0000000E C=CODE     S=.text    G=(none)   M=Dialogs  ACBP=A9
 0001:00000788 00000006 C=CODE     S=.text    G=(none)   M=GraphUtil ACBP=A9
 0001:00000790 00000006 C=CODE     S=.text    G=(none)   M=StdCtrls ACBP=A9
 0001:00000798 00000006 C=CODE     S=.text    G=(none)   M=ExtCtrls ACBP=A9
 0001:000007A0 00000006 C=CODE     S=.text    G=(none)   M=Printers ACBP=A9
 0001:000007A8 00000006 C=CODE     S=.text    G=(none)   M=Clipbrd  ACBP=A9
 0001:000007B0 00000006 C=CODE     S=.text    G=(none)   M=FlatSB   ACBP=A9
 0001:000007B8 0000000E C=CODE     S=.text    G=(none)   M=DBCtrls  ACBP=A9
 0001:000007C8 00000006 C=CODE     S=.text    G=(none)   M=Buttons  ACBP=A9
 0001:000007D0 00000006 C=CODE     S=.text    G=(none)   M=DBPWDlg  ACBP=A9
 0001:000007D8 00000006 C=CODE     S=.text    G=(none)   M=DBLogDlg ACBP=A9
 0001:000007E0 00000006 C=CODE     S=.text    G=(none)   M=OleServer ACBP=A9
 0001:000007E8 00000006 C=CODE     S=.text    G=(none)   M=OleCtrls ACBP=A9
 0001:000007F0 00000006 C=CODE     S=.text    G=(none)   M=AxCtrls  ACBP=A9
 0001:000007F8 00000006 C=CODE     S=.text    G=(none)   M=jpeg     ACBP=A9
 0001:00000800 00000006 C=CODE     S=.text    G=(none)   M=ServerDate ACBP=A9
 0001:00000808 00000006 C=CODE     S=.text    G=(none)   M=QRCtrls  ACBP=A9
 0001:00000810 00000006 C=CODE     S=.text    G=(none)   M=QRExpr   ACBP=A9
 0001:00000818 00000006 C=CODE     S=.text    G=(none)   M=QuickRpt ACBP=A9
 0001:00000820 00000006 C=CODE     S=.text    G=(none)   M=OleCtnrs ACBP=A9
 0001:00000828 00000006 C=CODE     S=.text    G=(none)   M=QRExtra  ACBP=A9
 0001:00000830 00000006 C=CODE     S=.text    G=(none)   M=QRPrntr  ACBP=A9
 0001:00000838 00000006 C=CODE     S=.text    G=(none)   M=QRPDFFilt ACBP=A9
 0001:00000840 00000006 C=CODE     S=.text    G=(none)   M=pdfconst ACBP=A9
 0001:00000848 00000006 C=CODE     S=.text    G=(none)   M=QRExport ACBP=A9
 0001:00000850 00000006 C=CODE     S=.text    G=(none)   M=QRWebFilt ACBP=A9
 0001:00000858 00000006 C=CODE     S=.text    G=(none)   M=QRPrev   ACBP=A9
 0001:00000860 00000006 C=CODE     S=.text    G=(none)   M=QRXMLSFilt ACBP=A9
 0001:00000868 00000006 C=CODE     S=.text    G=(none)   M=QRPrnSu  ACBP=A9
 0001:00000870 0000001E C=CODE     S=.text    G=(none)   M=Fxn      ACBP=A9
 0001:00000890 00000006 C=CODE     S=.text    G=(none)   M=ADODB    ACBP=A9
 0001:00000898 00000006 C=CODE     S=.text    G=(none)   M=TeCanvas ACBP=A9
 0001:000008A0 00000006 C=CODE     S=.text    G=(none)   M=TeeConst ACBP=A9
 0001:000008A8 00000006 C=CODE     S=.text    G=(none)   M=TeeHtml  ACBP=A9
 0001:000008B0 00000006 C=CODE     S=.text    G=(none)   M=CheckLst ACBP=A9
 0001:000008B8 00000006 C=CODE     S=.text    G=(none)   M=Unit_Message ACBP=A9
 0001:000008C0 00001C73 C=CODE     S=.text    G=(none)   M=Unit_CommunitySetup ACBP=A9
 0001:00002534 00000687 C=CODE     S=.text    G=(none)   M=.CommunitySetup ACBP=A9
 0002:00000000 00000006 C=ICODE    S=.itext   G=(none)   M=System   ACBP=A9
 0002:00000008 00000006 C=ICODE    S=.itext   G=(none)   M=OraCall  ACBP=A9
 0002:00000010 00000006 C=ICODE    S=.itext   G=(none)   M=MemUtils ACBP=A9
 0002:00000018 0000001E C=ICODE    S=.itext   G=(none)   M=SysUtils ACBP=A9
 0002:00000038 00000016 C=ICODE    S=.itext   G=(none)   M=Windows  ACBP=A9
 0002:00000050 0000000E C=ICODE    S=.itext   G=(none)   M=Classes  ACBP=A9
 0002:00000060 00000006 C=ICODE    S=.itext   G=(none)   M=TypInfo  ACBP=A9
 0002:00000068 00000006 C=ICODE    S=.itext   G=(none)   M=Variants ACBP=A9
 0002:00000070 00000006 C=ICODE    S=.itext   G=(none)   M=VarUtils ACBP=A9
 0002:00000078 00000006 C=ICODE    S=.itext   G=(none)   M=CLRClasses ACBP=A9
 0002:00000080 00000006 C=ICODE    S=.itext   G=(none)   M=MTSCall  ACBP=A9
 0002:00000088 00000006 C=ICODE    S=.itext   G=(none)   M=Registry ACBP=A9
 0002:00000090 00000006 C=ICODE    S=.itext   G=(none)   M=IniFiles ACBP=A9
 0002:00000098 0000000E C=ICODE    S=.itext   G=(none)   M=IOUtils  ACBP=A9
 0002:000000A8 00000006 C=ICODE    S=.itext   G=(none)   M=DBAccess ACBP=A9
 0002:000000B0 00000006 C=ICODE    S=.itext   G=(none)   M=CRParser ACBP=A9
 0002:000000B8 00000006 C=ICODE    S=.itext   G=(none)   M=MemData  ACBP=A9
 0002:000000C0 00000006 C=ICODE    S=.itext   G=(none)   M=AnsiStrings ACBP=A9
 0002:000000C8 00000006 C=ICODE    S=.itext   G=(none)   M=SqlTimSt ACBP=A9
 0002:000000D0 00000006 C=ICODE    S=.itext   G=(none)   M=FMTBcd   ACBP=A9
 0002:000000D8 00000006 C=ICODE    S=.itext   G=(none)   M=SyncObjs ACBP=A9
 0002:000000E0 00000006 C=ICODE    S=.itext   G=(none)   M=TimeSpan ACBP=A9
 0002:000000E8 00000006 C=ICODE    S=.itext   G=(none)   M=DASQLMonitor ACBP=A9
 0002:000000F0 00000006 C=ICODE    S=.itext   G=(none)   M=CRVioTcp ACBP=A9
 0002:000000F8 00000006 C=ICODE    S=.itext   G=(none)   M=DBMonitorClient ACBP=A9
 0002:00000100 00000006 C=ICODE    S=.itext   G=(none)   M=CRXml    ACBP=A9
 0002:00000108 00000006 C=ICODE    S=.itext   G=(none)   M=DB       ACBP=A9
 0002:00000110 00000006 C=ICODE    S=.itext   G=(none)   M=WideStrings ACBP=A9
 0002:00000118 00000006 C=ICODE    S=.itext   G=(none)   M=ComObj   ACBP=A9
 0002:00000120 00000006 C=ICODE    S=.itext   G=(none)   M=OraSmart ACBP=A9
 0002:00000128 00000006 C=ICODE    S=.itext   G=(none)   M=OraParser ACBP=A9
 0002:00000130 00000006 C=ICODE    S=.itext   G=(none)   M=OraClasses ACBP=A9
 0002:00000138 00000006 C=ICODE    S=.itext   G=(none)   M=OraObjects ACBP=A9
 0002:00000140 00000006 C=ICODE    S=.itext   G=(none)   M=OraNet   ACBP=A9
 0002:00000148 00000006 C=ICODE    S=.itext   G=(none)   M=OraAlerter ACBP=A9
 0002:00000150 00000006 C=ICODE    S=.itext   G=(none)   M=Ora      ACBP=A9
 0002:00000158 00000006 C=ICODE    S=.itext   G=(none)   M=OraConnectionPool ACBP=A9
 0002:00000160 00000006 C=ICODE    S=.itext   G=(none)   M=OraSQLMonitor ACBP=A9
 0002:00000168 00000006 C=ICODE    S=.itext   G=(none)   M=DBTables ACBP=A9
 0002:00000170 00000006 C=ICODE    S=.itext   G=(none)   M=ComCtrls ACBP=A9
 0002:00000178 00000006 C=ICODE    S=.itext   G=(none)   M=ActnList ACBP=A9
 0002:00000180 00000006 C=ICODE    S=.itext   G=(none)   M=Graphics ACBP=A9
 0002:00000188 00000006 C=ICODE    S=.itext   G=(none)   M=Themes   ACBP=A9
 0002:00000190 00000006 C=ICODE    S=.itext   G=(none)   M=Controls ACBP=A9
 0002:00000198 00000006 C=ICODE    S=.itext   G=(none)   M=Menus    ACBP=A9
 0002:000001A0 00000006 C=ICODE    S=.itext   G=(none)   M=UxTheme  ACBP=A9
 0002:000001A8 00000006 C=ICODE    S=.itext   G=(none)   M=MultiMon ACBP=A9
 0002:000001B0 00000006 C=ICODE    S=.itext   G=(none)   M=Forms    ACBP=A9
 0002:000001B8 00000006 C=ICODE    S=.itext   G=(none)   M=HelpIntfs ACBP=A9
 0002:000001C0 00000006 C=ICODE    S=.itext   G=(none)   M=Dialogs  ACBP=A9
 0002:000001C8 00000006 C=ICODE    S=.itext   G=(none)   M=GraphUtil ACBP=A9
 0002:000001D0 00000006 C=ICODE    S=.itext   G=(none)   M=ExtCtrls ACBP=A9
 0002:000001D8 00000006 C=ICODE    S=.itext   G=(none)   M=Printers ACBP=A9
 0002:000001E0 00000006 C=ICODE    S=.itext   G=(none)   M=Clipbrd  ACBP=A9
 0002:000001E8 00000006 C=ICODE    S=.itext   G=(none)   M=FlatSB   ACBP=A9
 0002:000001F0 00000006 C=ICODE    S=.itext   G=(none)   M=DBCtrls  ACBP=A9
 0002:000001F8 00000006 C=ICODE    S=.itext   G=(none)   M=Buttons  ACBP=A9
 0002:00000200 00000006 C=ICODE    S=.itext   G=(none)   M=DBPWDlg  ACBP=A9
 0002:00000208 00000006 C=ICODE    S=.itext   G=(none)   M=DBLogDlg ACBP=A9
 0002:00000210 00000006 C=ICODE    S=.itext   G=(none)   M=OleServer ACBP=A9
 0002:00000218 00000006 C=ICODE    S=.itext   G=(none)   M=OleCtrls ACBP=A9
 0002:00000220 00000006 C=ICODE    S=.itext   G=(none)   M=AxCtrls  ACBP=A9
 0002:00000228 00000006 C=ICODE    S=.itext   G=(none)   M=jpeg     ACBP=A9
 0002:00000230 00000006 C=ICODE    S=.itext   G=(none)   M=ServerDate ACBP=A9
 0002:00000238 00000006 C=ICODE    S=.itext   G=(none)   M=QRCtrls  ACBP=A9
 0002:00000240 00000006 C=ICODE    S=.itext   G=(none)   M=QRExpr   ACBP=A9
 0002:00000248 00000006 C=ICODE    S=.itext   G=(none)   M=QuickRpt ACBP=A9
 0002:00000250 00000006 C=ICODE    S=.itext   G=(none)   M=OleCtnrs ACBP=A9
 0002:00000258 00000006 C=ICODE    S=.itext   G=(none)   M=QRExtra  ACBP=A9
 0002:00000260 00000006 C=ICODE    S=.itext   G=(none)   M=QRPrntr  ACBP=A9
 0002:00000268 00000006 C=ICODE    S=.itext   G=(none)   M=QRPDFFilt ACBP=A9
 0002:00000270 00000006 C=ICODE    S=.itext   G=(none)   M=pdfconst ACBP=A9
 0002:00000278 00000006 C=ICODE    S=.itext   G=(none)   M=QRExport ACBP=A9
 0002:00000280 00000006 C=ICODE    S=.itext   G=(none)   M=QRWebFilt ACBP=A9
 0002:00000288 00000006 C=ICODE    S=.itext   G=(none)   M=QRPrev   ACBP=A9
 0002:00000290 00000006 C=ICODE    S=.itext   G=(none)   M=QRXMLSFilt ACBP=A9
 0002:00000298 00000006 C=ICODE    S=.itext   G=(none)   M=QRPrnSu  ACBP=A9
 0002:000002A0 00000006 C=ICODE    S=.itext   G=(none)   M=Fxn      ACBP=A9
 0002:000002A8 00000006 C=ICODE    S=.itext   G=(none)   M=ADODB    ACBP=A9
 0002:000002B0 00000006 C=ICODE    S=.itext   G=(none)   M=TeCanvas ACBP=A9
 0002:000002B8 00000006 C=ICODE    S=.itext   G=(none)   M=TeeConst ACBP=A9
 0002:000002C0 00000006 C=ICODE    S=.itext   G=(none)   M=TeeHtml  ACBP=A9
 0002:000002C8 00000006 C=ICODE    S=.itext   G=(none)   M=CheckLst ACBP=A9
 0002:000002D0 00000006 C=ICODE    S=.itext   G=(none)   M=Unit_Message ACBP=A9
 0002:000002D8 00000008 C=ICODE    S=.itext   G=(none)   M=Unit_CommunitySetup ACBP=A9
 0002:000002E0 00000005 C=ICODE    S=.itext   G=(none)   M=.CommunitySetup ACBP=A9
 0003:00000000 00000030 C=DATA     S=.data    G=DGROUP   M=SysInit  ACBP=A9
 0003:00000030 0000000C C=DATA     S=.data    G=DGROUP   M=Windows  ACBP=A9
 0004:00000000 0000000C C=BSS      S=.bss     G=DGROUP   M=SysInit  ACBP=A9
 0004:0000000C 00000008 C=BSS      S=.bss     G=DGROUP   M=Windows  ACBP=A9
 0004:00000014 00000008 C=BSS      S=.bss     G=DGROUP   M=Unit_CommunitySetup ACBP=A9


  Address             Publics by Name

 0002:000002E0       .CommunitySetup..CommunitySetup
 0001:00002B9C       .CommunitySetup.@GetPackageInfoTable
 0001:00002BA4       .CommunitySetup.@PackageLoad
 0001:00002BB0       .CommunitySetup.@PackageUnload
 0002:00000178       ActnList.ActnList
 0001:000004E0       ActnList.Finalization
 0002:000002A8       ADODB.ADODB
 0001:00000890       ADODB.Finalization
 0002:000000C0       AnsiStrings.AnsiStrings
 0001:000003F0       AnsiStrings.Finalization
 0002:00000220       AxCtrls.AxCtrls
 0001:000007F0       AxCtrls.Finalization
 0002:000001F8       Buttons.Buttons
 0001:000007C8       Buttons.Finalization
 0002:000002C8       CheckLst.CheckLst
 0001:000008B0       CheckLst.Finalization
 0002:00000058       Classes.Classes
 0001:00000358       Classes.Finalization
 0001:00000348       Classes.TComponent.SafeCallException
 0001:00000340       Classes.TComponent.UpdateAction
 0001:00000350       Classes.TComponent.UpdateRegistry
 0001:00000338       Classes.TComponent.WriteState
 0001:00000328       Classes.TPersistent.Assign
 0002:00000050       Classes.TThread.Create@
 0001:00000330       Classes.TThread.Destroy@
 0002:000001E0       Clipbrd.Clipbrd
 0001:000007A8       Clipbrd.Finalization
 0002:00000078       CLRClasses.CLRClasses
 0001:000003A8       CLRClasses.Finalization
 0002:00000170       ComCtrls.ComCtrls
 0001:000004D8       ComCtrls.Finalization
 0001:000004C8       ComCtrls.TPageControl.GetActivePageIndex
 0001:000004C0       ComCtrls.TPageControl.GetPage
 0001:000004D0       ComCtrls.TPageControl.SetActivePageIndex
 0002:00000118       ComObj.ComObj
 0001:00000460       ComObj.Finalization
 0002:00000190       Controls.Controls
 0001:00000608       Controls.Finalization
 0001:00000550       Controls.TControl.CreateTouchManager
 0001:00000508       Controls.TControl.GetAction
 0001:000004F8       Controls.TControl.GetDragImages
 0001:00000500       Controls.TControl.GetEnabled
 0001:00000558       Controls.TControl.GetFloatingDockSiteClass
 0001:00000530       Controls.TControl.GetText
 0001:00000560       Controls.TControl.InitiateAction
 0001:00000518       Controls.TControl.SetAutoSize
 0001:00000540       Controls.TControl.SetBiDiMode
 0001:00000548       Controls.TControl.SetColor
 0001:00000510       Controls.TControl.SetDragMode
 0001:00000528       Controls.TControl.SetEnabled
 0001:00000520       Controls.TControl.SetName
 0001:00000538       Controls.TControl.SetText
 0001:000005E0       Controls.TWinControl.AssignTo
 0001:000005E8       Controls.TWinControl.CanAutoSize
 0001:000005D0       Controls.TWinControl.CanResize
 0001:000005D8       Controls.TWinControl.ConstrainedResize
 0001:00000570       Controls.TWinControl.CreateHandle
 0001:00000578       Controls.TWinControl.CustomAlignInsertBefore
 0001:00000580       Controls.TWinControl.CustomAlignPosition
 0001:00000568       Controls.TWinControl.DestroyWnd
 0001:000005F8       Controls.TWinControl.DockReplaceDockClient
 0001:000005C8       Controls.TWinControl.GetClientOrigin
 0001:000005C0       Controls.TWinControl.GetControlExtents
 0001:000005A0       Controls.TWinControl.GetDeviceContext
 0001:000005A8       Controls.TWinControl.Invalidate
 0001:000005B8       Controls.TWinControl.Repaint
 0001:00000590       Controls.TWinControl.SetBounds
 0001:000005F0       Controls.TWinControl.SetParentBackground
 0001:00000588       Controls.TWinControl.SetParentDoubleBuffered
 0001:00000598       Controls.TWinControl.ShowControl
 0001:000005B0       Controls.TWinControl.Update
 0001:00000600       Controls.TWinControl.UpdateControlOriginalParentSize
 0002:000000B0       CRParser.CRParser
 0001:000003E0       CRParser.Finalization
 0002:000000F0       CRVioTcp.CRVioTcp
 0001:00000420       CRVioTcp.Finalization
 0002:00000100       CRXml.CRXml
 0001:00000430       CRXml.Finalization
 0002:000000E8       DASQLMonitor.DASQLMonitor
 0001:00000418       DASQLMonitor.Finalization
 0002:00000108       DB.DB
 0001:00000450       DB.Finalization
 0001:00000440       DB.TDataSet.Close
 0001:00000448       DB.TDataSet.FieldByName
 0001:00000438       DB.TDataSet.Open
 0002:000000A8       DBAccess.DBAccess
 0001:000003D8       DBAccess.Finalization
 0002:000001F0       DBCtrls.DBCtrls
 0001:000007C0       DBCtrls.Finalization
 0001:000007B8       DBCtrls.TDBLookupControl.SetKeyValue
 0002:00000208       DBLogDlg.DBLogDlg
 0001:000007D8       DBLogDlg.Finalization
 0002:000000F8       DBMonitorClient.DBMonitorClient
 0001:00000428       DBMonitorClient.Finalization
 0002:00000200       DBPWDlg.DBPWDlg
 0001:000007D0       DBPWDlg.Finalization
 0002:00000168       DBTables.DBTables
 0001:000004B8       DBTables.Finalization
 0002:000001C0       Dialogs.Dialogs
 0001:00000780       Dialogs.Finalization
 0001:00000778       Dialogs.MessageDlg
 0002:000001D0       ExtCtrls.ExtCtrls
 0001:00000798       ExtCtrls.Finalization
 0001:000007B0       FlatSB.Finalization
 0002:000001E8       FlatSB.FlatSB
 0001:00000400       FMTBcd.Finalization
 0002:000000D0       FMTBcd.FMTBcd
 0001:00000768       Forms.Finalization
 0002:000001B0       Forms.Forms
 0001:00000658       Forms.TCustomForm.AfterConstruction
 0001:000006E0       Forms.TCustomForm.AlignControls
 0001:00000668       Forms.TCustomForm.BeforeDestruction
 0001:00000730       Forms.TCustomForm.Close
 0001:00000738       Forms.TCustomForm.CloseQuery
 0001:00000650       Forms.TCustomForm.Create
 0001:00000660       Forms.TCustomForm.CreateNew
 0001:000006E8       Forms.TCustomForm.CreateParams
 0001:000006F8       Forms.TCustomForm.CreateWindowHandle
 0001:000006F0       Forms.TCustomForm.CreateWnd
 0001:00000710       Forms.TCustomForm.DefaultHandler
 0001:000006A0       Forms.TCustomForm.DefineProperties
 0001:00000670       Forms.TCustomForm.Destroy
 0001:00000700       Forms.TCustomForm.DestroyHandle
 0001:00000708       Forms.TCustomForm.DestroyWindowHandle
 0001:00000678       Forms.TCustomForm.DoCreate
 0001:00000680       Forms.TCustomForm.DoDestroy
 0001:000006A8       Forms.TCustomForm.GetClientRect
 0001:000006B0       Forms.TCustomForm.GetFloating
 0001:00000688       Forms.TCustomForm.Loaded
 0001:00000690       Forms.TCustomForm.Notification
 0001:00000720       Forms.TCustomForm.PaintWindow
 0001:00000760       Forms.TCustomForm.QueryInterface
 0001:00000698       Forms.TCustomForm.ReadState
 0001:00000758       Forms.TCustomForm.RequestAlign
 0001:00000728       Forms.TCustomForm.Resizing
 0001:00000740       Forms.TCustomForm.SetFocus
 0001:00000718       Forms.TCustomForm.SetFocusedControl
 0001:000006C8       Forms.TCustomForm.SetParent
 0001:000006B8       Forms.TCustomForm.SetParentBiDiMode
 0001:00000748       Forms.TCustomForm.ShowModal
 0001:00000750       Forms.TCustomForm.UpdateActions
 0001:000006D0       Forms.TCustomForm.ValidateRename
 0001:000006C0       Forms.TCustomForm.WantChildKey
 0001:000006D8       Forms.TCustomForm.WndProc
 0001:00000648       Forms.TScrollingWinControl.AdjustClientRect
 0001:00000628       Forms.TScrollingWinControl.AutoScrollEnabled
 0001:00000640       Forms.TScrollingWinControl.AutoScrollInView
 0001:00000630       Forms.TScrollingWinControl.DoGesture
 0001:00000638       Forms.TScrollingWinControl.DoGetGestureOptions
 0001:00000870       Fxn.ClearAll
 0001:00000888       Fxn.Finalization
 0002:000002A0       Fxn.Fxn
 0001:00000880       Fxn.MsgBox
 0001:00000878       Fxn.ShowDoneMessage
 0001:000004E8       Graphics.Finalization
 0002:00000180       Graphics.Graphics
 0001:00000788       GraphUtil.Finalization
 0002:000001C8       GraphUtil.GraphUtil
 0001:00000770       HelpIntfs.Finalization
 0002:000001B8       HelpIntfs.HelpIntfs
 0001:000003C0       IniFiles.Finalization
 0002:00000090       IniFiles.IniFiles
 0001:000003D0       IOUtils.Finalization
 0002:000000A0       IOUtils.IOUtils
 0002:00000098       IOUtils.TPath.Create@
 0001:000003C8       IOUtils.TPath.Destroy@
 0001:000007F8       jpeg.Finalization
 0002:00000228       jpeg.jpeg
 0001:000003E8       MemData.Finalization
 0002:000000B8       MemData.MemData
 0001:0000026C       MemUtils.Finalization
 0002:00000010       MemUtils.MemUtils
 0001:00000610       Menus.Finalization
 0002:00000198       Menus.Menus
 0001:000003B0       MTSCall.Finalization
 0002:00000080       MTSCall.MTSCall
 0001:00000620       MultiMon.Finalization
 0002:000001A8       MultiMon.MultiMon
 0001:00000820       OleCtnrs.Finalization
 0002:00000250       OleCtnrs.OleCtnrs
 0001:000007E8       OleCtrls.Finalization
 0002:00000218       OleCtrls.OleCtrls
 0001:000007E0       OleServer.Finalization
 0002:00000210       OleServer.OleServer
 0001:000004A0       Ora.Finalization
 0002:00000150       Ora.Ora
 0001:00000498       Ora.TOraDataSet.SetSession
 0001:00000490       OraAlerter.Finalization
 0002:00000148       OraAlerter.OraAlerter
 0001:00000264       OraCall.Finalization
 0002:00000008       OraCall.OraCall
 0001:00000478       OraClasses.Finalization
 0002:00000130       OraClasses.OraClasses
 0001:000004A8       OraConnectionPool.Finalization
 0002:00000158       OraConnectionPool.OraConnectionPool
 0001:00000488       OraNet.Finalization
 0002:00000140       OraNet.OraNet
 0001:00000480       OraObjects.Finalization
 0002:00000138       OraObjects.OraObjects
 0001:00000470       OraParser.Finalization
 0002:00000128       OraParser.OraParser
 0001:00000468       OraSmart.Finalization
 0002:00000120       OraSmart.OraSmart
 0001:000004B0       OraSQLMonitor.Finalization
 0002:00000160       OraSQLMonitor.OraSQLMonitor
 0001:00000840       pdfconst.Finalization
 0002:00000270       pdfconst.pdfconst
 0001:000007A0       Printers.Finalization
 0002:000001D8       Printers.Printers
 0001:00000808       QRCtrls.Finalization
 0002:00000238       QRCtrls.QRCtrls
 0001:00000848       QRExport.Finalization
 0002:00000278       QRExport.QRExport
 0001:00000810       QRExpr.Finalization
 0002:00000240       QRExpr.QRExpr
 0001:00000828       QRExtra.Finalization
 0002:00000258       QRExtra.QRExtra
 0001:00000838       QRPDFFilt.Finalization
 0002:00000268       QRPDFFilt.QRPDFFilt
 0001:00000858       QRPrev.Finalization
 0002:00000288       QRPrev.QRPrev
 0001:00000868       QRPrnSu.Finalization
 0002:00000298       QRPrnSu.QRPrnSu
 0001:00000830       QRPrntr.Finalization
 0002:00000260       QRPrntr.QRPrntr
 0001:00000850       QRWebFilt.Finalization
 0002:00000280       QRWebFilt.QRWebFilt
 0001:00000860       QRXMLSFilt.Finalization
 0002:00000290       QRXMLSFilt.QRXMLSFilt
 0001:00000818       QuickRpt.Finalization
 0002:00000248       QuickRpt.QuickRpt
 0001:000003B8       Registry.Finalization
 0002:00000088       Registry.Registry
 0001:00000800       ServerDate.Finalization
 0002:00000230       ServerDate.ServerDate
 0001:000003F8       SqlTimSt.Finalization
 0002:000000C8       SqlTimSt.SqlTimSt
 0001:00000790       StdCtrls.TCustomEdit.SetReadOnly
 0001:00000408       SyncObjs.Finalization
 0002:000000D8       SyncObjs.SyncObjs
 0001:000001E8       SysInit.@InitPkg
 0001:0000024C       SysInit.@PackageLoad
 0001:00000258       SysInit.@PackageUnload
 0001:000000D8       SysInit.AllocTlsBuffer
 0001:00000194       SysInit.ExitProcessTLS
 0001:0000015C       SysInit.ExitThreadTLS
 0001:000000A0       SysInit.FreeLibrary
 0001:000000E4       SysInit.GetTlsSize
 0004:00000004       SysInit.HInstance
 0001:000001B8       SysInit.InitializeModule
 0001:00000130       SysInit.InitProcessTLS
 0001:000000EC       SysInit.InitThreadTLS
 0001:000000A8       SysInit.LocalAlloc
 0001:000000B0       SysInit.LocalFree
 0003:00000004       SysInit.Module
 0004:00000000       SysInit.ModuleIsLib
 0004:00000001       SysInit.ModuleIsPackage
 0001:000000B8       SysInit.TlsAlloc
 0004:00000008       SysInit.tlsBuffer
 0001:000000C0       SysInit.TlsFree
 0001:000000C8       SysInit.TlsGetValue
 0003:00000000       SysInit.TlsIndex
 0005:00000000       SysInit.TlsLast
 0003:00000020       SysInit.TlsProc
 0001:000000D0       SysInit.TlsSetValue
 0001:000001C4       SysInit.UninitializeModule
 0001:00000040       System.@DoneExcept
 0001:00000030       System.@HandleAnyException
 0001:00000038       System.@HandleFinally
 0001:00000048       System.@PackageLoad
 0001:00000050       System.@PackageUnload
 0001:00000058       System.@RunError
 0001:00000068       System.@UStrArrayClr
 0001:00000078       System.@UStrCatN
 0001:00000060       System.@UStrClr
 0001:00000080       System.@UStrEqual
 0001:00000070       System.@UStrLAsg
 0001:00000098       System.Finalization
 0001:00000088       System.RegisterModule
 0002:00000000       System.System
 0001:00000028       System.TObject.Dispatch
 0001:00000010       System.TObject.Equals
 0001:00000008       System.TObject.FreeInstance
 0001:00000018       System.TObject.GetHashCode
 0001:00000000       System.TObject.NewInstance
 0001:00000020       System.TObject.ToString
 0001:00000090       System.UnregisterModule
 0002:00000028       SysUtils.Exception.Create@
 0001:00000294       SysUtils.Exception.Destroy@
 0001:000002B4       SysUtils.Finalization
 0001:0000028C       SysUtils.FloatToStr
 0001:0000027C       SysUtils.IntToStr
 0001:0000029C       SysUtils.StringReplace
 0001:00000284       SysUtils.StrToInt
 0002:00000030       SysUtils.SysUtils
 0002:00000020       SysUtils.TEncoding.Create@
 0001:000002AC       SysUtils.TEncoding.Destroy@
 0002:00000018       SysUtils.TLanguages.Create@
 0001:000002A4       SysUtils.TLanguages.Destroy@
 0001:00000274       SysUtils.Trim
 0001:00000898       TeCanvas.Finalization
 0002:000002B0       TeCanvas.TeCanvas
 0001:000008A0       TeeConst.Finalization
 0002:000002B8       TeeConst.TeeConst
 0001:000008A8       TeeHtml.Finalization
 0002:000002C0       TeeHtml.TeeHtml
 0001:000004F0       Themes.Finalization
 0002:00000188       Themes.Themes
 0002:000000E0       TimeSpan.TTimeSpan.Create@
 0001:00000410       TimeSpan.TTimeSpan.Destroy@
 0001:00000360       TypInfo.Finalization
 0002:00000060       TypInfo.TypInfo
 0004:00000018       Unit_CommunitySetup..2
 0001:000008C0       Unit_CommunitySetup..TFormCommunity
 0001:0000252C       Unit_CommunitySetup.Finalization
 0004:00000014       Unit_CommunitySetup.FormCommunity
 0001:000016B0       Unit_CommunitySetup.SaveCommunitySetup
 0001:000016C0       Unit_CommunitySetup.TFormCommunity.BitBtnCancelClick
 0001:00001744       Unit_CommunitySetup.TFormCommunity.BitBtnSaveClick
 0001:00001B38       Unit_CommunitySetup.TFormCommunity.BtnNewClick
 0001:00001CAC       Unit_CommunitySetup.TFormCommunity.Button1Click
 0001:00001CB0       Unit_CommunitySetup.TFormCommunity.DBGrid1DblClick
 0001:00002090       Unit_CommunitySetup.TFormCommunity.DBLookupComboBox_SchemeClick
 0001:000022D8       Unit_CommunitySetup.TFormCommunity.EditSearchChange
 0001:000024A4       Unit_CommunitySetup.TFormCommunity.FormKeyDown
 0001:000024B8       Unit_CommunitySetup.TFormCommunity.FormShow
 0001:000024F0       Unit_CommunitySetup.TFormCommunity.PageControlMedicineChange
 0001:00002524       Unit_CommunitySetup.TFormCommunity.PageControlMedicineChanging
 0001:00002528       Unit_CommunitySetup.TFormCommunity.SpeedButtonEduClick
 0002:000002D8       Unit_CommunitySetup.Unit_CommunitySetup
 0001:000016B8       Unit_CommunitySetup.UpdateCommunitySetup
 0001:000008B8       Unit_Message.Finalization
 0002:000002D0       Unit_Message.Unit_Message
 0001:00000618       UxTheme.Finalization
 0002:000001A0       UxTheme.UxTheme
 0001:00000368       Variants.@VarClr
 0001:00000390       Variants.@VarCmpGT
 0001:00000388       Variants.@VarCmpNE
 0001:00000378       Variants.@VarFromInt
 0001:00000370       Variants.@VarToInteger
 0001:00000398       Variants.Finalization
 0001:00000380       Variants.Null
 0002:00000068       Variants.Variants
 0001:000003A0       VarUtils.Finalization
 0002:00000070       VarUtils.VarUtils
 0001:00000458       WideStrings.Finalization
 0002:00000110       WideStrings.WideStrings
 0004:0000000C       Windows..2
 0001:00000308       Windows.Finalization
 0001:000002BC       Windows.FreeLibrary
 0001:000002C4       Windows.GetVersionEx
 0004:00000010       Windows.HtmlHelpModule
 0001:000002CC       Windows.InitVersionInfo
 0003:00000030       Windows.Win32MajorVersion
 0003:00000034       Windows.Win32MinorVersion
 0003:00000038       Windows.Win32Platform
 0002:00000038       Windows.Windows


  Address             Publics by Value

 0001:00000000       System.TObject.NewInstance
 0001:00000008       System.TObject.FreeInstance
 0001:00000010       System.TObject.Equals
 0001:00000018       System.TObject.GetHashCode
 0001:00000020       System.TObject.ToString
 0001:00000028       System.TObject.Dispatch
 0001:00000030       System.@HandleAnyException
 0001:00000038       System.@HandleFinally
 0001:00000040       System.@DoneExcept
 0001:00000048       System.@PackageLoad
 0001:00000050       System.@PackageUnload
 0001:00000058       System.@RunError
 0001:00000060       System.@UStrClr
 0001:00000068       System.@UStrArrayClr
 0001:00000070       System.@UStrLAsg
 0001:00000078       System.@UStrCatN
 0001:00000080       System.@UStrEqual
 0001:00000088       System.RegisterModule
 0001:00000090       System.UnregisterModule
 0001:00000098       System.Finalization
 0001:000000A0       SysInit.FreeLibrary
 0001:000000A8       SysInit.LocalAlloc
 0001:000000B0       SysInit.LocalFree
 0001:000000B8       SysInit.TlsAlloc
 0001:000000C0       SysInit.TlsFree
 0001:000000C8       SysInit.TlsGetValue
 0001:000000D0       SysInit.TlsSetValue
 0001:000000D8       SysInit.AllocTlsBuffer
 0001:000000E4       SysInit.GetTlsSize
 0001:000000EC       SysInit.InitThreadTLS
 0001:00000130       SysInit.InitProcessTLS
 0001:0000015C       SysInit.ExitThreadTLS
 0001:00000194       SysInit.ExitProcessTLS
 0001:000001B8       SysInit.InitializeModule
 0001:000001C4       SysInit.UninitializeModule
 0001:000001E8       SysInit.@InitPkg
 0001:0000024C       SysInit.@PackageLoad
 0001:00000258       SysInit.@PackageUnload
 0001:00000264       OraCall.Finalization
 0001:0000026C       MemUtils.Finalization
 0001:00000274       SysUtils.Trim
 0001:0000027C       SysUtils.IntToStr
 0001:00000284       SysUtils.StrToInt
 0001:0000028C       SysUtils.FloatToStr
 0001:00000294       SysUtils.Exception.Destroy@
 0001:0000029C       SysUtils.StringReplace
 0001:000002A4       SysUtils.TLanguages.Destroy@
 0001:000002AC       SysUtils.TEncoding.Destroy@
 0001:000002B4       SysUtils.Finalization
 0001:000002BC       Windows.FreeLibrary
 0001:000002C4       Windows.GetVersionEx
 0001:000002CC       Windows.InitVersionInfo
 0001:00000308       Windows.Finalization
 0001:00000328       Classes.TPersistent.Assign
 0001:00000330       Classes.TThread.Destroy@
 0001:00000338       Classes.TComponent.WriteState
 0001:00000340       Classes.TComponent.UpdateAction
 0001:00000348       Classes.TComponent.SafeCallException
 0001:00000350       Classes.TComponent.UpdateRegistry
 0001:00000358       Classes.Finalization
 0001:00000360       TypInfo.Finalization
 0001:00000368       Variants.@VarClr
 0001:00000370       Variants.@VarToInteger
 0001:00000378       Variants.@VarFromInt
 0001:00000380       Variants.Null
 0001:00000388       Variants.@VarCmpNE
 0001:00000390       Variants.@VarCmpGT
 0001:00000398       Variants.Finalization
 0001:000003A0       VarUtils.Finalization
 0001:000003A8       CLRClasses.Finalization
 0001:000003B0       MTSCall.Finalization
 0001:000003B8       Registry.Finalization
 0001:000003C0       IniFiles.Finalization
 0001:000003C8       IOUtils.TPath.Destroy@
 0001:000003D0       IOUtils.Finalization
 0001:000003D8       DBAccess.Finalization
 0001:000003E0       CRParser.Finalization
 0001:000003E8       MemData.Finalization
 0001:000003F0       AnsiStrings.Finalization
 0001:000003F8       SqlTimSt.Finalization
 0001:00000400       FMTBcd.Finalization
 0001:00000408       SyncObjs.Finalization
 0001:00000410       TimeSpan.TTimeSpan.Destroy@
 0001:00000418       DASQLMonitor.Finalization
 0001:00000420       CRVioTcp.Finalization
 0001:00000428       DBMonitorClient.Finalization
 0001:00000430       CRXml.Finalization
 0001:00000438       DB.TDataSet.Open
 0001:00000440       DB.TDataSet.Close
 0001:00000448       DB.TDataSet.FieldByName
 0001:00000450       DB.Finalization
 0001:00000458       WideStrings.Finalization
 0001:00000460       ComObj.Finalization
 0001:00000468       OraSmart.Finalization
 0001:00000470       OraParser.Finalization
 0001:00000478       OraClasses.Finalization
 0001:00000480       OraObjects.Finalization
 0001:00000488       OraNet.Finalization
 0001:00000490       OraAlerter.Finalization
 0001:00000498       Ora.TOraDataSet.SetSession
 0001:000004A0       Ora.Finalization
 0001:000004A8       OraConnectionPool.Finalization
 0001:000004B0       OraSQLMonitor.Finalization
 0001:000004B8       DBTables.Finalization
 0001:000004C0       ComCtrls.TPageControl.GetPage
 0001:000004C8       ComCtrls.TPageControl.GetActivePageIndex
 0001:000004D0       ComCtrls.TPageControl.SetActivePageIndex
 0001:000004D8       ComCtrls.Finalization
 0001:000004E0       ActnList.Finalization
 0001:000004E8       Graphics.Finalization
 0001:000004F0       Themes.Finalization
 0001:000004F8       Controls.TControl.GetDragImages
 0001:00000500       Controls.TControl.GetEnabled
 0001:00000508       Controls.TControl.GetAction
 0001:00000510       Controls.TControl.SetDragMode
 0001:00000518       Controls.TControl.SetAutoSize
 0001:00000520       Controls.TControl.SetName
 0001:00000528       Controls.TControl.SetEnabled
 0001:00000530       Controls.TControl.GetText
 0001:00000538       Controls.TControl.SetText
 0001:00000540       Controls.TControl.SetBiDiMode
 0001:00000548       Controls.TControl.SetColor
 0001:00000550       Controls.TControl.CreateTouchManager
 0001:00000558       Controls.TControl.GetFloatingDockSiteClass
 0001:00000560       Controls.TControl.InitiateAction
 0001:00000568       Controls.TWinControl.DestroyWnd
 0001:00000570       Controls.TWinControl.CreateHandle
 0001:00000578       Controls.TWinControl.CustomAlignInsertBefore
 0001:00000580       Controls.TWinControl.CustomAlignPosition
 0001:00000588       Controls.TWinControl.SetParentDoubleBuffered
 0001:00000590       Controls.TWinControl.SetBounds
 0001:00000598       Controls.TWinControl.ShowControl
 0001:000005A0       Controls.TWinControl.GetDeviceContext
 0001:000005A8       Controls.TWinControl.Invalidate
 0001:000005B0       Controls.TWinControl.Update
 0001:000005B8       Controls.TWinControl.Repaint
 0001:000005C0       Controls.TWinControl.GetControlExtents
 0001:000005C8       Controls.TWinControl.GetClientOrigin
 0001:000005D0       Controls.TWinControl.CanResize
 0001:000005D8       Controls.TWinControl.ConstrainedResize
 0001:000005E0       Controls.TWinControl.AssignTo
 0001:000005E8       Controls.TWinControl.CanAutoSize
 0001:000005F0       Controls.TWinControl.SetParentBackground
 0001:000005F8       Controls.TWinControl.DockReplaceDockClient
 0001:00000600       Controls.TWinControl.UpdateControlOriginalParentSize
 0001:00000608       Controls.Finalization
 0001:00000610       Menus.Finalization
 0001:00000618       UxTheme.Finalization
 0001:00000620       MultiMon.Finalization
 0001:00000628       Forms.TScrollingWinControl.AutoScrollEnabled
 0001:00000630       Forms.TScrollingWinControl.DoGesture
 0001:00000638       Forms.TScrollingWinControl.DoGetGestureOptions
 0001:00000640       Forms.TScrollingWinControl.AutoScrollInView
 0001:00000648       Forms.TScrollingWinControl.AdjustClientRect
 0001:00000650       Forms.TCustomForm.Create
 0001:00000658       Forms.TCustomForm.AfterConstruction
 0001:00000660       Forms.TCustomForm.CreateNew
 0001:00000668       Forms.TCustomForm.BeforeDestruction
 0001:00000670       Forms.TCustomForm.Destroy
 0001:00000678       Forms.TCustomForm.DoCreate
 0001:00000680       Forms.TCustomForm.DoDestroy
 0001:00000688       Forms.TCustomForm.Loaded
 0001:00000690       Forms.TCustomForm.Notification
 0001:00000698       Forms.TCustomForm.ReadState
 0001:000006A0       Forms.TCustomForm.DefineProperties
 0001:000006A8       Forms.TCustomForm.GetClientRect
 0001:000006B0       Forms.TCustomForm.GetFloating
 0001:000006B8       Forms.TCustomForm.SetParentBiDiMode
 0001:000006C0       Forms.TCustomForm.WantChildKey
 0001:000006C8       Forms.TCustomForm.SetParent
 0001:000006D0       Forms.TCustomForm.ValidateRename
 0001:000006D8       Forms.TCustomForm.WndProc
 0001:000006E0       Forms.TCustomForm.AlignControls
 0001:000006E8       Forms.TCustomForm.CreateParams
 0001:000006F0       Forms.TCustomForm.CreateWnd
 0001:000006F8       Forms.TCustomForm.CreateWindowHandle
 0001:00000700       Forms.TCustomForm.DestroyHandle
 0001:00000708       Forms.TCustomForm.DestroyWindowHandle
 0001:00000710       Forms.TCustomForm.DefaultHandler
 0001:00000718       Forms.TCustomForm.SetFocusedControl
 0001:00000720       Forms.TCustomForm.PaintWindow
 0001:00000728       Forms.TCustomForm.Resizing
 0001:00000730       Forms.TCustomForm.Close
 0001:00000738       Forms.TCustomForm.CloseQuery
 0001:00000740       Forms.TCustomForm.SetFocus
 0001:00000748       Forms.TCustomForm.ShowModal
 0001:00000750       Forms.TCustomForm.UpdateActions
 0001:00000758       Forms.TCustomForm.RequestAlign
 0001:00000760       Forms.TCustomForm.QueryInterface
 0001:00000768       Forms.Finalization
 0001:00000770       HelpIntfs.Finalization
 0001:00000778       Dialogs.MessageDlg
 0001:00000780       Dialogs.Finalization
 0001:00000788       GraphUtil.Finalization
 0001:00000790       StdCtrls.TCustomEdit.SetReadOnly
 0001:00000798       ExtCtrls.Finalization
 0001:000007A0       Printers.Finalization
 0001:000007A8       Clipbrd.Finalization
 0001:000007B0       FlatSB.Finalization
 0001:000007B8       DBCtrls.TDBLookupControl.SetKeyValue
 0001:000007C0       DBCtrls.Finalization
 0001:000007C8       Buttons.Finalization
 0001:000007D0       DBPWDlg.Finalization
 0001:000007D8       DBLogDlg.Finalization
 0001:000007E0       OleServer.Finalization
 0001:000007E8       OleCtrls.Finalization
 0001:000007F0       AxCtrls.Finalization
 0001:000007F8       jpeg.Finalization
 0001:00000800       ServerDate.Finalization
 0001:00000808       QRCtrls.Finalization
 0001:00000810       QRExpr.Finalization
 0001:00000818       QuickRpt.Finalization
 0001:00000820       OleCtnrs.Finalization
 0001:00000828       QRExtra.Finalization
 0001:00000830       QRPrntr.Finalization
 0001:00000838       QRPDFFilt.Finalization
 0001:00000840       pdfconst.Finalization
 0001:00000848       QRExport.Finalization
 0001:00000850       QRWebFilt.Finalization
 0001:00000858       QRPrev.Finalization
 0001:00000860       QRXMLSFilt.Finalization
 0001:00000868       QRPrnSu.Finalization
 0001:00000870       Fxn.ClearAll
 0001:00000878       Fxn.ShowDoneMessage
 0001:00000880       Fxn.MsgBox
 0001:00000888       Fxn.Finalization
 0001:00000890       ADODB.Finalization
 0001:00000898       TeCanvas.Finalization
 0001:000008A0       TeeConst.Finalization
 0001:000008A8       TeeHtml.Finalization
 0001:000008B0       CheckLst.Finalization
 0001:000008B8       Unit_Message.Finalization
 0001:000008C0       Unit_CommunitySetup..TFormCommunity
 0001:000016B0       Unit_CommunitySetup.SaveCommunitySetup
 0001:000016B8       Unit_CommunitySetup.UpdateCommunitySetup
 0001:000016C0       Unit_CommunitySetup.TFormCommunity.BitBtnCancelClick
 0001:00001744       Unit_CommunitySetup.TFormCommunity.BitBtnSaveClick
 0001:00001B38       Unit_CommunitySetup.TFormCommunity.BtnNewClick
 0001:00001CAC       Unit_CommunitySetup.TFormCommunity.Button1Click
 0001:00001CB0       Unit_CommunitySetup.TFormCommunity.DBGrid1DblClick
 0001:00002090       Unit_CommunitySetup.TFormCommunity.DBLookupComboBox_SchemeClick
 0001:000022D8       Unit_CommunitySetup.TFormCommunity.EditSearchChange
 0001:000024A4       Unit_CommunitySetup.TFormCommunity.FormKeyDown
 0001:000024B8       Unit_CommunitySetup.TFormCommunity.FormShow
 0001:000024F0       Unit_CommunitySetup.TFormCommunity.PageControlMedicineChange
 0001:00002524       Unit_CommunitySetup.TFormCommunity.PageControlMedicineChanging
 0001:00002528       Unit_CommunitySetup.TFormCommunity.SpeedButtonEduClick
 0001:0000252C       Unit_CommunitySetup.Finalization
 0001:00002B9C       .CommunitySetup.@GetPackageInfoTable
 0001:00002BA4       .CommunitySetup.@PackageLoad
 0001:00002BB0       .CommunitySetup.@PackageUnload
 0002:00000000       System.System
 0002:00000008       OraCall.OraCall
 0002:00000010       MemUtils.MemUtils
 0002:00000018       SysUtils.TLanguages.Create@
 0002:00000020       SysUtils.TEncoding.Create@
 0002:00000028       SysUtils.Exception.Create@
 0002:00000030       SysUtils.SysUtils
 0002:00000038       Windows.Windows
 0002:00000050       Classes.TThread.Create@
 0002:00000058       Classes.Classes
 0002:00000060       TypInfo.TypInfo
 0002:00000068       Variants.Variants
 0002:00000070       VarUtils.VarUtils
 0002:00000078       CLRClasses.CLRClasses
 0002:00000080       MTSCall.MTSCall
 0002:00000088       Registry.Registry
 0002:00000090       IniFiles.IniFiles
 0002:00000098       IOUtils.TPath.Create@
 0002:000000A0       IOUtils.IOUtils
 0002:000000A8       DBAccess.DBAccess
 0002:000000B0       CRParser.CRParser
 0002:000000B8       MemData.MemData
 0002:000000C0       AnsiStrings.AnsiStrings
 0002:000000C8       SqlTimSt.SqlTimSt
 0002:000000D0       FMTBcd.FMTBcd
 0002:000000D8       SyncObjs.SyncObjs
 0002:000000E0       TimeSpan.TTimeSpan.Create@
 0002:000000E8       DASQLMonitor.DASQLMonitor
 0002:000000F0       CRVioTcp.CRVioTcp
 0002:000000F8       DBMonitorClient.DBMonitorClient
 0002:00000100       CRXml.CRXml
 0002:00000108       DB.DB
 0002:00000110       WideStrings.WideStrings
 0002:00000118       ComObj.ComObj
 0002:00000120       OraSmart.OraSmart
 0002:00000128       OraParser.OraParser
 0002:00000130       OraClasses.OraClasses
 0002:00000138       OraObjects.OraObjects
 0002:00000140       OraNet.OraNet
 0002:00000148       OraAlerter.OraAlerter
 0002:00000150       Ora.Ora
 0002:00000158       OraConnectionPool.OraConnectionPool
 0002:00000160       OraSQLMonitor.OraSQLMonitor
 0002:00000168       DBTables.DBTables
 0002:00000170       ComCtrls.ComCtrls
 0002:00000178       ActnList.ActnList
 0002:00000180       Graphics.Graphics
 0002:00000188       Themes.Themes
 0002:00000190       Controls.Controls
 0002:00000198       Menus.Menus
 0002:000001A0       UxTheme.UxTheme
 0002:000001A8       MultiMon.MultiMon
 0002:000001B0       Forms.Forms
 0002:000001B8       HelpIntfs.HelpIntfs
 0002:000001C0       Dialogs.Dialogs
 0002:000001C8       GraphUtil.GraphUtil
 0002:000001D0       ExtCtrls.ExtCtrls
 0002:000001D8       Printers.Printers
 0002:000001E0       Clipbrd.Clipbrd
 0002:000001E8       FlatSB.FlatSB
 0002:000001F0       DBCtrls.DBCtrls
 0002:000001F8       Buttons.Buttons
 0002:00000200       DBPWDlg.DBPWDlg
 0002:00000208       DBLogDlg.DBLogDlg
 0002:00000210       OleServer.OleServer
 0002:00000218       OleCtrls.OleCtrls
 0002:00000220       AxCtrls.AxCtrls
 0002:00000228       jpeg.jpeg
 0002:00000230       ServerDate.ServerDate
 0002:00000238       QRCtrls.QRCtrls
 0002:00000240       QRExpr.QRExpr
 0002:00000248       QuickRpt.QuickRpt
 0002:00000250       OleCtnrs.OleCtnrs
 0002:00000258       QRExtra.QRExtra
 0002:00000260       QRPrntr.QRPrntr
 0002:00000268       QRPDFFilt.QRPDFFilt
 0002:00000270       pdfconst.pdfconst
 0002:00000278       QRExport.QRExport
 0002:00000280       QRWebFilt.QRWebFilt
 0002:00000288       QRPrev.QRPrev
 0002:00000290       QRXMLSFilt.QRXMLSFilt
 0002:00000298       QRPrnSu.QRPrnSu
 0002:000002A0       Fxn.Fxn
 0002:000002A8       ADODB.ADODB
 0002:000002B0       TeCanvas.TeCanvas
 0002:000002B8       TeeConst.TeeConst
 0002:000002C0       TeeHtml.TeeHtml
 0002:000002C8       CheckLst.CheckLst
 0002:000002D0       Unit_Message.Unit_Message
 0002:000002D8       Unit_CommunitySetup.Unit_CommunitySetup
 0002:000002E0       .CommunitySetup..CommunitySetup
 0003:00000000       SysInit.TlsIndex
 0003:00000004       SysInit.Module
 0003:00000020       SysInit.TlsProc
 0003:00000030       Windows.Win32MajorVersion
 0003:00000034       Windows.Win32MinorVersion
 0003:00000038       Windows.Win32Platform
 0004:00000000       SysInit.ModuleIsLib
 0004:00000001       SysInit.ModuleIsPackage
 0004:00000004       SysInit.HInstance
 0004:00000008       SysInit.tlsBuffer
 0004:0000000C       Windows..2
 0004:00000010       Windows.HtmlHelpModule
 0004:00000014       Unit_CommunitySetup.FormCommunity
 0004:00000018       Unit_CommunitySetup..2
 0005:00000000       SysInit.TlsLast


Line numbers for Unit_CommunitySetup(Unit_CommunitySetup.pas) segment .text

    83 0001:000016B0    85 0001:000016B8    89 0001:000016C0    90 0001:000016C3
    91 0001:000016D2    95 0001:000016DB    96 0001:000016E8    97 0001:000016F6
    98 0001:00001703    99 0001:00001710   100 0001:0000171B   101 0001:00001726
   102 0001:00001733   104 0001:00001740   110 0001:00001744   111 0001:00001767
   113 0001:00001786   114 0001:0000179B   115 0001:000017A9   117 0001:000017AE
   119 0001:000017CD   120 0001:000017E2   121 0001:000017F0   123 0001:000017F5
   124 0001:00001803   125 0001:0000182F   126 0001:0000185B   127 0001:00001887
   128 0001:00001895   129 0001:000018B6   131 0001:000018CA   132 0001:000018CC
   133 0001:000018D5   135 0001:000018ED   136 0001:000018FF   138 0001:0000190E
   140 0001:0000191B   141 0001:00001929   142 0001:00001932   144 0001:00001953
   147 0001:00001985   148 0001:00001997   151 0001:000019A3   153 0001:000019A8
   154 0001:000019BD   155 0001:000019C4   156 0001:000019D1   157 0001:000019DC
   158 0001:000019F1   159 0001:000019FC   162 0001:00001B38   169 0001:00001B52
   170 0001:00001B62   171 0001:00001B6F   172 0001:00001B7C   173 0001:00001B8C
   174 0001:00001B9A   175 0001:00001BA7   176 0001:00001BB4   177 0001:00001BC1
   178 0001:00001BCE   179 0001:00001BDB   180 0001:00001BF1   181 0001:00001C01
   182 0001:00001C11   183 0001:00001C21   184 0001:00001C31   185 0001:00001C3E
   186 0001:00001C4B   187 0001:00001C52   188 0001:00001C5D   190 0001:00001C68
   195 0001:00001CAC   198 0001:00001CB0   199 0001:00001CD1   201 0001:00001CD8
   203 0001:00001CF1   204 0001:00001D06   205 0001:00001D14   208 0001:00001D19
   209 0001:00001D29   211 0001:00001D44   213 0001:00001D6D   214 0001:00001D93
   215 0001:00001DA0   219 0001:00001DB2   220 0001:00001DBF   223 0001:00001DCF
   224 0001:00001DF5   225 0001:00001E1B   226 0001:00001E41   227 0001:00001E67
   231 0001:00001E92   232 0001:00001EB9   234 0001:00001ECB   236 0001:00001EDB
   237 0001:00001EE8   238 0001:00001EF5   241 0001:00002090   242 0001:000020AF
   244 0001:000020D0   246 0001:000020D6   247 0001:00002104   248 0001:00002126
   249 0001:00002154   254 0001:00002178   255 0001:00002188   256 0001:00002198
   257 0001:000021A8   259 0001:000021B8   262 0001:000022D8   263 0001:000022F6
   264 0001:0000232E   266 0001:00002334   268 0001:00002353   270 0001:000023B2
   273 0001:000023C0   275 0001:000023CC   278 0001:000024A4   279 0001:000024A7
   280 0001:000024AD   281 0001:000024B2   284 0001:000024B8   285 0001:000024BB
   286 0001:000024C8   287 0001:000024D6   288 0001:000024E1   289 0001:000024EC
   292 0001:000024F0   293 0001:000024F3   294 0001:00002502   296 0001:00002514
   297 0001:00002521   326 0001:00002524   342 0001:00002528

Line numbers for Unit_CommunitySetup(Unit_CommunitySetup.pas) segment .itext

   344 0002:000002D8

Line numbers for .CommunitySetup(CommunitySetup.dpk) segment .itext

    36 0002:000002E0

Bound resource files

Unit_CommunitySetup.dfm
CommunitySetup.res
CommunitySetup.drf


Program entry point at 0002:000002E0
