
 Start         Length     Name                   Class
 0001:00401000 000024ACH .text                   CODE
 0002:00404000 000002E8H .itext                  ICODE
 0003:00405000 00000040H .data                   DATA
 0004:00406000 0000001CH .bss                    BSS
 0005:00000000 00000000H .tls                    TLS


Detailed map of segments

 0001:00000000 000000A6 C=CODE     S=.text    G=(none)   M=System   ACBP=A9
 0001:000000A8 000001C3 C=CODE     S=.text    G=(none)   M=SysInit  ACBP=A9
 0001:0000026C 00000006 C=CODE     S=.text    G=(none)   M=Buttons  ACBP=A9
 0001:00000274 00000006 C=CODE     S=.text    G=(none)   M=Menus    ACBP=A9
 0001:0000027C 00000006 C=CODE     S=.text    G=(none)   M=ActnList ACBP=A9
 0001:00000284 00000036 C=CODE     S=.text    G=(none)   M=Classes  ACBP=A9
 0001:000002BC 00000071 C=CODE     S=.text    G=(none)   M=Windows  ACBP=A9
 0001:00000330 00000006 C=CODE     S=.text    G=(none)   M=TypInfo  ACBP=A9
 0001:00000338 0000002E C=CODE     S=.text    G=(none)   M=SysUtils ACBP=A9
 0001:00000368 00000006 C=CODE     S=.text    G=(none)   M=Variants ACBP=A9
 0001:00000370 00000006 C=CODE     S=.text    G=(none)   M=VarUtils ACBP=A9
 0001:00000378 00000006 C=CODE     S=.text    G=(none)   M=Graphics ACBP=A9
 0001:00000380 00000006 C=CODE     S=.text    G=(none)   M=Registry ACBP=A9
 0001:00000388 00000006 C=CODE     S=.text    G=(none)   M=IniFiles ACBP=A9
 0001:00000390 0000000E C=CODE     S=.text    G=(none)   M=IOUtils  ACBP=A9
 0001:000003A0 00000006 C=CODE     S=.text    G=(none)   M=Themes   ACBP=A9
 0001:000003A8 0000010E C=CODE     S=.text    G=(none)   M=Controls ACBP=A9
 0001:000004B8 00000006 C=CODE     S=.text    G=(none)   M=SyncObjs ACBP=A9
 0001:000004C0 00000006 C=CODE     S=.text    G=(none)   M=TimeSpan ACBP=A9
 0001:000004C8 00000006 C=CODE     S=.text    G=(none)   M=UxTheme  ACBP=A9
 0001:000004D0 00000006 C=CODE     S=.text    G=(none)   M=MultiMon ACBP=A9
 0001:000004D8 0000014E C=CODE     S=.text    G=(none)   M=Forms    ACBP=A9
 0001:00000628 00000006 C=CODE     S=.text    G=(none)   M=HelpIntfs ACBP=A9
 0001:00000630 00000006 C=CODE     S=.text    G=(none)   M=Dialogs  ACBP=A9
 0001:00000638 0000001E C=CODE     S=.text    G=(none)   M=ComCtrls ACBP=A9
 0001:00000658 00000006 C=CODE     S=.text    G=(none)   M=GraphUtil ACBP=A9
 0001:00000660 00000006 C=CODE     S=.text    G=(none)   M=StdCtrls ACBP=A9
 0001:00000668 00000006 C=CODE     S=.text    G=(none)   M=ExtCtrls ACBP=A9
 0001:00000670 00000006 C=CODE     S=.text    G=(none)   M=Printers ACBP=A9
 0001:00000678 00000006 C=CODE     S=.text    G=(none)   M=Clipbrd  ACBP=A9
 0001:00000680 00000006 C=CODE     S=.text    G=(none)   M=FlatSB   ACBP=A9
 0001:00000688 00000006 C=CODE     S=.text    G=(none)   M=DBCtrls  ACBP=A9
 0001:00000690 0000001E C=CODE     S=.text    G=(none)   M=DB       ACBP=A9
 0001:000006B0 00000006 C=CODE     S=.text    G=(none)   M=WideStrings ACBP=A9
 0001:000006B8 00000006 C=CODE     S=.text    G=(none)   M=FMTBcd   ACBP=A9
 0001:000006C0 00000006 C=CODE     S=.text    G=(none)   M=SqlTimSt ACBP=A9
 0001:000006C8 00000006 C=CODE     S=.text    G=(none)   M=ComObj   ACBP=A9
 0001:000006D0 00000006 C=CODE     S=.text    G=(none)   M=DBPWDlg  ACBP=A9
 0001:000006D8 00000006 C=CODE     S=.text    G=(none)   M=DBLogDlg ACBP=A9
 0001:000006E0 00000006 C=CODE     S=.text    G=(none)   M=OraCall  ACBP=A9
 0001:000006E8 00000006 C=CODE     S=.text    G=(none)   M=MemUtils ACBP=A9
 0001:000006F0 00000006 C=CODE     S=.text    G=(none)   M=CLRClasses ACBP=A9
 0001:000006F8 00000006 C=CODE     S=.text    G=(none)   M=MTSCall  ACBP=A9
 0001:00000700 00000006 C=CODE     S=.text    G=(none)   M=DBAccess ACBP=A9
 0001:00000708 00000006 C=CODE     S=.text    G=(none)   M=CRParser ACBP=A9
 0001:00000710 00000006 C=CODE     S=.text    G=(none)   M=MemData  ACBP=A9
 0001:00000718 00000006 C=CODE     S=.text    G=(none)   M=AnsiStrings ACBP=A9
 0001:00000720 00000006 C=CODE     S=.text    G=(none)   M=DASQLMonitor ACBP=A9
 0001:00000728 00000006 C=CODE     S=.text    G=(none)   M=CRVioTcp ACBP=A9
 0001:00000730 00000006 C=CODE     S=.text    G=(none)   M=DBMonitorClient ACBP=A9
 0001:00000738 00000006 C=CODE     S=.text    G=(none)   M=CRXml    ACBP=A9
 0001:00000740 00000006 C=CODE     S=.text    G=(none)   M=OraSmart ACBP=A9
 0001:00000748 00000006 C=CODE     S=.text    G=(none)   M=OraParser ACBP=A9
 0001:00000750 00000006 C=CODE     S=.text    G=(none)   M=OraClasses ACBP=A9
 0001:00000758 00000006 C=CODE     S=.text    G=(none)   M=OraObjects ACBP=A9
 0001:00000760 00000006 C=CODE     S=.text    G=(none)   M=OraNet   ACBP=A9
 0001:00000768 00000006 C=CODE     S=.text    G=(none)   M=OraAlerter ACBP=A9
 0001:00000770 0000000E C=CODE     S=.text    G=(none)   M=Ora      ACBP=A9
 0001:00000780 00000006 C=CODE     S=.text    G=(none)   M=OraConnectionPool ACBP=A9
 0001:00000788 00000006 C=CODE     S=.text    G=(none)   M=OraSQLMonitor ACBP=A9
 0001:00000790 00000006 C=CODE     S=.text    G=(none)   M=DBTables ACBP=A9
 0001:00000798 00000006 C=CODE     S=.text    G=(none)   M=OleServer ACBP=A9
 0001:000007A0 00000006 C=CODE     S=.text    G=(none)   M=OleCtrls ACBP=A9
 0001:000007A8 00000006 C=CODE     S=.text    G=(none)   M=AxCtrls  ACBP=A9
 0001:000007B0 00000006 C=CODE     S=.text    G=(none)   M=jpeg     ACBP=A9
 0001:000007B8 00000016 C=CODE     S=.text    G=(none)   M=ServerDate ACBP=A9
 0001:000007D0 00000006 C=CODE     S=.text    G=(none)   M=QRCtrls  ACBP=A9
 0001:000007D8 00000006 C=CODE     S=.text    G=(none)   M=QRExpr   ACBP=A9
 0001:000007E0 00000006 C=CODE     S=.text    G=(none)   M=QuickRpt ACBP=A9
 0001:000007E8 00000006 C=CODE     S=.text    G=(none)   M=OleCtnrs ACBP=A9
 0001:000007F0 00000006 C=CODE     S=.text    G=(none)   M=QRExtra  ACBP=A9
 0001:000007F8 00000006 C=CODE     S=.text    G=(none)   M=QRPrntr  ACBP=A9
 0001:00000800 00000006 C=CODE     S=.text    G=(none)   M=QRPDFFilt ACBP=A9
 0001:00000808 00000006 C=CODE     S=.text    G=(none)   M=pdfconst ACBP=A9
 0001:00000810 00000006 C=CODE     S=.text    G=(none)   M=QRExport ACBP=A9
 0001:00000818 00000006 C=CODE     S=.text    G=(none)   M=QRWebFilt ACBP=A9
 0001:00000820 00000006 C=CODE     S=.text    G=(none)   M=QRPrev   ACBP=A9
 0001:00000828 00000006 C=CODE     S=.text    G=(none)   M=QRXMLSFilt ACBP=A9
 0001:00000830 00000006 C=CODE     S=.text    G=(none)   M=QRPrnSu  ACBP=A9
 0001:00000838 0000001E C=CODE     S=.text    G=(none)   M=Fxn      ACBP=A9
 0001:00000858 00000006 C=CODE     S=.text    G=(none)   M=ADODB    ACBP=A9
 0001:00000860 00000006 C=CODE     S=.text    G=(none)   M=TeCanvas ACBP=A9
 0001:00000868 00000006 C=CODE     S=.text    G=(none)   M=TeeConst ACBP=A9
 0001:00000870 00000006 C=CODE     S=.text    G=(none)   M=TeeHtml  ACBP=A9
 0001:00000878 00000006 C=CODE     S=.text    G=(none)   M=CheckLst ACBP=A9
 0001:00000880 00000006 C=CODE     S=.text    G=(none)   M=Unit_Message ACBP=A9
 0001:00000888 00000006 C=CODE     S=.text    G=(none)   M=DBGridExportToExcel ACBP=A9
 0001:00000890 00001573 C=CODE     S=.text    G=(none)   M=Unit_CommentSetup ACBP=A9
 0001:00001E04 000006A7 C=CODE     S=.text    G=(none)   M=.CommentSetup ACBP=A9
 0002:00000000 00000006 C=ICODE    S=.itext   G=(none)   M=System   ACBP=A9
 0002:00000008 00000006 C=ICODE    S=.itext   G=(none)   M=Buttons  ACBP=A9
 0002:00000010 00000006 C=ICODE    S=.itext   G=(none)   M=Menus    ACBP=A9
 0002:00000018 00000006 C=ICODE    S=.itext   G=(none)   M=ActnList ACBP=A9
 0002:00000020 0000000E C=ICODE    S=.itext   G=(none)   M=Classes  ACBP=A9
 0002:00000030 00000016 C=ICODE    S=.itext   G=(none)   M=Windows  ACBP=A9
 0002:00000048 00000006 C=ICODE    S=.itext   G=(none)   M=TypInfo  ACBP=A9
 0002:00000050 0000001E C=ICODE    S=.itext   G=(none)   M=SysUtils ACBP=A9
 0002:00000070 00000006 C=ICODE    S=.itext   G=(none)   M=Variants ACBP=A9
 0002:00000078 00000006 C=ICODE    S=.itext   G=(none)   M=VarUtils ACBP=A9
 0002:00000080 00000006 C=ICODE    S=.itext   G=(none)   M=Graphics ACBP=A9
 0002:00000088 00000006 C=ICODE    S=.itext   G=(none)   M=Registry ACBP=A9
 0002:00000090 00000006 C=ICODE    S=.itext   G=(none)   M=IniFiles ACBP=A9
 0002:00000098 0000000E C=ICODE    S=.itext   G=(none)   M=IOUtils  ACBP=A9
 0002:000000A8 00000006 C=ICODE    S=.itext   G=(none)   M=Themes   ACBP=A9
 0002:000000B0 00000006 C=ICODE    S=.itext   G=(none)   M=Controls ACBP=A9
 0002:000000B8 00000006 C=ICODE    S=.itext   G=(none)   M=SyncObjs ACBP=A9
 0002:000000C0 00000006 C=ICODE    S=.itext   G=(none)   M=TimeSpan ACBP=A9
 0002:000000C8 00000006 C=ICODE    S=.itext   G=(none)   M=UxTheme  ACBP=A9
 0002:000000D0 00000006 C=ICODE    S=.itext   G=(none)   M=MultiMon ACBP=A9
 0002:000000D8 00000006 C=ICODE    S=.itext   G=(none)   M=Forms    ACBP=A9
 0002:000000E0 00000006 C=ICODE    S=.itext   G=(none)   M=HelpIntfs ACBP=A9
 0002:000000E8 00000006 C=ICODE    S=.itext   G=(none)   M=Dialogs  ACBP=A9
 0002:000000F0 00000006 C=ICODE    S=.itext   G=(none)   M=ComCtrls ACBP=A9
 0002:000000F8 00000006 C=ICODE    S=.itext   G=(none)   M=GraphUtil ACBP=A9
 0002:00000100 00000006 C=ICODE    S=.itext   G=(none)   M=ExtCtrls ACBP=A9
 0002:00000108 00000006 C=ICODE    S=.itext   G=(none)   M=Printers ACBP=A9
 0002:00000110 00000006 C=ICODE    S=.itext   G=(none)   M=Clipbrd  ACBP=A9
 0002:00000118 00000006 C=ICODE    S=.itext   G=(none)   M=FlatSB   ACBP=A9
 0002:00000120 00000006 C=ICODE    S=.itext   G=(none)   M=DBCtrls  ACBP=A9
 0002:00000128 00000006 C=ICODE    S=.itext   G=(none)   M=DB       ACBP=A9
 0002:00000130 00000006 C=ICODE    S=.itext   G=(none)   M=WideStrings ACBP=A9
 0002:00000138 00000006 C=ICODE    S=.itext   G=(none)   M=FMTBcd   ACBP=A9
 0002:00000140 00000006 C=ICODE    S=.itext   G=(none)   M=SqlTimSt ACBP=A9
 0002:00000148 00000006 C=ICODE    S=.itext   G=(none)   M=ComObj   ACBP=A9
 0002:00000150 00000006 C=ICODE    S=.itext   G=(none)   M=DBPWDlg  ACBP=A9
 0002:00000158 00000006 C=ICODE    S=.itext   G=(none)   M=DBLogDlg ACBP=A9
 0002:00000160 00000006 C=ICODE    S=.itext   G=(none)   M=OraCall  ACBP=A9
 0002:00000168 00000006 C=ICODE    S=.itext   G=(none)   M=MemUtils ACBP=A9
 0002:00000170 00000006 C=ICODE    S=.itext   G=(none)   M=CLRClasses ACBP=A9
 0002:00000178 00000006 C=ICODE    S=.itext   G=(none)   M=MTSCall  ACBP=A9
 0002:00000180 00000006 C=ICODE    S=.itext   G=(none)   M=DBAccess ACBP=A9
 0002:00000188 00000006 C=ICODE    S=.itext   G=(none)   M=CRParser ACBP=A9
 0002:00000190 00000006 C=ICODE    S=.itext   G=(none)   M=MemData  ACBP=A9
 0002:00000198 00000006 C=ICODE    S=.itext   G=(none)   M=AnsiStrings ACBP=A9
 0002:000001A0 00000006 C=ICODE    S=.itext   G=(none)   M=DASQLMonitor ACBP=A9
 0002:000001A8 00000006 C=ICODE    S=.itext   G=(none)   M=CRVioTcp ACBP=A9
 0002:000001B0 00000006 C=ICODE    S=.itext   G=(none)   M=DBMonitorClient ACBP=A9
 0002:000001B8 00000006 C=ICODE    S=.itext   G=(none)   M=CRXml    ACBP=A9
 0002:000001C0 00000006 C=ICODE    S=.itext   G=(none)   M=OraSmart ACBP=A9
 0002:000001C8 00000006 C=ICODE    S=.itext   G=(none)   M=OraParser ACBP=A9
 0002:000001D0 00000006 C=ICODE    S=.itext   G=(none)   M=OraClasses ACBP=A9
 0002:000001D8 00000006 C=ICODE    S=.itext   G=(none)   M=OraObjects ACBP=A9
 0002:000001E0 00000006 C=ICODE    S=.itext   G=(none)   M=OraNet   ACBP=A9
 0002:000001E8 00000006 C=ICODE    S=.itext   G=(none)   M=OraAlerter ACBP=A9
 0002:000001F0 00000006 C=ICODE    S=.itext   G=(none)   M=Ora      ACBP=A9
 0002:000001F8 00000006 C=ICODE    S=.itext   G=(none)   M=OraConnectionPool ACBP=A9
 0002:00000200 00000006 C=ICODE    S=.itext   G=(none)   M=OraSQLMonitor ACBP=A9
 0002:00000208 00000006 C=ICODE    S=.itext   G=(none)   M=DBTables ACBP=A9
 0002:00000210 00000006 C=ICODE    S=.itext   G=(none)   M=OleServer ACBP=A9
 0002:00000218 00000006 C=ICODE    S=.itext   G=(none)   M=OleCtrls ACBP=A9
 0002:00000220 00000006 C=ICODE    S=.itext   G=(none)   M=AxCtrls  ACBP=A9
 0002:00000228 00000006 C=ICODE    S=.itext   G=(none)   M=jpeg     ACBP=A9
 0002:00000230 00000006 C=ICODE    S=.itext   G=(none)   M=ServerDate ACBP=A9
 0002:00000238 00000006 C=ICODE    S=.itext   G=(none)   M=QRCtrls  ACBP=A9
 0002:00000240 00000006 C=ICODE    S=.itext   G=(none)   M=QRExpr   ACBP=A9
 0002:00000248 00000006 C=ICODE    S=.itext   G=(none)   M=QuickRpt ACBP=A9
 0002:00000250 00000006 C=ICODE    S=.itext   G=(none)   M=OleCtnrs ACBP=A9
 0002:00000258 00000006 C=ICODE    S=.itext   G=(none)   M=QRExtra  ACBP=A9
 0002:00000260 00000006 C=ICODE    S=.itext   G=(none)   M=QRPrntr  ACBP=A9
 0002:00000268 00000006 C=ICODE    S=.itext   G=(none)   M=QRPDFFilt ACBP=A9
 0002:00000270 00000006 C=ICODE    S=.itext   G=(none)   M=pdfconst ACBP=A9
 0002:00000278 00000006 C=ICODE    S=.itext   G=(none)   M=QRExport ACBP=A9
 0002:00000280 00000006 C=ICODE    S=.itext   G=(none)   M=QRWebFilt ACBP=A9
 0002:00000288 00000006 C=ICODE    S=.itext   G=(none)   M=QRPrev   ACBP=A9
 0002:00000290 00000006 C=ICODE    S=.itext   G=(none)   M=QRXMLSFilt ACBP=A9
 0002:00000298 00000006 C=ICODE    S=.itext   G=(none)   M=QRPrnSu  ACBP=A9
 0002:000002A0 00000006 C=ICODE    S=.itext   G=(none)   M=Fxn      ACBP=A9
 0002:000002A8 00000006 C=ICODE    S=.itext   G=(none)   M=ADODB    ACBP=A9
 0002:000002B0 00000006 C=ICODE    S=.itext   G=(none)   M=TeCanvas ACBP=A9
 0002:000002B8 00000006 C=ICODE    S=.itext   G=(none)   M=TeeConst ACBP=A9
 0002:000002C0 00000006 C=ICODE    S=.itext   G=(none)   M=TeeHtml  ACBP=A9
 0002:000002C8 00000006 C=ICODE    S=.itext   G=(none)   M=CheckLst ACBP=A9
 0002:000002D0 00000006 C=ICODE    S=.itext   G=(none)   M=Unit_Message ACBP=A9
 0002:000002D8 00000008 C=ICODE    S=.itext   G=(none)   M=Unit_CommentSetup ACBP=A9
 0002:000002E0 00000005 C=ICODE    S=.itext   G=(none)   M=.CommentSetup ACBP=A9
 0003:00000000 00000030 C=DATA     S=.data    G=DGROUP   M=SysInit  ACBP=A9
 0003:00000030 0000000C C=DATA     S=.data    G=DGROUP   M=Windows  ACBP=A9
 0004:00000000 0000000C C=BSS      S=.bss     G=DGROUP   M=SysInit  ACBP=A9
 0004:0000000C 00000008 C=BSS      S=.bss     G=DGROUP   M=Windows  ACBP=A9
 0004:00000014 00000008 C=BSS      S=.bss     G=DGROUP   M=Unit_CommentSetup ACBP=A9


  Address             Publics by Name

 0002:000002E0       .CommentSetup..CommentSetup
 0001:0000248C       .CommentSetup.@GetPackageInfoTable
 0001:00002494       .CommentSetup.@PackageLoad
 0001:000024A0       .CommentSetup.@PackageUnload
 0002:00000018       ActnList.ActnList
 0001:0000027C       ActnList.Finalization
 0002:000002A8       ADODB.ADODB
 0001:00000858       ADODB.Finalization
 0002:00000198       AnsiStrings.AnsiStrings
 0001:00000718       AnsiStrings.Finalization
 0002:00000220       AxCtrls.AxCtrls
 0001:000007A8       AxCtrls.Finalization
 0002:00000008       Buttons.Buttons
 0001:0000026C       Buttons.Finalization
 0002:000002C8       CheckLst.CheckLst
 0001:00000878       CheckLst.Finalization
 0002:00000028       Classes.Classes
 0001:000002B4       Classes.Finalization
 0001:000002A4       Classes.TComponent.SafeCallException
 0001:0000029C       Classes.TComponent.UpdateAction
 0001:000002AC       Classes.TComponent.UpdateRegistry
 0001:00000294       Classes.TComponent.WriteState
 0001:00000284       Classes.TPersistent.Assign
 0002:00000020       Classes.TThread.Create@
 0001:0000028C       Classes.TThread.Destroy@
 0002:00000110       Clipbrd.Clipbrd
 0001:00000678       Clipbrd.Finalization
 0002:00000170       CLRClasses.CLRClasses
 0001:000006F0       CLRClasses.Finalization
 0002:000000F0       ComCtrls.ComCtrls
 0001:00000650       ComCtrls.Finalization
 0001:00000640       ComCtrls.TPageControl.GetActivePageIndex
 0001:00000638       ComCtrls.TPageControl.GetPage
 0001:00000648       ComCtrls.TPageControl.SetActivePageIndex
 0002:00000148       ComObj.ComObj
 0001:000006C8       ComObj.Finalization
 0002:000000B0       Controls.Controls
 0001:000004B0       Controls.Finalization
 0001:000003F8       Controls.TControl.CreateTouchManager
 0001:000003B8       Controls.TControl.GetAction
 0001:000003A8       Controls.TControl.GetDragImages
 0001:000003B0       Controls.TControl.GetEnabled
 0001:00000400       Controls.TControl.GetFloatingDockSiteClass
 0001:000003E0       Controls.TControl.GetText
 0001:00000408       Controls.TControl.InitiateAction
 0001:000003C8       Controls.TControl.SetAutoSize
 0001:000003F0       Controls.TControl.SetBiDiMode
 0001:000003C0       Controls.TControl.SetDragMode
 0001:000003D8       Controls.TControl.SetEnabled
 0001:000003D0       Controls.TControl.SetName
 0001:000003E8       Controls.TControl.SetText
 0001:00000488       Controls.TWinControl.AssignTo
 0001:00000490       Controls.TWinControl.CanAutoSize
 0001:00000478       Controls.TWinControl.CanResize
 0001:00000480       Controls.TWinControl.ConstrainedResize
 0001:00000418       Controls.TWinControl.CreateHandle
 0001:00000420       Controls.TWinControl.CustomAlignInsertBefore
 0001:00000428       Controls.TWinControl.CustomAlignPosition
 0001:00000410       Controls.TWinControl.DestroyWnd
 0001:000004A0       Controls.TWinControl.DockReplaceDockClient
 0001:00000470       Controls.TWinControl.GetClientOrigin
 0001:00000468       Controls.TWinControl.GetControlExtents
 0001:00000448       Controls.TWinControl.GetDeviceContext
 0001:00000450       Controls.TWinControl.Invalidate
 0001:00000460       Controls.TWinControl.Repaint
 0001:00000438       Controls.TWinControl.SetBounds
 0001:00000498       Controls.TWinControl.SetParentBackground
 0001:00000430       Controls.TWinControl.SetParentDoubleBuffered
 0001:00000440       Controls.TWinControl.ShowControl
 0001:00000458       Controls.TWinControl.Update
 0001:000004A8       Controls.TWinControl.UpdateControlOriginalParentSize
 0002:00000188       CRParser.CRParser
 0001:00000708       CRParser.Finalization
 0002:000001A8       CRVioTcp.CRVioTcp
 0001:00000728       CRVioTcp.Finalization
 0002:000001B8       CRXml.CRXml
 0001:00000738       CRXml.Finalization
 0002:000001A0       DASQLMonitor.DASQLMonitor
 0001:00000720       DASQLMonitor.Finalization
 0002:00000128       DB.DB
 0001:000006A8       DB.Finalization
 0001:00000698       DB.TDataSet.Close
 0001:000006A0       DB.TDataSet.FieldByName
 0001:00000690       DB.TDataSet.Open
 0002:00000180       DBAccess.DBAccess
 0001:00000700       DBAccess.Finalization
 0002:00000120       DBCtrls.DBCtrls
 0001:00000688       DBCtrls.Finalization
 0001:00000888       DBGridExportToExcel.ExportDBGrid
 0002:00000158       DBLogDlg.DBLogDlg
 0001:000006D8       DBLogDlg.Finalization
 0002:000001B0       DBMonitorClient.DBMonitorClient
 0001:00000730       DBMonitorClient.Finalization
 0002:00000150       DBPWDlg.DBPWDlg
 0001:000006D0       DBPWDlg.Finalization
 0002:00000208       DBTables.DBTables
 0001:00000790       DBTables.Finalization
 0002:000000E8       Dialogs.Dialogs
 0001:00000630       Dialogs.Finalization
 0002:00000100       ExtCtrls.ExtCtrls
 0001:00000668       ExtCtrls.Finalization
 0001:00000680       FlatSB.Finalization
 0002:00000118       FlatSB.FlatSB
 0001:000006B8       FMTBcd.Finalization
 0002:00000138       FMTBcd.FMTBcd
 0001:00000620       Forms.Finalization
 0002:000000D8       Forms.Forms
 0001:00000508       Forms.TCustomForm.AfterConstruction
 0001:00000590       Forms.TCustomForm.AlignControls
 0001:00000518       Forms.TCustomForm.BeforeDestruction
 0001:000005E8       Forms.TCustomForm.Close
 0001:000005F0       Forms.TCustomForm.CloseQuery
 0001:00000500       Forms.TCustomForm.Create
 0001:00000510       Forms.TCustomForm.CreateNew
 0001:00000598       Forms.TCustomForm.CreateParams
 0001:000005A8       Forms.TCustomForm.CreateWindowHandle
 0001:000005A0       Forms.TCustomForm.CreateWnd
 0001:000005C0       Forms.TCustomForm.DefaultHandler
 0001:00000550       Forms.TCustomForm.DefineProperties
 0001:00000520       Forms.TCustomForm.Destroy
 0001:000005B0       Forms.TCustomForm.DestroyHandle
 0001:000005B8       Forms.TCustomForm.DestroyWindowHandle
 0001:00000528       Forms.TCustomForm.DoCreate
 0001:00000530       Forms.TCustomForm.DoDestroy
 0001:00000558       Forms.TCustomForm.GetClientRect
 0001:00000560       Forms.TCustomForm.GetFloating
 0001:00000538       Forms.TCustomForm.Loaded
 0001:00000540       Forms.TCustomForm.Notification
 0001:000005D8       Forms.TCustomForm.PaintWindow
 0001:00000618       Forms.TCustomForm.QueryInterface
 0001:00000548       Forms.TCustomForm.ReadState
 0001:00000610       Forms.TCustomForm.RequestAlign
 0001:000005E0       Forms.TCustomForm.Resizing
 0001:000005C8       Forms.TCustomForm.SetActiveControl
 0001:000005F8       Forms.TCustomForm.SetFocus
 0001:000005D0       Forms.TCustomForm.SetFocusedControl
 0001:00000578       Forms.TCustomForm.SetParent
 0001:00000568       Forms.TCustomForm.SetParentBiDiMode
 0001:00000600       Forms.TCustomForm.ShowModal
 0001:00000608       Forms.TCustomForm.UpdateActions
 0001:00000580       Forms.TCustomForm.ValidateRename
 0001:00000570       Forms.TCustomForm.WantChildKey
 0001:00000588       Forms.TCustomForm.WndProc
 0001:000004F8       Forms.TScrollingWinControl.AdjustClientRect
 0001:000004D8       Forms.TScrollingWinControl.AutoScrollEnabled
 0001:000004F0       Forms.TScrollingWinControl.AutoScrollInView
 0001:000004E0       Forms.TScrollingWinControl.DoGesture
 0001:000004E8       Forms.TScrollingWinControl.DoGetGestureOptions
 0001:00000838       Fxn.ClearAll
 0001:00000850       Fxn.Finalization
 0002:000002A0       Fxn.Fxn
 0001:00000848       Fxn.MsgBox
 0001:00000840       Fxn.ShowDoneMessage
 0001:00000378       Graphics.Finalization
 0002:00000080       Graphics.Graphics
 0001:00000658       GraphUtil.Finalization
 0002:000000F8       GraphUtil.GraphUtil
 0001:00000628       HelpIntfs.Finalization
 0002:000000E0       HelpIntfs.HelpIntfs
 0001:00000388       IniFiles.Finalization
 0002:00000090       IniFiles.IniFiles
 0001:00000398       IOUtils.Finalization
 0002:000000A0       IOUtils.IOUtils
 0002:00000098       IOUtils.TPath.Create@
 0001:00000390       IOUtils.TPath.Destroy@
 0001:000007B0       jpeg.Finalization
 0002:00000228       jpeg.jpeg
 0001:00000710       MemData.Finalization
 0002:00000190       MemData.MemData
 0001:000006E8       MemUtils.Finalization
 0002:00000168       MemUtils.MemUtils
 0001:00000274       Menus.Finalization
 0002:00000010       Menus.Menus
 0001:000006F8       MTSCall.Finalization
 0002:00000178       MTSCall.MTSCall
 0001:000004D0       MultiMon.Finalization
 0002:000000D0       MultiMon.MultiMon
 0001:000007E8       OleCtnrs.Finalization
 0002:00000250       OleCtnrs.OleCtnrs
 0001:000007A0       OleCtrls.Finalization
 0002:00000218       OleCtrls.OleCtrls
 0001:00000798       OleServer.Finalization
 0002:00000210       OleServer.OleServer
 0001:00000778       Ora.Finalization
 0002:000001F0       Ora.Ora
 0001:00000770       Ora.TOraDataSet.SetSession
 0001:00000768       OraAlerter.Finalization
 0002:000001E8       OraAlerter.OraAlerter
 0001:000006E0       OraCall.Finalization
 0002:00000160       OraCall.OraCall
 0001:00000750       OraClasses.Finalization
 0002:000001D0       OraClasses.OraClasses
 0001:00000780       OraConnectionPool.Finalization
 0002:000001F8       OraConnectionPool.OraConnectionPool
 0001:00000760       OraNet.Finalization
 0002:000001E0       OraNet.OraNet
 0001:00000758       OraObjects.Finalization
 0002:000001D8       OraObjects.OraObjects
 0001:00000748       OraParser.Finalization
 0002:000001C8       OraParser.OraParser
 0001:00000740       OraSmart.Finalization
 0002:000001C0       OraSmart.OraSmart
 0001:00000788       OraSQLMonitor.Finalization
 0002:00000200       OraSQLMonitor.OraSQLMonitor
 0001:00000808       pdfconst.Finalization
 0002:00000270       pdfconst.pdfconst
 0001:00000670       Printers.Finalization
 0002:00000108       Printers.Printers
 0001:000007D0       QRCtrls.Finalization
 0002:00000238       QRCtrls.QRCtrls
 0001:00000810       QRExport.Finalization
 0002:00000278       QRExport.QRExport
 0001:000007D8       QRExpr.Finalization
 0002:00000240       QRExpr.QRExpr
 0001:000007F0       QRExtra.Finalization
 0002:00000258       QRExtra.QRExtra
 0001:00000800       QRPDFFilt.Finalization
 0002:00000268       QRPDFFilt.QRPDFFilt
 0001:00000820       QRPrev.Finalization
 0002:00000288       QRPrev.QRPrev
 0001:00000830       QRPrnSu.Finalization
 0002:00000298       QRPrnSu.QRPrnSu
 0001:000007F8       QRPrntr.Finalization
 0002:00000260       QRPrntr.QRPrntr
 0001:00000818       QRWebFilt.Finalization
 0002:00000280       QRWebFilt.QRWebFilt
 0001:00000828       QRXMLSFilt.Finalization
 0002:00000290       QRXMLSFilt.QRXMLSFilt
 0001:000007E0       QuickRpt.Finalization
 0002:00000248       QuickRpt.QuickRpt
 0001:00000380       Registry.Finalization
 0002:00000088       Registry.Registry
 0001:000007C8       ServerDate.Finalization
 0002:00000230       ServerDate.ServerDate
 0001:000007B8       ServerDate.TodaysDate
 0001:000007C0       ServerDate.TodaysDateVS
 0001:000006C0       SqlTimSt.Finalization
 0002:00000140       SqlTimSt.SqlTimSt
 0001:00000660       StdCtrls.TCustomMemo.Create
 0001:000004B8       SyncObjs.Finalization
 0002:000000B8       SyncObjs.SyncObjs
 0001:000001F0       SysInit.@InitPkg
 0001:00000254       SysInit.@PackageLoad
 0001:00000260       SysInit.@PackageUnload
 0001:000000E0       SysInit.AllocTlsBuffer
 0001:0000019C       SysInit.ExitProcessTLS
 0001:00000164       SysInit.ExitThreadTLS
 0001:000000A8       SysInit.FreeLibrary
 0001:000000EC       SysInit.GetTlsSize
 0004:00000004       SysInit.HInstance
 0001:000001C0       SysInit.InitializeModule
 0001:00000138       SysInit.InitProcessTLS
 0001:000000F4       SysInit.InitThreadTLS
 0001:000000B0       SysInit.LocalAlloc
 0001:000000B8       SysInit.LocalFree
 0003:00000004       SysInit.Module
 0004:00000000       SysInit.ModuleIsLib
 0004:00000001       SysInit.ModuleIsPackage
 0001:000000C0       SysInit.TlsAlloc
 0004:00000008       SysInit.tlsBuffer
 0001:000000C8       SysInit.TlsFree
 0001:000000D0       SysInit.TlsGetValue
 0003:00000000       SysInit.TlsIndex
 0005:00000000       SysInit.TlsLast
 0003:00000020       SysInit.TlsProc
 0001:000000D8       SysInit.TlsSetValue
 0001:000001CC       SysInit.UninitializeModule
 0001:00000048       System.@DoneExcept
 0001:00000038       System.@HandleAnyException
 0001:00000040       System.@HandleFinally
 0001:00000050       System.@PackageLoad
 0001:00000058       System.@PackageUnload
 0001:00000060       System.@RunError
 0001:00000070       System.@UStrArrayClr
 0001:00000078       System.@UStrAsg
 0001:00000080       System.@UStrCatN
 0001:00000068       System.@UStrClr
 0001:00000088       System.@UStrEqual
 0001:000000A0       System.Finalization
 0001:00000090       System.RegisterModule
 0002:00000000       System.System
 0001:00000030       System.TObject.Dispatch
 0001:00000018       System.TObject.Equals
 0001:00000010       System.TObject.Free
 0001:00000008       System.TObject.FreeInstance
 0001:00000020       System.TObject.GetHashCode
 0001:00000000       System.TObject.NewInstance
 0001:00000028       System.TObject.ToString
 0001:00000098       System.UnregisterModule
 0002:00000060       SysUtils.Exception.Create@
 0001:00000340       SysUtils.Exception.Destroy@
 0001:00000360       SysUtils.Finalization
 0001:00000348       SysUtils.StringReplace
 0002:00000068       SysUtils.SysUtils
 0002:00000058       SysUtils.TEncoding.Create@
 0001:00000358       SysUtils.TEncoding.Destroy@
 0002:00000050       SysUtils.TLanguages.Create@
 0001:00000350       SysUtils.TLanguages.Destroy@
 0001:00000338       SysUtils.Trim
 0001:00000860       TeCanvas.Finalization
 0002:000002B0       TeCanvas.TeCanvas
 0001:00000868       TeeConst.Finalization
 0002:000002B8       TeeConst.TeeConst
 0001:00000870       TeeHtml.Finalization
 0002:000002C0       TeeHtml.TeeHtml
 0001:000003A0       Themes.Finalization
 0002:000000A8       Themes.Themes
 0002:000000C0       TimeSpan.TTimeSpan.Create@
 0001:000004C0       TimeSpan.TTimeSpan.Destroy@
 0001:00000330       TypInfo.Finalization
 0002:00000048       TypInfo.TypInfo
 0004:00000018       Unit_CommentSetup..2
 0001:00000890       Unit_CommentSetup..TForm_CommentSetup
 0001:00001DFC       Unit_CommentSetup.Finalization
 0004:00000014       Unit_CommentSetup.Form_CommentSetup
 0001:00001300       Unit_CommentSetup.SaveComment
 0001:00001310       Unit_CommentSetup.TForm_CommentSetup.BB_CloseClick
 0001:00001374       Unit_CommentSetup.TForm_CommentSetup.BB_NewClick
 0001:0000164C       Unit_CommentSetup.TForm_CommentSetup.BB_SaveClick
 0001:0000186C       Unit_CommentSetup.TForm_CommentSetup.DBGrid1DblClick
 0001:00001A90       Unit_CommentSetup.TForm_CommentSetup.DBGrid1KeyDown
 0001:00001AA4       Unit_CommentSetup.TForm_CommentSetup.Edit_SearchChange
 0001:00001484       Unit_CommentSetup.TForm_CommentSetup.FillVariables
 0001:00001C34       Unit_CommentSetup.TForm_CommentSetup.FormKeyDown
 0001:00001C48       Unit_CommentSetup.TForm_CommentSetup.FormKeyPress
 0001:00001C6C       Unit_CommentSetup.TForm_CommentSetup.FormShow
 0001:00001CB8       Unit_CommentSetup.TForm_CommentSetup.PageControl1Change
 0001:00001CEC       Unit_CommentSetup.TForm_CommentSetup.spbtnSendToExcelClick
 0001:000013C4       Unit_CommentSetup.TForm_CommentSetup.ValidData
 0002:000002D8       Unit_CommentSetup.Unit_CommentSetup
 0001:00001308       Unit_CommentSetup.UpdateComment
 0001:00000880       Unit_Message.Finalization
 0002:000002D0       Unit_Message.Unit_Message
 0001:000004C8       UxTheme.Finalization
 0002:000000C8       UxTheme.UxTheme
 0001:00000368       Variants.Finalization
 0002:00000070       Variants.Variants
 0001:00000370       VarUtils.Finalization
 0002:00000078       VarUtils.VarUtils
 0001:000006B0       WideStrings.Finalization
 0002:00000130       WideStrings.WideStrings
 0004:0000000C       Windows..2
 0001:00000310       Windows.Finalization
 0001:000002BC       Windows.FreeLibrary
 0001:000002C4       Windows.GetVersionEx
 0004:00000010       Windows.HtmlHelpModule
 0001:000002D4       Windows.InitVersionInfo
 0001:000002CC       Windows.keybd_event
 0003:00000030       Windows.Win32MajorVersion
 0003:00000034       Windows.Win32MinorVersion
 0003:00000038       Windows.Win32Platform
 0002:00000030       Windows.Windows


  Address             Publics by Value

 0001:00000000       System.TObject.NewInstance
 0001:00000008       System.TObject.FreeInstance
 0001:00000010       System.TObject.Free
 0001:00000018       System.TObject.Equals
 0001:00000020       System.TObject.GetHashCode
 0001:00000028       System.TObject.ToString
 0001:00000030       System.TObject.Dispatch
 0001:00000038       System.@HandleAnyException
 0001:00000040       System.@HandleFinally
 0001:00000048       System.@DoneExcept
 0001:00000050       System.@PackageLoad
 0001:00000058       System.@PackageUnload
 0001:00000060       System.@RunError
 0001:00000068       System.@UStrClr
 0001:00000070       System.@UStrArrayClr
 0001:00000078       System.@UStrAsg
 0001:00000080       System.@UStrCatN
 0001:00000088       System.@UStrEqual
 0001:00000090       System.RegisterModule
 0001:00000098       System.UnregisterModule
 0001:000000A0       System.Finalization
 0001:000000A8       SysInit.FreeLibrary
 0001:000000B0       SysInit.LocalAlloc
 0001:000000B8       SysInit.LocalFree
 0001:000000C0       SysInit.TlsAlloc
 0001:000000C8       SysInit.TlsFree
 0001:000000D0       SysInit.TlsGetValue
 0001:000000D8       SysInit.TlsSetValue
 0001:000000E0       SysInit.AllocTlsBuffer
 0001:000000EC       SysInit.GetTlsSize
 0001:000000F4       SysInit.InitThreadTLS
 0001:00000138       SysInit.InitProcessTLS
 0001:00000164       SysInit.ExitThreadTLS
 0001:0000019C       SysInit.ExitProcessTLS
 0001:000001C0       SysInit.InitializeModule
 0001:000001CC       SysInit.UninitializeModule
 0001:000001F0       SysInit.@InitPkg
 0001:00000254       SysInit.@PackageLoad
 0001:00000260       SysInit.@PackageUnload
 0001:0000026C       Buttons.Finalization
 0001:00000274       Menus.Finalization
 0001:0000027C       ActnList.Finalization
 0001:00000284       Classes.TPersistent.Assign
 0001:0000028C       Classes.TThread.Destroy@
 0001:00000294       Classes.TComponent.WriteState
 0001:0000029C       Classes.TComponent.UpdateAction
 0001:000002A4       Classes.TComponent.SafeCallException
 0001:000002AC       Classes.TComponent.UpdateRegistry
 0001:000002B4       Classes.Finalization
 0001:000002BC       Windows.FreeLibrary
 0001:000002C4       Windows.GetVersionEx
 0001:000002CC       Windows.keybd_event
 0001:000002D4       Windows.InitVersionInfo
 0001:00000310       Windows.Finalization
 0001:00000330       TypInfo.Finalization
 0001:00000338       SysUtils.Trim
 0001:00000340       SysUtils.Exception.Destroy@
 0001:00000348       SysUtils.StringReplace
 0001:00000350       SysUtils.TLanguages.Destroy@
 0001:00000358       SysUtils.TEncoding.Destroy@
 0001:00000360       SysUtils.Finalization
 0001:00000368       Variants.Finalization
 0001:00000370       VarUtils.Finalization
 0001:00000378       Graphics.Finalization
 0001:00000380       Registry.Finalization
 0001:00000388       IniFiles.Finalization
 0001:00000390       IOUtils.TPath.Destroy@
 0001:00000398       IOUtils.Finalization
 0001:000003A0       Themes.Finalization
 0001:000003A8       Controls.TControl.GetDragImages
 0001:000003B0       Controls.TControl.GetEnabled
 0001:000003B8       Controls.TControl.GetAction
 0001:000003C0       Controls.TControl.SetDragMode
 0001:000003C8       Controls.TControl.SetAutoSize
 0001:000003D0       Controls.TControl.SetName
 0001:000003D8       Controls.TControl.SetEnabled
 0001:000003E0       Controls.TControl.GetText
 0001:000003E8       Controls.TControl.SetText
 0001:000003F0       Controls.TControl.SetBiDiMode
 0001:000003F8       Controls.TControl.CreateTouchManager
 0001:00000400       Controls.TControl.GetFloatingDockSiteClass
 0001:00000408       Controls.TControl.InitiateAction
 0001:00000410       Controls.TWinControl.DestroyWnd
 0001:00000418       Controls.TWinControl.CreateHandle
 0001:00000420       Controls.TWinControl.CustomAlignInsertBefore
 0001:00000428       Controls.TWinControl.CustomAlignPosition
 0001:00000430       Controls.TWinControl.SetParentDoubleBuffered
 0001:00000438       Controls.TWinControl.SetBounds
 0001:00000440       Controls.TWinControl.ShowControl
 0001:00000448       Controls.TWinControl.GetDeviceContext
 0001:00000450       Controls.TWinControl.Invalidate
 0001:00000458       Controls.TWinControl.Update
 0001:00000460       Controls.TWinControl.Repaint
 0001:00000468       Controls.TWinControl.GetControlExtents
 0001:00000470       Controls.TWinControl.GetClientOrigin
 0001:00000478       Controls.TWinControl.CanResize
 0001:00000480       Controls.TWinControl.ConstrainedResize
 0001:00000488       Controls.TWinControl.AssignTo
 0001:00000490       Controls.TWinControl.CanAutoSize
 0001:00000498       Controls.TWinControl.SetParentBackground
 0001:000004A0       Controls.TWinControl.DockReplaceDockClient
 0001:000004A8       Controls.TWinControl.UpdateControlOriginalParentSize
 0001:000004B0       Controls.Finalization
 0001:000004B8       SyncObjs.Finalization
 0001:000004C0       TimeSpan.TTimeSpan.Destroy@
 0001:000004C8       UxTheme.Finalization
 0001:000004D0       MultiMon.Finalization
 0001:000004D8       Forms.TScrollingWinControl.AutoScrollEnabled
 0001:000004E0       Forms.TScrollingWinControl.DoGesture
 0001:000004E8       Forms.TScrollingWinControl.DoGetGestureOptions
 0001:000004F0       Forms.TScrollingWinControl.AutoScrollInView
 0001:000004F8       Forms.TScrollingWinControl.AdjustClientRect
 0001:00000500       Forms.TCustomForm.Create
 0001:00000508       Forms.TCustomForm.AfterConstruction
 0001:00000510       Forms.TCustomForm.CreateNew
 0001:00000518       Forms.TCustomForm.BeforeDestruction
 0001:00000520       Forms.TCustomForm.Destroy
 0001:00000528       Forms.TCustomForm.DoCreate
 0001:00000530       Forms.TCustomForm.DoDestroy
 0001:00000538       Forms.TCustomForm.Loaded
 0001:00000540       Forms.TCustomForm.Notification
 0001:00000548       Forms.TCustomForm.ReadState
 0001:00000550       Forms.TCustomForm.DefineProperties
 0001:00000558       Forms.TCustomForm.GetClientRect
 0001:00000560       Forms.TCustomForm.GetFloating
 0001:00000568       Forms.TCustomForm.SetParentBiDiMode
 0001:00000570       Forms.TCustomForm.WantChildKey
 0001:00000578       Forms.TCustomForm.SetParent
 0001:00000580       Forms.TCustomForm.ValidateRename
 0001:00000588       Forms.TCustomForm.WndProc
 0001:00000590       Forms.TCustomForm.AlignControls
 0001:00000598       Forms.TCustomForm.CreateParams
 0001:000005A0       Forms.TCustomForm.CreateWnd
 0001:000005A8       Forms.TCustomForm.CreateWindowHandle
 0001:000005B0       Forms.TCustomForm.DestroyHandle
 0001:000005B8       Forms.TCustomForm.DestroyWindowHandle
 0001:000005C0       Forms.TCustomForm.DefaultHandler
 0001:000005C8       Forms.TCustomForm.SetActiveControl
 0001:000005D0       Forms.TCustomForm.SetFocusedControl
 0001:000005D8       Forms.TCustomForm.PaintWindow
 0001:000005E0       Forms.TCustomForm.Resizing
 0001:000005E8       Forms.TCustomForm.Close
 0001:000005F0       Forms.TCustomForm.CloseQuery
 0001:000005F8       Forms.TCustomForm.SetFocus
 0001:00000600       Forms.TCustomForm.ShowModal
 0001:00000608       Forms.TCustomForm.UpdateActions
 0001:00000610       Forms.TCustomForm.RequestAlign
 0001:00000618       Forms.TCustomForm.QueryInterface
 0001:00000620       Forms.Finalization
 0001:00000628       HelpIntfs.Finalization
 0001:00000630       Dialogs.Finalization
 0001:00000638       ComCtrls.TPageControl.GetPage
 0001:00000640       ComCtrls.TPageControl.GetActivePageIndex
 0001:00000648       ComCtrls.TPageControl.SetActivePageIndex
 0001:00000650       ComCtrls.Finalization
 0001:00000658       GraphUtil.Finalization
 0001:00000660       StdCtrls.TCustomMemo.Create
 0001:00000668       ExtCtrls.Finalization
 0001:00000670       Printers.Finalization
 0001:00000678       Clipbrd.Finalization
 0001:00000680       FlatSB.Finalization
 0001:00000688       DBCtrls.Finalization
 0001:00000690       DB.TDataSet.Open
 0001:00000698       DB.TDataSet.Close
 0001:000006A0       DB.TDataSet.FieldByName
 0001:000006A8       DB.Finalization
 0001:000006B0       WideStrings.Finalization
 0001:000006B8       FMTBcd.Finalization
 0001:000006C0       SqlTimSt.Finalization
 0001:000006C8       ComObj.Finalization
 0001:000006D0       DBPWDlg.Finalization
 0001:000006D8       DBLogDlg.Finalization
 0001:000006E0       OraCall.Finalization
 0001:000006E8       MemUtils.Finalization
 0001:000006F0       CLRClasses.Finalization
 0001:000006F8       MTSCall.Finalization
 0001:00000700       DBAccess.Finalization
 0001:00000708       CRParser.Finalization
 0001:00000710       MemData.Finalization
 0001:00000718       AnsiStrings.Finalization
 0001:00000720       DASQLMonitor.Finalization
 0001:00000728       CRVioTcp.Finalization
 0001:00000730       DBMonitorClient.Finalization
 0001:00000738       CRXml.Finalization
 0001:00000740       OraSmart.Finalization
 0001:00000748       OraParser.Finalization
 0001:00000750       OraClasses.Finalization
 0001:00000758       OraObjects.Finalization
 0001:00000760       OraNet.Finalization
 0001:00000768       OraAlerter.Finalization
 0001:00000770       Ora.TOraDataSet.SetSession
 0001:00000778       Ora.Finalization
 0001:00000780       OraConnectionPool.Finalization
 0001:00000788       OraSQLMonitor.Finalization
 0001:00000790       DBTables.Finalization
 0001:00000798       OleServer.Finalization
 0001:000007A0       OleCtrls.Finalization
 0001:000007A8       AxCtrls.Finalization
 0001:000007B0       jpeg.Finalization
 0001:000007B8       ServerDate.TodaysDate
 0001:000007C0       ServerDate.TodaysDateVS
 0001:000007C8       ServerDate.Finalization
 0001:000007D0       QRCtrls.Finalization
 0001:000007D8       QRExpr.Finalization
 0001:000007E0       QuickRpt.Finalization
 0001:000007E8       OleCtnrs.Finalization
 0001:000007F0       QRExtra.Finalization
 0001:000007F8       QRPrntr.Finalization
 0001:00000800       QRPDFFilt.Finalization
 0001:00000808       pdfconst.Finalization
 0001:00000810       QRExport.Finalization
 0001:00000818       QRWebFilt.Finalization
 0001:00000820       QRPrev.Finalization
 0001:00000828       QRXMLSFilt.Finalization
 0001:00000830       QRPrnSu.Finalization
 0001:00000838       Fxn.ClearAll
 0001:00000840       Fxn.ShowDoneMessage
 0001:00000848       Fxn.MsgBox
 0001:00000850       Fxn.Finalization
 0001:00000858       ADODB.Finalization
 0001:00000860       TeCanvas.Finalization
 0001:00000868       TeeConst.Finalization
 0001:00000870       TeeHtml.Finalization
 0001:00000878       CheckLst.Finalization
 0001:00000880       Unit_Message.Finalization
 0001:00000888       DBGridExportToExcel.ExportDBGrid
 0001:00000890       Unit_CommentSetup..TForm_CommentSetup
 0001:00001300       Unit_CommentSetup.SaveComment
 0001:00001308       Unit_CommentSetup.UpdateComment
 0001:00001310       Unit_CommentSetup.TForm_CommentSetup.BB_CloseClick
 0001:00001374       Unit_CommentSetup.TForm_CommentSetup.BB_NewClick
 0001:000013C4       Unit_CommentSetup.TForm_CommentSetup.ValidData
 0001:00001484       Unit_CommentSetup.TForm_CommentSetup.FillVariables
 0001:0000164C       Unit_CommentSetup.TForm_CommentSetup.BB_SaveClick
 0001:0000186C       Unit_CommentSetup.TForm_CommentSetup.DBGrid1DblClick
 0001:00001A90       Unit_CommentSetup.TForm_CommentSetup.DBGrid1KeyDown
 0001:00001AA4       Unit_CommentSetup.TForm_CommentSetup.Edit_SearchChange
 0001:00001C34       Unit_CommentSetup.TForm_CommentSetup.FormKeyDown
 0001:00001C48       Unit_CommentSetup.TForm_CommentSetup.FormKeyPress
 0001:00001C6C       Unit_CommentSetup.TForm_CommentSetup.FormShow
 0001:00001CB8       Unit_CommentSetup.TForm_CommentSetup.PageControl1Change
 0001:00001CEC       Unit_CommentSetup.TForm_CommentSetup.spbtnSendToExcelClick
 0001:00001DFC       Unit_CommentSetup.Finalization
 0001:0000248C       .CommentSetup.@GetPackageInfoTable
 0001:00002494       .CommentSetup.@PackageLoad
 0001:000024A0       .CommentSetup.@PackageUnload
 0002:00000000       System.System
 0002:00000008       Buttons.Buttons
 0002:00000010       Menus.Menus
 0002:00000018       ActnList.ActnList
 0002:00000020       Classes.TThread.Create@
 0002:00000028       Classes.Classes
 0002:00000030       Windows.Windows
 0002:00000048       TypInfo.TypInfo
 0002:00000050       SysUtils.TLanguages.Create@
 0002:00000058       SysUtils.TEncoding.Create@
 0002:00000060       SysUtils.Exception.Create@
 0002:00000068       SysUtils.SysUtils
 0002:00000070       Variants.Variants
 0002:00000078       VarUtils.VarUtils
 0002:00000080       Graphics.Graphics
 0002:00000088       Registry.Registry
 0002:00000090       IniFiles.IniFiles
 0002:00000098       IOUtils.TPath.Create@
 0002:000000A0       IOUtils.IOUtils
 0002:000000A8       Themes.Themes
 0002:000000B0       Controls.Controls
 0002:000000B8       SyncObjs.SyncObjs
 0002:000000C0       TimeSpan.TTimeSpan.Create@
 0002:000000C8       UxTheme.UxTheme
 0002:000000D0       MultiMon.MultiMon
 0002:000000D8       Forms.Forms
 0002:000000E0       HelpIntfs.HelpIntfs
 0002:000000E8       Dialogs.Dialogs
 0002:000000F0       ComCtrls.ComCtrls
 0002:000000F8       GraphUtil.GraphUtil
 0002:00000100       ExtCtrls.ExtCtrls
 0002:00000108       Printers.Printers
 0002:00000110       Clipbrd.Clipbrd
 0002:00000118       FlatSB.FlatSB
 0002:00000120       DBCtrls.DBCtrls
 0002:00000128       DB.DB
 0002:00000130       WideStrings.WideStrings
 0002:00000138       FMTBcd.FMTBcd
 0002:00000140       SqlTimSt.SqlTimSt
 0002:00000148       ComObj.ComObj
 0002:00000150       DBPWDlg.DBPWDlg
 0002:00000158       DBLogDlg.DBLogDlg
 0002:00000160       OraCall.OraCall
 0002:00000168       MemUtils.MemUtils
 0002:00000170       CLRClasses.CLRClasses
 0002:00000178       MTSCall.MTSCall
 0002:00000180       DBAccess.DBAccess
 0002:00000188       CRParser.CRParser
 0002:00000190       MemData.MemData
 0002:00000198       AnsiStrings.AnsiStrings
 0002:000001A0       DASQLMonitor.DASQLMonitor
 0002:000001A8       CRVioTcp.CRVioTcp
 0002:000001B0       DBMonitorClient.DBMonitorClient
 0002:000001B8       CRXml.CRXml
 0002:000001C0       OraSmart.OraSmart
 0002:000001C8       OraParser.OraParser
 0002:000001D0       OraClasses.OraClasses
 0002:000001D8       OraObjects.OraObjects
 0002:000001E0       OraNet.OraNet
 0002:000001E8       OraAlerter.OraAlerter
 0002:000001F0       Ora.Ora
 0002:000001F8       OraConnectionPool.OraConnectionPool
 0002:00000200       OraSQLMonitor.OraSQLMonitor
 0002:00000208       DBTables.DBTables
 0002:00000210       OleServer.OleServer
 0002:00000218       OleCtrls.OleCtrls
 0002:00000220       AxCtrls.AxCtrls
 0002:00000228       jpeg.jpeg
 0002:00000230       ServerDate.ServerDate
 0002:00000238       QRCtrls.QRCtrls
 0002:00000240       QRExpr.QRExpr
 0002:00000248       QuickRpt.QuickRpt
 0002:00000250       OleCtnrs.OleCtnrs
 0002:00000258       QRExtra.QRExtra
 0002:00000260       QRPrntr.QRPrntr
 0002:00000268       QRPDFFilt.QRPDFFilt
 0002:00000270       pdfconst.pdfconst
 0002:00000278       QRExport.QRExport
 0002:00000280       QRWebFilt.QRWebFilt
 0002:00000288       QRPrev.QRPrev
 0002:00000290       QRXMLSFilt.QRXMLSFilt
 0002:00000298       QRPrnSu.QRPrnSu
 0002:000002A0       Fxn.Fxn
 0002:000002A8       ADODB.ADODB
 0002:000002B0       TeCanvas.TeCanvas
 0002:000002B8       TeeConst.TeeConst
 0002:000002C0       TeeHtml.TeeHtml
 0002:000002C8       CheckLst.CheckLst
 0002:000002D0       Unit_Message.Unit_Message
 0002:000002D8       Unit_CommentSetup.Unit_CommentSetup
 0002:000002E0       .CommentSetup..CommentSetup
 0003:00000000       SysInit.TlsIndex
 0003:00000004       SysInit.Module
 0003:00000020       SysInit.TlsProc
 0003:00000030       Windows.Win32MajorVersion
 0003:00000034       Windows.Win32MinorVersion
 0003:00000038       Windows.Win32Platform
 0004:00000000       SysInit.ModuleIsLib
 0004:00000001       SysInit.ModuleIsPackage
 0004:00000004       SysInit.HInstance
 0004:00000008       SysInit.tlsBuffer
 0004:0000000C       Windows..2
 0004:00000010       Windows.HtmlHelpModule
 0004:00000014       Unit_CommentSetup.Form_CommentSetup
 0004:00000018       Unit_CommentSetup..2
 0005:00000000       SysInit.TlsLast


Line numbers for Unit_CommentSetup(Unit_CommentSetup.pas) segment .text

    61 0001:00001300    64 0001:00001308    68 0001:00001310    69 0001:00001313
    71 0001:00001321    72 0001:0000132E    73 0001:0000133C    74 0001:00001347
    75 0001:0000135C    78 0001:00001369    79 0001:00001370    82 0001:00001374
    83 0001:00001377    84 0001:0000137E    85 0001:0000138E    86 0001:000013A3
    87 0001:000013B4    88 0001:000013C2    91 0001:000013C4    92 0001:000013DF
    93 0001:000013E1    95 0001:000013F0    97 0001:0000142E    98 0001:00001440
   100 0001:00001442   101 0001:00001444   106 0001:00001484   107 0001:000014A3
   108 0001:000014B3   109 0001:000014BC   110 0001:000014C7   111 0001:000014D9
   113 0001:000014E2   114 0001:000014E9   115 0001:00001510   116 0001:0000155B
   117 0001:00001571   118 0001:00001581   119 0001:000015C6   120 0001:000015CD
   123 0001:0000164C   124 0001:00001656   126 0001:00001666   127 0001:0000166E
   128 0001:0000167C   129 0001:0000168E   130 0001:0000169C   131 0001:000016A8
   133 0001:000016D8   135 0001:0000171F   136 0001:0000172B   138 0001:0000175B
   140 0001:00001798   141 0001:000017AA   142 0001:000017B4   144 0001:000017C8
   145 0001:000017DA   146 0001:000017EC   148 0001:000017F8   149 0001:00001810
   150 0001:00001821   151 0001:0000182F   152 0001:00001847   153 0001:00001855
   154 0001:00001866   159 0001:0000186C   160 0001:00001887   162 0001:0000189C
   163 0001:000018AC   164 0001:000018B5   165 0001:000018C0   166 0001:000018D0
   167 0001:000018D7   169 0001:000018E0   170 0001:000018F8   171 0001:0000191B
   172 0001:0000193E   173 0001:0000194E   174 0001:00001964   175 0001:00001988
   177 0001:0000199A   179 0001:000019AA   180 0001:000019B1   183 0001:00001A90
   184 0001:00001A93   185 0001:00001A99   186 0001:00001A9E   189 0001:00001AA4
   190 0001:00001AC2   191 0001:00001AFA   193 0001:00001B00   195 0001:00001B1F
   196 0001:00001B64   199 0001:00001B72   201 0001:00001B7E   204 0001:00001C34
   205 0001:00001C37   206 0001:00001C3D   208 0001:00001C42   212 0001:00001C48
   213 0001:00001C5C   214 0001:00001C69   217 0001:00001C6C   218 0001:00001C6F
   219 0001:00001C7C   220 0001:00001C87   221 0001:00001C9C   222 0001:00001CA7
   223 0001:00001CB4   226 0001:00001CB8   227 0001:00001CBB   228 0001:00001CC9
   230 0001:00001CD8   231 0001:00001CE8   234 0001:00001CEC   235 0001:00001D06
   237 0001:00001D17   239 0001:00001D2D   242 0001:00001D79

Line numbers for Unit_CommentSetup(Unit_CommentSetup.pas) segment .itext

   244 0002:000002D8

Line numbers for .CommentSetup(CommentSetup.dpk) segment .itext

    37 0002:000002E0

Bound resource files

Unit_CommentSetup.dfm
CommentSetup.res
CommentSetup.drf


Program entry point at 0002:000002E0
