
 Start         Length     Name                   Class
 0001:00401000 00003C78H .text                   CODE
 0002:00405000 00000300H .itext                  ICODE
 0003:00406000 00000040H .data                   DATA
 0004:00407000 0000001CH .bss                    BSS
 0005:00000000 00000000H .tls                    TLS


Detailed map of segments

 0001:00000000 000000BE C=CODE     S=.text    G=(none)   M=System   ACBP=A9
 0001:000000C0 000001C3 C=CODE     S=.text    G=(none)   M=SysInit  ACBP=A9
 0001:00000284 00000006 C=CODE     S=.text    G=(none)   M=SMDBGrid ACBP=A9
 0001:0000028C 00000006 C=CODE     S=.text    G=(none)   M=Graphics ACBP=A9
 0001:00000294 00000071 C=CODE     S=.text    G=(none)   M=Windows  ACBP=A9
 0001:00000308 00000036 C=CODE     S=.text    G=(none)   M=Classes  ACBP=A9
 0001:00000340 00000006 C=CODE     S=.text    G=(none)   M=TypInfo  ACBP=A9
 0001:00000348 00000046 C=CODE     S=.text    G=(none)   M=SysUtils ACBP=A9
 0001:00000390 00000046 C=CODE     S=.text    G=(none)   M=Variants ACBP=A9
 0001:000003D8 00000006 C=CODE     S=.text    G=(none)   M=VarUtils ACBP=A9
 0001:000003E0 00000006 C=CODE     S=.text    G=(none)   M=Registry ACBP=A9
 0001:000003E8 00000006 C=CODE     S=.text    G=(none)   M=IniFiles ACBP=A9
 0001:000003F0 0000000E C=CODE     S=.text    G=(none)   M=IOUtils  ACBP=A9
 0001:00000400 00000006 C=CODE     S=.text    G=(none)   M=SMCnst   ACBP=A9
 0001:00000408 00000006 C=CODE     S=.text    G=(none)   M=StdCtrls ACBP=A9
 0001:00000410 00000006 C=CODE     S=.text    G=(none)   M=ActnList ACBP=A9
 0001:00000418 00000006 C=CODE     S=.text    G=(none)   M=Themes   ACBP=A9
 0001:00000420 00000116 C=CODE     S=.text    G=(none)   M=Controls ACBP=A9
 0001:00000538 00000006 C=CODE     S=.text    G=(none)   M=SyncObjs ACBP=A9
 0001:00000540 00000006 C=CODE     S=.text    G=(none)   M=TimeSpan ACBP=A9
 0001:00000548 00000006 C=CODE     S=.text    G=(none)   M=Menus    ACBP=A9
 0001:00000550 00000006 C=CODE     S=.text    G=(none)   M=UxTheme  ACBP=A9
 0001:00000558 00000006 C=CODE     S=.text    G=(none)   M=MultiMon ACBP=A9
 0001:00000560 0000014E C=CODE     S=.text    G=(none)   M=Forms    ACBP=A9
 0001:000006B0 00000006 C=CODE     S=.text    G=(none)   M=HelpIntfs ACBP=A9
 0001:000006B8 0000000E C=CODE     S=.text    G=(none)   M=Dialogs  ACBP=A9
 0001:000006C8 0000001E C=CODE     S=.text    G=(none)   M=ComCtrls ACBP=A9
 0001:000006E8 00000006 C=CODE     S=.text    G=(none)   M=GraphUtil ACBP=A9
 0001:000006F0 00000006 C=CODE     S=.text    G=(none)   M=ExtCtrls ACBP=A9
 0001:000006F8 00000006 C=CODE     S=.text    G=(none)   M=Printers ACBP=A9
 0001:00000700 00000006 C=CODE     S=.text    G=(none)   M=Clipbrd  ACBP=A9
 0001:00000708 00000006 C=CODE     S=.text    G=(none)   M=FlatSB   ACBP=A9
 0001:00000710 0000001E C=CODE     S=.text    G=(none)   M=DB       ACBP=A9
 0001:00000730 00000006 C=CODE     S=.text    G=(none)   M=WideStrings ACBP=A9
 0001:00000738 00000006 C=CODE     S=.text    G=(none)   M=FMTBcd   ACBP=A9
 0001:00000740 00000006 C=CODE     S=.text    G=(none)   M=SqlTimSt ACBP=A9
 0001:00000748 00000006 C=CODE     S=.text    G=(none)   M=ComObj   ACBP=A9
 0001:00000750 0000000E C=CODE     S=.text    G=(none)   M=DBCtrls  ACBP=A9
 0001:00000760 00000006 C=CODE     S=.text    G=(none)   M=Buttons  ACBP=A9
 0001:00000768 00000006 C=CODE     S=.text    G=(none)   M=DBPWDlg  ACBP=A9
 0001:00000770 00000006 C=CODE     S=.text    G=(none)   M=DBLogDlg ACBP=A9
 0001:00000778 00000006 C=CODE     S=.text    G=(none)   M=ExtDlgs  ACBP=A9
 0001:00000780 00000006 C=CODE     S=.text    G=(none)   M=OraCall  ACBP=A9
 0001:00000788 00000006 C=CODE     S=.text    G=(none)   M=MemUtils ACBP=A9
 0001:00000790 00000006 C=CODE     S=.text    G=(none)   M=CLRClasses ACBP=A9
 0001:00000798 00000006 C=CODE     S=.text    G=(none)   M=MTSCall  ACBP=A9
 0001:000007A0 0000000E C=CODE     S=.text    G=(none)   M=DBAccess ACBP=A9
 0001:000007B0 00000006 C=CODE     S=.text    G=(none)   M=CRParser ACBP=A9
 0001:000007B8 00000006 C=CODE     S=.text    G=(none)   M=MemData  ACBP=A9
 0001:000007C0 00000006 C=CODE     S=.text    G=(none)   M=AnsiStrings ACBP=A9
 0001:000007C8 00000006 C=CODE     S=.text    G=(none)   M=DASQLMonitor ACBP=A9
 0001:000007D0 00000006 C=CODE     S=.text    G=(none)   M=CRVioTcp ACBP=A9
 0001:000007D8 00000006 C=CODE     S=.text    G=(none)   M=DBMonitorClient ACBP=A9
 0001:000007E0 00000006 C=CODE     S=.text    G=(none)   M=CRXml    ACBP=A9
 0001:000007E8 00000006 C=CODE     S=.text    G=(none)   M=OraSmart ACBP=A9
 0001:000007F0 00000006 C=CODE     S=.text    G=(none)   M=OraParser ACBP=A9
 0001:000007F8 00000006 C=CODE     S=.text    G=(none)   M=OraClasses ACBP=A9
 0001:00000800 00000006 C=CODE     S=.text    G=(none)   M=OraObjects ACBP=A9
 0001:00000808 00000006 C=CODE     S=.text    G=(none)   M=OraNet   ACBP=A9
 0001:00000810 00000006 C=CODE     S=.text    G=(none)   M=OraAlerter ACBP=A9
 0001:00000818 00000016 C=CODE     S=.text    G=(none)   M=Ora      ACBP=A9
 0001:00000830 00000006 C=CODE     S=.text    G=(none)   M=OraConnectionPool ACBP=A9
 0001:00000838 00000006 C=CODE     S=.text    G=(none)   M=OraSQLMonitor ACBP=A9
 0001:00000840 00000006 C=CODE     S=.text    G=(none)   M=DBTables ACBP=A9
 0001:00000848 00000006 C=CODE     S=.text    G=(none)   M=OleServer ACBP=A9
 0001:00000850 00000006 C=CODE     S=.text    G=(none)   M=OleCtrls ACBP=A9
 0001:00000858 00000006 C=CODE     S=.text    G=(none)   M=AxCtrls  ACBP=A9
 0001:00000860 00000006 C=CODE     S=.text    G=(none)   M=jpeg     ACBP=A9
 0001:00000868 00000016 C=CODE     S=.text    G=(none)   M=ServerDate ACBP=A9
 0001:00000880 00000006 C=CODE     S=.text    G=(none)   M=QRCtrls  ACBP=A9
 0001:00000888 00000006 C=CODE     S=.text    G=(none)   M=QRExpr   ACBP=A9
 0001:00000890 00000006 C=CODE     S=.text    G=(none)   M=QuickRpt ACBP=A9
 0001:00000898 00000006 C=CODE     S=.text    G=(none)   M=OleCtnrs ACBP=A9
 0001:000008A0 00000006 C=CODE     S=.text    G=(none)   M=QRExtra  ACBP=A9
 0001:000008A8 00000006 C=CODE     S=.text    G=(none)   M=QRPrntr  ACBP=A9
 0001:000008B0 00000006 C=CODE     S=.text    G=(none)   M=QRPDFFilt ACBP=A9
 0001:000008B8 00000006 C=CODE     S=.text    G=(none)   M=pdfconst ACBP=A9
 0001:000008C0 00000006 C=CODE     S=.text    G=(none)   M=QRExport ACBP=A9
 0001:000008C8 00000006 C=CODE     S=.text    G=(none)   M=QRWebFilt ACBP=A9
 0001:000008D0 00000006 C=CODE     S=.text    G=(none)   M=QRPrev   ACBP=A9
 0001:000008D8 00000006 C=CODE     S=.text    G=(none)   M=QRXMLSFilt ACBP=A9
 0001:000008E0 00000006 C=CODE     S=.text    G=(none)   M=QRPrnSu  ACBP=A9
 0001:000008E8 0000001E C=CODE     S=.text    G=(none)   M=Fxn      ACBP=A9
 0001:00000908 00000006 C=CODE     S=.text    G=(none)   M=ADODB    ACBP=A9
 0001:00000910 00000006 C=CODE     S=.text    G=(none)   M=TeCanvas ACBP=A9
 0001:00000918 00000006 C=CODE     S=.text    G=(none)   M=TeeConst ACBP=A9
 0001:00000920 00000006 C=CODE     S=.text    G=(none)   M=TeeHtml  ACBP=A9
 0001:00000928 00000006 C=CODE     S=.text    G=(none)   M=CheckLst ACBP=A9
 0001:00000930 00000006 C=CODE     S=.text    G=(none)   M=Unit_Message ACBP=A9
 0001:00000938 00000006 C=CODE     S=.text    G=(none)   M=DBGridExportToExcel ACBP=A9
 0001:00000940 00002C6F C=CODE     S=.text    G=(none)   M=Unit_FooterSetup ACBP=A9
 0001:000035B0 000006C7 C=CODE     S=.text    G=(none)   M=.FooterSetup ACBP=A9
 0002:00000000 00000006 C=ICODE    S=.itext   G=(none)   M=System   ACBP=A9
 0002:00000008 00000006 C=ICODE    S=.itext   G=(none)   M=SMDBGrid ACBP=A9
 0002:00000010 00000006 C=ICODE    S=.itext   G=(none)   M=Graphics ACBP=A9
 0002:00000018 00000016 C=ICODE    S=.itext   G=(none)   M=Windows  ACBP=A9
 0002:00000030 0000000E C=ICODE    S=.itext   G=(none)   M=Classes  ACBP=A9
 0002:00000040 00000006 C=ICODE    S=.itext   G=(none)   M=TypInfo  ACBP=A9
 0002:00000048 0000001E C=ICODE    S=.itext   G=(none)   M=SysUtils ACBP=A9
 0002:00000068 00000006 C=ICODE    S=.itext   G=(none)   M=Variants ACBP=A9
 0002:00000070 00000006 C=ICODE    S=.itext   G=(none)   M=VarUtils ACBP=A9
 0002:00000078 00000006 C=ICODE    S=.itext   G=(none)   M=Registry ACBP=A9
 0002:00000080 00000006 C=ICODE    S=.itext   G=(none)   M=IniFiles ACBP=A9
 0002:00000088 0000000E C=ICODE    S=.itext   G=(none)   M=IOUtils  ACBP=A9
 0002:00000098 00000006 C=ICODE    S=.itext   G=(none)   M=SMCnst   ACBP=A9
 0002:000000A0 00000006 C=ICODE    S=.itext   G=(none)   M=ActnList ACBP=A9
 0002:000000A8 00000006 C=ICODE    S=.itext   G=(none)   M=Themes   ACBP=A9
 0002:000000B0 00000006 C=ICODE    S=.itext   G=(none)   M=Controls ACBP=A9
 0002:000000B8 00000006 C=ICODE    S=.itext   G=(none)   M=SyncObjs ACBP=A9
 0002:000000C0 00000006 C=ICODE    S=.itext   G=(none)   M=TimeSpan ACBP=A9
 0002:000000C8 00000006 C=ICODE    S=.itext   G=(none)   M=Menus    ACBP=A9
 0002:000000D0 00000006 C=ICODE    S=.itext   G=(none)   M=UxTheme  ACBP=A9
 0002:000000D8 00000006 C=ICODE    S=.itext   G=(none)   M=MultiMon ACBP=A9
 0002:000000E0 00000006 C=ICODE    S=.itext   G=(none)   M=Forms    ACBP=A9
 0002:000000E8 00000006 C=ICODE    S=.itext   G=(none)   M=HelpIntfs ACBP=A9
 0002:000000F0 00000006 C=ICODE    S=.itext   G=(none)   M=Dialogs  ACBP=A9
 0002:000000F8 00000006 C=ICODE    S=.itext   G=(none)   M=ComCtrls ACBP=A9
 0002:00000100 00000006 C=ICODE    S=.itext   G=(none)   M=GraphUtil ACBP=A9
 0002:00000108 00000006 C=ICODE    S=.itext   G=(none)   M=ExtCtrls ACBP=A9
 0002:00000110 00000006 C=ICODE    S=.itext   G=(none)   M=Printers ACBP=A9
 0002:00000118 00000006 C=ICODE    S=.itext   G=(none)   M=Clipbrd  ACBP=A9
 0002:00000120 00000006 C=ICODE    S=.itext   G=(none)   M=FlatSB   ACBP=A9
 0002:00000128 00000006 C=ICODE    S=.itext   G=(none)   M=DB       ACBP=A9
 0002:00000130 00000006 C=ICODE    S=.itext   G=(none)   M=WideStrings ACBP=A9
 0002:00000138 00000006 C=ICODE    S=.itext   G=(none)   M=FMTBcd   ACBP=A9
 0002:00000140 00000006 C=ICODE    S=.itext   G=(none)   M=SqlTimSt ACBP=A9
 0002:00000148 00000006 C=ICODE    S=.itext   G=(none)   M=ComObj   ACBP=A9
 0002:00000150 00000006 C=ICODE    S=.itext   G=(none)   M=DBCtrls  ACBP=A9
 0002:00000158 00000006 C=ICODE    S=.itext   G=(none)   M=Buttons  ACBP=A9
 0002:00000160 00000006 C=ICODE    S=.itext   G=(none)   M=DBPWDlg  ACBP=A9
 0002:00000168 00000006 C=ICODE    S=.itext   G=(none)   M=DBLogDlg ACBP=A9
 0002:00000170 00000006 C=ICODE    S=.itext   G=(none)   M=ExtDlgs  ACBP=A9
 0002:00000178 00000006 C=ICODE    S=.itext   G=(none)   M=OraCall  ACBP=A9
 0002:00000180 00000006 C=ICODE    S=.itext   G=(none)   M=MemUtils ACBP=A9
 0002:00000188 00000006 C=ICODE    S=.itext   G=(none)   M=CLRClasses ACBP=A9
 0002:00000190 00000006 C=ICODE    S=.itext   G=(none)   M=MTSCall  ACBP=A9
 0002:00000198 00000006 C=ICODE    S=.itext   G=(none)   M=DBAccess ACBP=A9
 0002:000001A0 00000006 C=ICODE    S=.itext   G=(none)   M=CRParser ACBP=A9
 0002:000001A8 00000006 C=ICODE    S=.itext   G=(none)   M=MemData  ACBP=A9
 0002:000001B0 00000006 C=ICODE    S=.itext   G=(none)   M=AnsiStrings ACBP=A9
 0002:000001B8 00000006 C=ICODE    S=.itext   G=(none)   M=DASQLMonitor ACBP=A9
 0002:000001C0 00000006 C=ICODE    S=.itext   G=(none)   M=CRVioTcp ACBP=A9
 0002:000001C8 00000006 C=ICODE    S=.itext   G=(none)   M=DBMonitorClient ACBP=A9
 0002:000001D0 00000006 C=ICODE    S=.itext   G=(none)   M=CRXml    ACBP=A9
 0002:000001D8 00000006 C=ICODE    S=.itext   G=(none)   M=OraSmart ACBP=A9
 0002:000001E0 00000006 C=ICODE    S=.itext   G=(none)   M=OraParser ACBP=A9
 0002:000001E8 00000006 C=ICODE    S=.itext   G=(none)   M=OraClasses ACBP=A9
 0002:000001F0 00000006 C=ICODE    S=.itext   G=(none)   M=OraObjects ACBP=A9
 0002:000001F8 00000006 C=ICODE    S=.itext   G=(none)   M=OraNet   ACBP=A9
 0002:00000200 00000006 C=ICODE    S=.itext   G=(none)   M=OraAlerter ACBP=A9
 0002:00000208 00000006 C=ICODE    S=.itext   G=(none)   M=Ora      ACBP=A9
 0002:00000210 00000006 C=ICODE    S=.itext   G=(none)   M=OraConnectionPool ACBP=A9
 0002:00000218 00000006 C=ICODE    S=.itext   G=(none)   M=OraSQLMonitor ACBP=A9
 0002:00000220 00000006 C=ICODE    S=.itext   G=(none)   M=DBTables ACBP=A9
 0002:00000228 00000006 C=ICODE    S=.itext   G=(none)   M=OleServer ACBP=A9
 0002:00000230 00000006 C=ICODE    S=.itext   G=(none)   M=OleCtrls ACBP=A9
 0002:00000238 00000006 C=ICODE    S=.itext   G=(none)   M=AxCtrls  ACBP=A9
 0002:00000240 00000006 C=ICODE    S=.itext   G=(none)   M=jpeg     ACBP=A9
 0002:00000248 00000006 C=ICODE    S=.itext   G=(none)   M=ServerDate ACBP=A9
 0002:00000250 00000006 C=ICODE    S=.itext   G=(none)   M=QRCtrls  ACBP=A9
 0002:00000258 00000006 C=ICODE    S=.itext   G=(none)   M=QRExpr   ACBP=A9
 0002:00000260 00000006 C=ICODE    S=.itext   G=(none)   M=QuickRpt ACBP=A9
 0002:00000268 00000006 C=ICODE    S=.itext   G=(none)   M=OleCtnrs ACBP=A9
 0002:00000270 00000006 C=ICODE    S=.itext   G=(none)   M=QRExtra  ACBP=A9
 0002:00000278 00000006 C=ICODE    S=.itext   G=(none)   M=QRPrntr  ACBP=A9
 0002:00000280 00000006 C=ICODE    S=.itext   G=(none)   M=QRPDFFilt ACBP=A9
 0002:00000288 00000006 C=ICODE    S=.itext   G=(none)   M=pdfconst ACBP=A9
 0002:00000290 00000006 C=ICODE    S=.itext   G=(none)   M=QRExport ACBP=A9
 0002:00000298 00000006 C=ICODE    S=.itext   G=(none)   M=QRWebFilt ACBP=A9
 0002:000002A0 00000006 C=ICODE    S=.itext   G=(none)   M=QRPrev   ACBP=A9
 0002:000002A8 00000006 C=ICODE    S=.itext   G=(none)   M=QRXMLSFilt ACBP=A9
 0002:000002B0 00000006 C=ICODE    S=.itext   G=(none)   M=QRPrnSu  ACBP=A9
 0002:000002B8 00000006 C=ICODE    S=.itext   G=(none)   M=Fxn      ACBP=A9
 0002:000002C0 00000006 C=ICODE    S=.itext   G=(none)   M=ADODB    ACBP=A9
 0002:000002C8 00000006 C=ICODE    S=.itext   G=(none)   M=TeCanvas ACBP=A9
 0002:000002D0 00000006 C=ICODE    S=.itext   G=(none)   M=TeeConst ACBP=A9
 0002:000002D8 00000006 C=ICODE    S=.itext   G=(none)   M=TeeHtml  ACBP=A9
 0002:000002E0 00000006 C=ICODE    S=.itext   G=(none)   M=CheckLst ACBP=A9
 0002:000002E8 00000006 C=ICODE    S=.itext   G=(none)   M=Unit_Message ACBP=A9
 0002:000002F0 00000008 C=ICODE    S=.itext   G=(none)   M=Unit_FooterSetup ACBP=A9
 0002:000002F8 00000005 C=ICODE    S=.itext   G=(none)   M=.FooterSetup ACBP=A9
 0003:00000000 00000030 C=DATA     S=.data    G=DGROUP   M=SysInit  ACBP=A9
 0003:00000030 0000000C C=DATA     S=.data    G=DGROUP   M=Windows  ACBP=A9
 0004:00000000 0000000C C=BSS      S=.bss     G=DGROUP   M=SysInit  ACBP=A9
 0004:0000000C 00000008 C=BSS      S=.bss     G=DGROUP   M=Windows  ACBP=A9
 0004:00000014 00000008 C=BSS      S=.bss     G=DGROUP   M=Unit_FooterSetup ACBP=A9


  Address             Publics by Name

 0002:000002F8       .FooterSetup..FooterSetup
 0001:00003C58       .FooterSetup.@GetPackageInfoTable
 0001:00003C60       .FooterSetup.@PackageLoad
 0001:00003C6C       .FooterSetup.@PackageUnload
 0002:000000A0       ActnList.ActnList
 0001:00000410       ActnList.Finalization
 0002:000002C0       ADODB.ADODB
 0001:00000908       ADODB.Finalization
 0002:000001B0       AnsiStrings.AnsiStrings
 0001:000007C0       AnsiStrings.Finalization
 0002:00000238       AxCtrls.AxCtrls
 0001:00000858       AxCtrls.Finalization
 0002:00000158       Buttons.Buttons
 0001:00000760       Buttons.Finalization
 0002:000002E0       CheckLst.CheckLst
 0001:00000928       CheckLst.Finalization
 0002:00000038       Classes.Classes
 0001:00000338       Classes.Finalization
 0001:00000328       Classes.TComponent.SafeCallException
 0001:00000320       Classes.TComponent.UpdateAction
 0001:00000330       Classes.TComponent.UpdateRegistry
 0001:00000318       Classes.TComponent.WriteState
 0001:00000308       Classes.TPersistent.Assign
 0002:00000030       Classes.TThread.Create@
 0001:00000310       Classes.TThread.Destroy@
 0002:00000118       Clipbrd.Clipbrd
 0001:00000700       Clipbrd.Finalization
 0002:00000188       CLRClasses.CLRClasses
 0001:00000790       CLRClasses.Finalization
 0002:000000F8       ComCtrls.ComCtrls
 0001:000006E0       ComCtrls.Finalization
 0001:000006D0       ComCtrls.TPageControl.GetActivePageIndex
 0001:000006C8       ComCtrls.TPageControl.GetPage
 0001:000006D8       ComCtrls.TPageControl.SetActivePageIndex
 0002:00000148       ComObj.ComObj
 0001:00000748       ComObj.Finalization
 0002:000000B0       Controls.Controls
 0001:00000530       Controls.Finalization
 0001:00000478       Controls.TControl.CreateTouchManager
 0001:00000430       Controls.TControl.GetAction
 0001:00000420       Controls.TControl.GetDragImages
 0001:00000428       Controls.TControl.GetEnabled
 0001:00000480       Controls.TControl.GetFloatingDockSiteClass
 0001:00000460       Controls.TControl.GetText
 0001:00000488       Controls.TControl.InitiateAction
 0001:00000448       Controls.TControl.SetAutoSize
 0001:00000470       Controls.TControl.SetBiDiMode
 0001:00000438       Controls.TControl.SetDragMode
 0001:00000458       Controls.TControl.SetEnabled
 0001:00000450       Controls.TControl.SetName
 0001:00000468       Controls.TControl.SetText
 0001:00000440       Controls.TControl.SetWidth
 0001:00000508       Controls.TWinControl.AssignTo
 0001:00000510       Controls.TWinControl.CanAutoSize
 0001:000004F8       Controls.TWinControl.CanResize
 0001:00000500       Controls.TWinControl.ConstrainedResize
 0001:00000498       Controls.TWinControl.CreateHandle
 0001:000004A0       Controls.TWinControl.CustomAlignInsertBefore
 0001:000004A8       Controls.TWinControl.CustomAlignPosition
 0001:00000490       Controls.TWinControl.DestroyWnd
 0001:00000520       Controls.TWinControl.DockReplaceDockClient
 0001:000004F0       Controls.TWinControl.GetClientOrigin
 0001:000004E8       Controls.TWinControl.GetControlExtents
 0001:000004C8       Controls.TWinControl.GetDeviceContext
 0001:000004D0       Controls.TWinControl.Invalidate
 0001:000004E0       Controls.TWinControl.Repaint
 0001:000004B8       Controls.TWinControl.SetBounds
 0001:00000518       Controls.TWinControl.SetParentBackground
 0001:000004B0       Controls.TWinControl.SetParentDoubleBuffered
 0001:000004C0       Controls.TWinControl.ShowControl
 0001:000004D8       Controls.TWinControl.Update
 0001:00000528       Controls.TWinControl.UpdateControlOriginalParentSize
 0002:000001A0       CRParser.CRParser
 0001:000007B0       CRParser.Finalization
 0002:000001C0       CRVioTcp.CRVioTcp
 0001:000007D0       CRVioTcp.Finalization
 0002:000001D0       CRXml.CRXml
 0001:000007E0       CRXml.Finalization
 0002:000001B8       DASQLMonitor.DASQLMonitor
 0001:000007C8       DASQLMonitor.Finalization
 0002:00000128       DB.DB
 0001:00000728       DB.Finalization
 0001:00000718       DB.TDataSet.Close
 0001:00000720       DB.TDataSet.FieldByName
 0001:00000710       DB.TDataSet.Open
 0002:00000198       DBAccess.DBAccess
 0001:000007A8       DBAccess.Finalization
 0001:000007A0       DBAccess.TCustomDADataSet.GetSQL
 0002:00000150       DBCtrls.DBCtrls
 0001:00000758       DBCtrls.Finalization
 0001:00000750       DBCtrls.TDBLookupControl.SetKeyValue
 0001:00000938       DBGridExportToExcel.ExportDBGrid
 0002:00000168       DBLogDlg.DBLogDlg
 0001:00000770       DBLogDlg.Finalization
 0002:000001C8       DBMonitorClient.DBMonitorClient
 0001:000007D8       DBMonitorClient.Finalization
 0002:00000160       DBPWDlg.DBPWDlg
 0001:00000768       DBPWDlg.Finalization
 0002:00000220       DBTables.DBTables
 0001:00000840       DBTables.Finalization
 0002:000000F0       Dialogs.Dialogs
 0001:000006C0       Dialogs.Finalization
 0001:000006B8       Dialogs.MessageDlg
 0002:00000108       ExtCtrls.ExtCtrls
 0001:000006F0       ExtCtrls.Finalization
 0002:00000170       ExtDlgs.ExtDlgs
 0001:00000778       ExtDlgs.Finalization
 0001:00000708       FlatSB.Finalization
 0002:00000120       FlatSB.FlatSB
 0001:00000738       FMTBcd.Finalization
 0002:00000138       FMTBcd.FMTBcd
 0001:000006A8       Forms.Finalization
 0002:000000E0       Forms.Forms
 0001:00000590       Forms.TCustomForm.AfterConstruction
 0001:00000618       Forms.TCustomForm.AlignControls
 0001:000005A0       Forms.TCustomForm.BeforeDestruction
 0001:00000670       Forms.TCustomForm.Close
 0001:00000678       Forms.TCustomForm.CloseQuery
 0001:00000588       Forms.TCustomForm.Create
 0001:00000598       Forms.TCustomForm.CreateNew
 0001:00000620       Forms.TCustomForm.CreateParams
 0001:00000630       Forms.TCustomForm.CreateWindowHandle
 0001:00000628       Forms.TCustomForm.CreateWnd
 0001:00000648       Forms.TCustomForm.DefaultHandler
 0001:000005D8       Forms.TCustomForm.DefineProperties
 0001:000005A8       Forms.TCustomForm.Destroy
 0001:00000638       Forms.TCustomForm.DestroyHandle
 0001:00000640       Forms.TCustomForm.DestroyWindowHandle
 0001:000005B0       Forms.TCustomForm.DoCreate
 0001:000005B8       Forms.TCustomForm.DoDestroy
 0001:000005E0       Forms.TCustomForm.GetClientRect
 0001:000005E8       Forms.TCustomForm.GetFloating
 0001:000005C0       Forms.TCustomForm.Loaded
 0001:000005C8       Forms.TCustomForm.Notification
 0001:00000660       Forms.TCustomForm.PaintWindow
 0001:000006A0       Forms.TCustomForm.QueryInterface
 0001:000005D0       Forms.TCustomForm.ReadState
 0001:00000698       Forms.TCustomForm.RequestAlign
 0001:00000668       Forms.TCustomForm.Resizing
 0001:00000650       Forms.TCustomForm.SetActiveControl
 0001:00000680       Forms.TCustomForm.SetFocus
 0001:00000658       Forms.TCustomForm.SetFocusedControl
 0001:00000600       Forms.TCustomForm.SetParent
 0001:000005F0       Forms.TCustomForm.SetParentBiDiMode
 0001:00000688       Forms.TCustomForm.ShowModal
 0001:00000690       Forms.TCustomForm.UpdateActions
 0001:00000608       Forms.TCustomForm.ValidateRename
 0001:000005F8       Forms.TCustomForm.WantChildKey
 0001:00000610       Forms.TCustomForm.WndProc
 0001:00000580       Forms.TScrollingWinControl.AdjustClientRect
 0001:00000560       Forms.TScrollingWinControl.AutoScrollEnabled
 0001:00000578       Forms.TScrollingWinControl.AutoScrollInView
 0001:00000568       Forms.TScrollingWinControl.DoGesture
 0001:00000570       Forms.TScrollingWinControl.DoGetGestureOptions
 0001:000008E8       Fxn.ClearAll
 0001:00000900       Fxn.Finalization
 0002:000002B8       Fxn.Fxn
 0001:000008F8       Fxn.MsgBox
 0001:000008F0       Fxn.ShowDoneMessage
 0001:0000028C       Graphics.Finalization
 0002:00000010       Graphics.Graphics
 0001:000006E8       GraphUtil.Finalization
 0002:00000100       GraphUtil.GraphUtil
 0001:000006B0       HelpIntfs.Finalization
 0002:000000E8       HelpIntfs.HelpIntfs
 0001:000003E8       IniFiles.Finalization
 0002:00000080       IniFiles.IniFiles
 0001:000003F8       IOUtils.Finalization
 0002:00000090       IOUtils.IOUtils
 0002:00000088       IOUtils.TPath.Create@
 0001:000003F0       IOUtils.TPath.Destroy@
 0001:00000860       jpeg.Finalization
 0002:00000240       jpeg.jpeg
 0001:000007B8       MemData.Finalization
 0002:000001A8       MemData.MemData
 0001:00000788       MemUtils.Finalization
 0002:00000180       MemUtils.MemUtils
 0001:00000548       Menus.Finalization
 0002:000000C8       Menus.Menus
 0001:00000798       MTSCall.Finalization
 0002:00000190       MTSCall.MTSCall
 0001:00000558       MultiMon.Finalization
 0002:000000D8       MultiMon.MultiMon
 0001:00000898       OleCtnrs.Finalization
 0002:00000268       OleCtnrs.OleCtnrs
 0001:00000850       OleCtrls.Finalization
 0002:00000230       OleCtrls.OleCtrls
 0001:00000848       OleServer.Finalization
 0002:00000228       OleServer.OleServer
 0001:00000828       Ora.Finalization
 0002:00000208       Ora.Ora
 0001:00000818       Ora.TOraDataSet.ExecSQL
 0001:00000820       Ora.TOraDataSet.SetSession
 0001:00000810       OraAlerter.Finalization
 0002:00000200       OraAlerter.OraAlerter
 0001:00000780       OraCall.Finalization
 0002:00000178       OraCall.OraCall
 0001:000007F8       OraClasses.Finalization
 0002:000001E8       OraClasses.OraClasses
 0001:00000830       OraConnectionPool.Finalization
 0002:00000210       OraConnectionPool.OraConnectionPool
 0001:00000808       OraNet.Finalization
 0002:000001F8       OraNet.OraNet
 0001:00000800       OraObjects.Finalization
 0002:000001F0       OraObjects.OraObjects
 0001:000007F0       OraParser.Finalization
 0002:000001E0       OraParser.OraParser
 0001:000007E8       OraSmart.Finalization
 0002:000001D8       OraSmart.OraSmart
 0001:00000838       OraSQLMonitor.Finalization
 0002:00000218       OraSQLMonitor.OraSQLMonitor
 0001:000008B8       pdfconst.Finalization
 0002:00000288       pdfconst.pdfconst
 0001:000006F8       Printers.Finalization
 0002:00000110       Printers.Printers
 0001:00000880       QRCtrls.Finalization
 0002:00000250       QRCtrls.QRCtrls
 0001:000008C0       QRExport.Finalization
 0002:00000290       QRExport.QRExport
 0001:00000888       QRExpr.Finalization
 0002:00000258       QRExpr.QRExpr
 0001:000008A0       QRExtra.Finalization
 0002:00000270       QRExtra.QRExtra
 0001:000008B0       QRPDFFilt.Finalization
 0002:00000280       QRPDFFilt.QRPDFFilt
 0001:000008D0       QRPrev.Finalization
 0002:000002A0       QRPrev.QRPrev
 0001:000008E0       QRPrnSu.Finalization
 0002:000002B0       QRPrnSu.QRPrnSu
 0001:000008A8       QRPrntr.Finalization
 0002:00000278       QRPrntr.QRPrntr
 0001:000008C8       QRWebFilt.Finalization
 0002:00000298       QRWebFilt.QRWebFilt
 0001:000008D8       QRXMLSFilt.Finalization
 0002:000002A8       QRXMLSFilt.QRXMLSFilt
 0001:00000890       QuickRpt.Finalization
 0002:00000260       QuickRpt.QuickRpt
 0001:000003E0       Registry.Finalization
 0002:00000078       Registry.Registry
 0001:00000878       ServerDate.Finalization
 0002:00000248       ServerDate.ServerDate
 0001:00000868       ServerDate.TodaysDate
 0001:00000870       ServerDate.TodaysDateVS
 0001:00000400       SMCnst.Finalization
 0002:00000098       SMCnst.SMCnst
 0001:00000284       SMDBGrid.Finalization
 0002:00000008       SMDBGrid.SMDBGrid
 0001:00000740       SqlTimSt.Finalization
 0002:00000140       SqlTimSt.SqlTimSt
 0001:00000408       StdCtrls.TCustomMemo.Create
 0001:00000538       SyncObjs.Finalization
 0002:000000B8       SyncObjs.SyncObjs
 0001:00000208       SysInit.@InitPkg
 0001:0000026C       SysInit.@PackageLoad
 0001:00000278       SysInit.@PackageUnload
 0001:000000F8       SysInit.AllocTlsBuffer
 0001:000001B4       SysInit.ExitProcessTLS
 0001:0000017C       SysInit.ExitThreadTLS
 0001:000000C0       SysInit.FreeLibrary
 0001:00000104       SysInit.GetTlsSize
 0004:00000004       SysInit.HInstance
 0001:000001D8       SysInit.InitializeModule
 0001:00000150       SysInit.InitProcessTLS
 0001:0000010C       SysInit.InitThreadTLS
 0001:000000C8       SysInit.LocalAlloc
 0001:000000D0       SysInit.LocalFree
 0003:00000004       SysInit.Module
 0004:00000000       SysInit.ModuleIsLib
 0004:00000001       SysInit.ModuleIsPackage
 0001:000000D8       SysInit.TlsAlloc
 0004:00000008       SysInit.tlsBuffer
 0001:000000E0       SysInit.TlsFree
 0001:000000E8       SysInit.TlsGetValue
 0003:00000000       SysInit.TlsIndex
 0005:00000000       SysInit.TlsLast
 0003:00000020       SysInit.TlsProc
 0001:000000F0       SysInit.TlsSetValue
 0001:000001E4       SysInit.UninitializeModule
 0001:00000048       System.@DoneExcept
 0001:00000038       System.@HandleAnyException
 0001:00000040       System.@HandleFinally
 0001:00000050       System.@PackageLoad
 0001:00000058       System.@PackageUnload
 0001:00000060       System.@RunError
 0001:00000070       System.@UStrArrayClr
 0001:00000078       System.@UStrAsg
 0001:00000088       System.@UStrCat3
 0001:00000090       System.@UStrCatN
 0001:00000068       System.@UStrClr
 0001:000000A0       System.@UStrCopy
 0001:00000098       System.@UStrEqual
 0001:00000080       System.@UStrLen
 0001:000000B8       System.Finalization
 0001:000000A8       System.RegisterModule
 0002:00000000       System.System
 0001:00000030       System.TObject.Dispatch
 0001:00000018       System.TObject.Equals
 0001:00000010       System.TObject.Free
 0001:00000008       System.TObject.FreeInstance
 0001:00000020       System.TObject.GetHashCode
 0001:00000000       System.TObject.NewInstance
 0001:00000028       System.TObject.ToString
 0001:000000B0       System.UnregisterModule
 0002:00000058       SysUtils.Exception.Create@
 0001:00000368       SysUtils.Exception.Destroy@
 0001:00000388       SysUtils.Finalization
 0001:00000360       SysUtils.FloatToStr
 0001:00000358       SysUtils.IntToStr
 0001:00000350       SysUtils.QuotedStr
 0001:00000370       SysUtils.StringReplace
 0002:00000060       SysUtils.SysUtils
 0002:00000050       SysUtils.TEncoding.Create@
 0001:00000380       SysUtils.TEncoding.Destroy@
 0002:00000048       SysUtils.TLanguages.Create@
 0001:00000378       SysUtils.TLanguages.Destroy@
 0001:00000348       SysUtils.Trim
 0001:00000910       TeCanvas.Finalization
 0002:000002C8       TeCanvas.TeCanvas
 0001:00000918       TeeConst.Finalization
 0002:000002D0       TeeConst.TeeConst
 0001:00000920       TeeHtml.Finalization
 0002:000002D8       TeeHtml.TeeHtml
 0001:00000418       Themes.Finalization
 0002:000000A8       Themes.Themes
 0002:000000C0       TimeSpan.TTimeSpan.Create@
 0001:00000540       TimeSpan.TTimeSpan.Destroy@
 0001:00000340       TypInfo.Finalization
 0002:00000040       TypInfo.TypInfo
 0004:00000018       Unit_FooterSetup..2
 0001:00000940       Unit_FooterSetup..TForm_FooterSetup
 0001:000035A8       Unit_FooterSetup.Finalization
 0004:00000014       Unit_FooterSetup.Form_FooterSetup
 0001:000017E0       Unit_FooterSetup.SaveFooter
 0001:000017F0       Unit_FooterSetup.TForm_FooterSetup.BB_CloseClick
 0001:00001988       Unit_FooterSetup.TForm_FooterSetup.BB_NewClick
 0001:00001E08       Unit_FooterSetup.TForm_FooterSetup.BB_SaveClick
 0001:00002B50       Unit_FooterSetup.TForm_FooterSetup.DBGrid1DblClick
 0001:00002DC8       Unit_FooterSetup.TForm_FooterSetup.DBGrid1KeyDown
 0001:00002DDC       Unit_FooterSetup.TForm_FooterSetup.Dblcb_TestNameClick
 0001:00002F08       Unit_FooterSetup.TForm_FooterSetup.Dblcb_TestNameKeyDown
 0001:00002F64       Unit_FooterSetup.TForm_FooterSetup.Dblcb_TestNameNewKeyDown
 0001:00002FC0       Unit_FooterSetup.TForm_FooterSetup.Edit_SearchChange
 0001:00001B2C       Unit_FooterSetup.TForm_FooterSetup.FillVariables
 0001:0000314C       Unit_FooterSetup.TForm_FooterSetup.FormKeyDown
 0001:0000318C       Unit_FooterSetup.TForm_FooterSetup.FormShow
 0001:000031D8       Unit_FooterSetup.TForm_FooterSetup.PageControl1Change
 0001:0000320C       Unit_FooterSetup.TForm_FooterSetup.SMDBGrid1DblClick
 0001:00003484       Unit_FooterSetup.TForm_FooterSetup.spbtnSendToExcelClick
 0001:00001A44       Unit_FooterSetup.TForm_FooterSetup.ValidData
 0002:000002F0       Unit_FooterSetup.Unit_FooterSetup
 0001:000017E8       Unit_FooterSetup.UpdateFooter
 0001:00000930       Unit_Message.Finalization
 0002:000002E8       Unit_Message.Unit_Message
 0001:00000550       UxTheme.Finalization
 0002:000000D0       UxTheme.UxTheme
 0001:00000390       Variants.@VarClr
 0001:000003C0       Variants.@VarCmpEQ
 0001:000003C8       Variants.@VarCmpNE
 0001:000003B0       Variants.@VarFromInt
 0001:00000398       Variants.@VarToInteger
 0001:000003A0       Variants.@VarToReal
 0001:000003A8       Variants.@VarToUStr
 0001:000003D0       Variants.Finalization
 0001:000003B8       Variants.Null
 0002:00000068       Variants.Variants
 0001:000003D8       VarUtils.Finalization
 0002:00000070       VarUtils.VarUtils
 0001:00000730       WideStrings.Finalization
 0002:00000130       WideStrings.WideStrings
 0004:0000000C       Windows..2
 0001:000002E8       Windows.Finalization
 0001:00000294       Windows.FreeLibrary
 0001:0000029C       Windows.GetVersionEx
 0004:00000010       Windows.HtmlHelpModule
 0001:000002AC       Windows.InitVersionInfo
 0001:000002A4       Windows.keybd_event
 0003:00000030       Windows.Win32MajorVersion
 0003:00000034       Windows.Win32MinorVersion
 0003:00000038       Windows.Win32Platform
 0002:00000018       Windows.Windows


  Address             Publics by Value

 0001:00000000       System.TObject.NewInstance
 0001:00000008       System.TObject.FreeInstance
 0001:00000010       System.TObject.Free
 0001:00000018       System.TObject.Equals
 0001:00000020       System.TObject.GetHashCode
 0001:00000028       System.TObject.ToString
 0001:00000030       System.TObject.Dispatch
 0001:00000038       System.@HandleAnyException
 0001:00000040       System.@HandleFinally
 0001:00000048       System.@DoneExcept
 0001:00000050       System.@PackageLoad
 0001:00000058       System.@PackageUnload
 0001:00000060       System.@RunError
 0001:00000068       System.@UStrClr
 0001:00000070       System.@UStrArrayClr
 0001:00000078       System.@UStrAsg
 0001:00000080       System.@UStrLen
 0001:00000088       System.@UStrCat3
 0001:00000090       System.@UStrCatN
 0001:00000098       System.@UStrEqual
 0001:000000A0       System.@UStrCopy
 0001:000000A8       System.RegisterModule
 0001:000000B0       System.UnregisterModule
 0001:000000B8       System.Finalization
 0001:000000C0       SysInit.FreeLibrary
 0001:000000C8       SysInit.LocalAlloc
 0001:000000D0       SysInit.LocalFree
 0001:000000D8       SysInit.TlsAlloc
 0001:000000E0       SysInit.TlsFree
 0001:000000E8       SysInit.TlsGetValue
 0001:000000F0       SysInit.TlsSetValue
 0001:000000F8       SysInit.AllocTlsBuffer
 0001:00000104       SysInit.GetTlsSize
 0001:0000010C       SysInit.InitThreadTLS
 0001:00000150       SysInit.InitProcessTLS
 0001:0000017C       SysInit.ExitThreadTLS
 0001:000001B4       SysInit.ExitProcessTLS
 0001:000001D8       SysInit.InitializeModule
 0001:000001E4       SysInit.UninitializeModule
 0001:00000208       SysInit.@InitPkg
 0001:0000026C       SysInit.@PackageLoad
 0001:00000278       SysInit.@PackageUnload
 0001:00000284       SMDBGrid.Finalization
 0001:0000028C       Graphics.Finalization
 0001:00000294       Windows.FreeLibrary
 0001:0000029C       Windows.GetVersionEx
 0001:000002A4       Windows.keybd_event
 0001:000002AC       Windows.InitVersionInfo
 0001:000002E8       Windows.Finalization
 0001:00000308       Classes.TPersistent.Assign
 0001:00000310       Classes.TThread.Destroy@
 0001:00000318       Classes.TComponent.WriteState
 0001:00000320       Classes.TComponent.UpdateAction
 0001:00000328       Classes.TComponent.SafeCallException
 0001:00000330       Classes.TComponent.UpdateRegistry
 0001:00000338       Classes.Finalization
 0001:00000340       TypInfo.Finalization
 0001:00000348       SysUtils.Trim
 0001:00000350       SysUtils.QuotedStr
 0001:00000358       SysUtils.IntToStr
 0001:00000360       SysUtils.FloatToStr
 0001:00000368       SysUtils.Exception.Destroy@
 0001:00000370       SysUtils.StringReplace
 0001:00000378       SysUtils.TLanguages.Destroy@
 0001:00000380       SysUtils.TEncoding.Destroy@
 0001:00000388       SysUtils.Finalization
 0001:00000390       Variants.@VarClr
 0001:00000398       Variants.@VarToInteger
 0001:000003A0       Variants.@VarToReal
 0001:000003A8       Variants.@VarToUStr
 0001:000003B0       Variants.@VarFromInt
 0001:000003B8       Variants.Null
 0001:000003C0       Variants.@VarCmpEQ
 0001:000003C8       Variants.@VarCmpNE
 0001:000003D0       Variants.Finalization
 0001:000003D8       VarUtils.Finalization
 0001:000003E0       Registry.Finalization
 0001:000003E8       IniFiles.Finalization
 0001:000003F0       IOUtils.TPath.Destroy@
 0001:000003F8       IOUtils.Finalization
 0001:00000400       SMCnst.Finalization
 0001:00000408       StdCtrls.TCustomMemo.Create
 0001:00000410       ActnList.Finalization
 0001:00000418       Themes.Finalization
 0001:00000420       Controls.TControl.GetDragImages
 0001:00000428       Controls.TControl.GetEnabled
 0001:00000430       Controls.TControl.GetAction
 0001:00000438       Controls.TControl.SetDragMode
 0001:00000440       Controls.TControl.SetWidth
 0001:00000448       Controls.TControl.SetAutoSize
 0001:00000450       Controls.TControl.SetName
 0001:00000458       Controls.TControl.SetEnabled
 0001:00000460       Controls.TControl.GetText
 0001:00000468       Controls.TControl.SetText
 0001:00000470       Controls.TControl.SetBiDiMode
 0001:00000478       Controls.TControl.CreateTouchManager
 0001:00000480       Controls.TControl.GetFloatingDockSiteClass
 0001:00000488       Controls.TControl.InitiateAction
 0001:00000490       Controls.TWinControl.DestroyWnd
 0001:00000498       Controls.TWinControl.CreateHandle
 0001:000004A0       Controls.TWinControl.CustomAlignInsertBefore
 0001:000004A8       Controls.TWinControl.CustomAlignPosition
 0001:000004B0       Controls.TWinControl.SetParentDoubleBuffered
 0001:000004B8       Controls.TWinControl.SetBounds
 0001:000004C0       Controls.TWinControl.ShowControl
 0001:000004C8       Controls.TWinControl.GetDeviceContext
 0001:000004D0       Controls.TWinControl.Invalidate
 0001:000004D8       Controls.TWinControl.Update
 0001:000004E0       Controls.TWinControl.Repaint
 0001:000004E8       Controls.TWinControl.GetControlExtents
 0001:000004F0       Controls.TWinControl.GetClientOrigin
 0001:000004F8       Controls.TWinControl.CanResize
 0001:00000500       Controls.TWinControl.ConstrainedResize
 0001:00000508       Controls.TWinControl.AssignTo
 0001:00000510       Controls.TWinControl.CanAutoSize
 0001:00000518       Controls.TWinControl.SetParentBackground
 0001:00000520       Controls.TWinControl.DockReplaceDockClient
 0001:00000528       Controls.TWinControl.UpdateControlOriginalParentSize
 0001:00000530       Controls.Finalization
 0001:00000538       SyncObjs.Finalization
 0001:00000540       TimeSpan.TTimeSpan.Destroy@
 0001:00000548       Menus.Finalization
 0001:00000550       UxTheme.Finalization
 0001:00000558       MultiMon.Finalization
 0001:00000560       Forms.TScrollingWinControl.AutoScrollEnabled
 0001:00000568       Forms.TScrollingWinControl.DoGesture
 0001:00000570       Forms.TScrollingWinControl.DoGetGestureOptions
 0001:00000578       Forms.TScrollingWinControl.AutoScrollInView
 0001:00000580       Forms.TScrollingWinControl.AdjustClientRect
 0001:00000588       Forms.TCustomForm.Create
 0001:00000590       Forms.TCustomForm.AfterConstruction
 0001:00000598       Forms.TCustomForm.CreateNew
 0001:000005A0       Forms.TCustomForm.BeforeDestruction
 0001:000005A8       Forms.TCustomForm.Destroy
 0001:000005B0       Forms.TCustomForm.DoCreate
 0001:000005B8       Forms.TCustomForm.DoDestroy
 0001:000005C0       Forms.TCustomForm.Loaded
 0001:000005C8       Forms.TCustomForm.Notification
 0001:000005D0       Forms.TCustomForm.ReadState
 0001:000005D8       Forms.TCustomForm.DefineProperties
 0001:000005E0       Forms.TCustomForm.GetClientRect
 0001:000005E8       Forms.TCustomForm.GetFloating
 0001:000005F0       Forms.TCustomForm.SetParentBiDiMode
 0001:000005F8       Forms.TCustomForm.WantChildKey
 0001:00000600       Forms.TCustomForm.SetParent
 0001:00000608       Forms.TCustomForm.ValidateRename
 0001:00000610       Forms.TCustomForm.WndProc
 0001:00000618       Forms.TCustomForm.AlignControls
 0001:00000620       Forms.TCustomForm.CreateParams
 0001:00000628       Forms.TCustomForm.CreateWnd
 0001:00000630       Forms.TCustomForm.CreateWindowHandle
 0001:00000638       Forms.TCustomForm.DestroyHandle
 0001:00000640       Forms.TCustomForm.DestroyWindowHandle
 0001:00000648       Forms.TCustomForm.DefaultHandler
 0001:00000650       Forms.TCustomForm.SetActiveControl
 0001:00000658       Forms.TCustomForm.SetFocusedControl
 0001:00000660       Forms.TCustomForm.PaintWindow
 0001:00000668       Forms.TCustomForm.Resizing
 0001:00000670       Forms.TCustomForm.Close
 0001:00000678       Forms.TCustomForm.CloseQuery
 0001:00000680       Forms.TCustomForm.SetFocus
 0001:00000688       Forms.TCustomForm.ShowModal
 0001:00000690       Forms.TCustomForm.UpdateActions
 0001:00000698       Forms.TCustomForm.RequestAlign
 0001:000006A0       Forms.TCustomForm.QueryInterface
 0001:000006A8       Forms.Finalization
 0001:000006B0       HelpIntfs.Finalization
 0001:000006B8       Dialogs.MessageDlg
 0001:000006C0       Dialogs.Finalization
 0001:000006C8       ComCtrls.TPageControl.GetPage
 0001:000006D0       ComCtrls.TPageControl.GetActivePageIndex
 0001:000006D8       ComCtrls.TPageControl.SetActivePageIndex
 0001:000006E0       ComCtrls.Finalization
 0001:000006E8       GraphUtil.Finalization
 0001:000006F0       ExtCtrls.Finalization
 0001:000006F8       Printers.Finalization
 0001:00000700       Clipbrd.Finalization
 0001:00000708       FlatSB.Finalization
 0001:00000710       DB.TDataSet.Open
 0001:00000718       DB.TDataSet.Close
 0001:00000720       DB.TDataSet.FieldByName
 0001:00000728       DB.Finalization
 0001:00000730       WideStrings.Finalization
 0001:00000738       FMTBcd.Finalization
 0001:00000740       SqlTimSt.Finalization
 0001:00000748       ComObj.Finalization
 0001:00000750       DBCtrls.TDBLookupControl.SetKeyValue
 0001:00000758       DBCtrls.Finalization
 0001:00000760       Buttons.Finalization
 0001:00000768       DBPWDlg.Finalization
 0001:00000770       DBLogDlg.Finalization
 0001:00000778       ExtDlgs.Finalization
 0001:00000780       OraCall.Finalization
 0001:00000788       MemUtils.Finalization
 0001:00000790       CLRClasses.Finalization
 0001:00000798       MTSCall.Finalization
 0001:000007A0       DBAccess.TCustomDADataSet.GetSQL
 0001:000007A8       DBAccess.Finalization
 0001:000007B0       CRParser.Finalization
 0001:000007B8       MemData.Finalization
 0001:000007C0       AnsiStrings.Finalization
 0001:000007C8       DASQLMonitor.Finalization
 0001:000007D0       CRVioTcp.Finalization
 0001:000007D8       DBMonitorClient.Finalization
 0001:000007E0       CRXml.Finalization
 0001:000007E8       OraSmart.Finalization
 0001:000007F0       OraParser.Finalization
 0001:000007F8       OraClasses.Finalization
 0001:00000800       OraObjects.Finalization
 0001:00000808       OraNet.Finalization
 0001:00000810       OraAlerter.Finalization
 0001:00000818       Ora.TOraDataSet.ExecSQL
 0001:00000820       Ora.TOraDataSet.SetSession
 0001:00000828       Ora.Finalization
 0001:00000830       OraConnectionPool.Finalization
 0001:00000838       OraSQLMonitor.Finalization
 0001:00000840       DBTables.Finalization
 0001:00000848       OleServer.Finalization
 0001:00000850       OleCtrls.Finalization
 0001:00000858       AxCtrls.Finalization
 0001:00000860       jpeg.Finalization
 0001:00000868       ServerDate.TodaysDate
 0001:00000870       ServerDate.TodaysDateVS
 0001:00000878       ServerDate.Finalization
 0001:00000880       QRCtrls.Finalization
 0001:00000888       QRExpr.Finalization
 0001:00000890       QuickRpt.Finalization
 0001:00000898       OleCtnrs.Finalization
 0001:000008A0       QRExtra.Finalization
 0001:000008A8       QRPrntr.Finalization
 0001:000008B0       QRPDFFilt.Finalization
 0001:000008B8       pdfconst.Finalization
 0001:000008C0       QRExport.Finalization
 0001:000008C8       QRWebFilt.Finalization
 0001:000008D0       QRPrev.Finalization
 0001:000008D8       QRXMLSFilt.Finalization
 0001:000008E0       QRPrnSu.Finalization
 0001:000008E8       Fxn.ClearAll
 0001:000008F0       Fxn.ShowDoneMessage
 0001:000008F8       Fxn.MsgBox
 0001:00000900       Fxn.Finalization
 0001:00000908       ADODB.Finalization
 0001:00000910       TeCanvas.Finalization
 0001:00000918       TeeConst.Finalization
 0001:00000920       TeeHtml.Finalization
 0001:00000928       CheckLst.Finalization
 0001:00000930       Unit_Message.Finalization
 0001:00000938       DBGridExportToExcel.ExportDBGrid
 0001:00000940       Unit_FooterSetup..TForm_FooterSetup
 0001:000017E0       Unit_FooterSetup.SaveFooter
 0001:000017E8       Unit_FooterSetup.UpdateFooter
 0001:000017F0       Unit_FooterSetup.TForm_FooterSetup.BB_CloseClick
 0001:00001988       Unit_FooterSetup.TForm_FooterSetup.BB_NewClick
 0001:00001A44       Unit_FooterSetup.TForm_FooterSetup.ValidData
 0001:00001B2C       Unit_FooterSetup.TForm_FooterSetup.FillVariables
 0001:00001E08       Unit_FooterSetup.TForm_FooterSetup.BB_SaveClick
 0001:00002B50       Unit_FooterSetup.TForm_FooterSetup.DBGrid1DblClick
 0001:00002DC8       Unit_FooterSetup.TForm_FooterSetup.DBGrid1KeyDown
 0001:00002DDC       Unit_FooterSetup.TForm_FooterSetup.Dblcb_TestNameClick
 0001:00002F08       Unit_FooterSetup.TForm_FooterSetup.Dblcb_TestNameKeyDown
 0001:00002F64       Unit_FooterSetup.TForm_FooterSetup.Dblcb_TestNameNewKeyDown
 0001:00002FC0       Unit_FooterSetup.TForm_FooterSetup.Edit_SearchChange
 0001:0000314C       Unit_FooterSetup.TForm_FooterSetup.FormKeyDown
 0001:0000318C       Unit_FooterSetup.TForm_FooterSetup.FormShow
 0001:000031D8       Unit_FooterSetup.TForm_FooterSetup.PageControl1Change
 0001:0000320C       Unit_FooterSetup.TForm_FooterSetup.SMDBGrid1DblClick
 0001:00003484       Unit_FooterSetup.TForm_FooterSetup.spbtnSendToExcelClick
 0001:000035A8       Unit_FooterSetup.Finalization
 0001:00003C58       .FooterSetup.@GetPackageInfoTable
 0001:00003C60       .FooterSetup.@PackageLoad
 0001:00003C6C       .FooterSetup.@PackageUnload
 0002:00000000       System.System
 0002:00000008       SMDBGrid.SMDBGrid
 0002:00000010       Graphics.Graphics
 0002:00000018       Windows.Windows
 0002:00000030       Classes.TThread.Create@
 0002:00000038       Classes.Classes
 0002:00000040       TypInfo.TypInfo
 0002:00000048       SysUtils.TLanguages.Create@
 0002:00000050       SysUtils.TEncoding.Create@
 0002:00000058       SysUtils.Exception.Create@
 0002:00000060       SysUtils.SysUtils
 0002:00000068       Variants.Variants
 0002:00000070       VarUtils.VarUtils
 0002:00000078       Registry.Registry
 0002:00000080       IniFiles.IniFiles
 0002:00000088       IOUtils.TPath.Create@
 0002:00000090       IOUtils.IOUtils
 0002:00000098       SMCnst.SMCnst
 0002:000000A0       ActnList.ActnList
 0002:000000A8       Themes.Themes
 0002:000000B0       Controls.Controls
 0002:000000B8       SyncObjs.SyncObjs
 0002:000000C0       TimeSpan.TTimeSpan.Create@
 0002:000000C8       Menus.Menus
 0002:000000D0       UxTheme.UxTheme
 0002:000000D8       MultiMon.MultiMon
 0002:000000E0       Forms.Forms
 0002:000000E8       HelpIntfs.HelpIntfs
 0002:000000F0       Dialogs.Dialogs
 0002:000000F8       ComCtrls.ComCtrls
 0002:00000100       GraphUtil.GraphUtil
 0002:00000108       ExtCtrls.ExtCtrls
 0002:00000110       Printers.Printers
 0002:00000118       Clipbrd.Clipbrd
 0002:00000120       FlatSB.FlatSB
 0002:00000128       DB.DB
 0002:00000130       WideStrings.WideStrings
 0002:00000138       FMTBcd.FMTBcd
 0002:00000140       SqlTimSt.SqlTimSt
 0002:00000148       ComObj.ComObj
 0002:00000150       DBCtrls.DBCtrls
 0002:00000158       Buttons.Buttons
 0002:00000160       DBPWDlg.DBPWDlg
 0002:00000168       DBLogDlg.DBLogDlg
 0002:00000170       ExtDlgs.ExtDlgs
 0002:00000178       OraCall.OraCall
 0002:00000180       MemUtils.MemUtils
 0002:00000188       CLRClasses.CLRClasses
 0002:00000190       MTSCall.MTSCall
 0002:00000198       DBAccess.DBAccess
 0002:000001A0       CRParser.CRParser
 0002:000001A8       MemData.MemData
 0002:000001B0       AnsiStrings.AnsiStrings
 0002:000001B8       DASQLMonitor.DASQLMonitor
 0002:000001C0       CRVioTcp.CRVioTcp
 0002:000001C8       DBMonitorClient.DBMonitorClient
 0002:000001D0       CRXml.CRXml
 0002:000001D8       OraSmart.OraSmart
 0002:000001E0       OraParser.OraParser
 0002:000001E8       OraClasses.OraClasses
 0002:000001F0       OraObjects.OraObjects
 0002:000001F8       OraNet.OraNet
 0002:00000200       OraAlerter.OraAlerter
 0002:00000208       Ora.Ora
 0002:00000210       OraConnectionPool.OraConnectionPool
 0002:00000218       OraSQLMonitor.OraSQLMonitor
 0002:00000220       DBTables.DBTables
 0002:00000228       OleServer.OleServer
 0002:00000230       OleCtrls.OleCtrls
 0002:00000238       AxCtrls.AxCtrls
 0002:00000240       jpeg.jpeg
 0002:00000248       ServerDate.ServerDate
 0002:00000250       QRCtrls.QRCtrls
 0002:00000258       QRExpr.QRExpr
 0002:00000260       QuickRpt.QuickRpt
 0002:00000268       OleCtnrs.OleCtnrs
 0002:00000270       QRExtra.QRExtra
 0002:00000278       QRPrntr.QRPrntr
 0002:00000280       QRPDFFilt.QRPDFFilt
 0002:00000288       pdfconst.pdfconst
 0002:00000290       QRExport.QRExport
 0002:00000298       QRWebFilt.QRWebFilt
 0002:000002A0       QRPrev.QRPrev
 0002:000002A8       QRXMLSFilt.QRXMLSFilt
 0002:000002B0       QRPrnSu.QRPrnSu
 0002:000002B8       Fxn.Fxn
 0002:000002C0       ADODB.ADODB
 0002:000002C8       TeCanvas.TeCanvas
 0002:000002D0       TeeConst.TeeConst
 0002:000002D8       TeeHtml.TeeHtml
 0002:000002E0       CheckLst.CheckLst
 0002:000002E8       Unit_Message.Unit_Message
 0002:000002F0       Unit_FooterSetup.Unit_FooterSetup
 0002:000002F8       .FooterSetup..FooterSetup
 0003:00000000       SysInit.TlsIndex
 0003:00000004       SysInit.Module
 0003:00000020       SysInit.TlsProc
 0003:00000030       Windows.Win32MajorVersion
 0003:00000034       Windows.Win32MinorVersion
 0003:00000038       Windows.Win32Platform
 0004:00000000       SysInit.ModuleIsLib
 0004:00000001       SysInit.ModuleIsPackage
 0004:00000004       SysInit.HInstance
 0004:00000008       SysInit.tlsBuffer
 0004:0000000C       Windows..2
 0004:00000010       Windows.HtmlHelpModule
 0004:00000014       Unit_FooterSetup.Form_FooterSetup
 0004:00000018       Unit_FooterSetup..2
 0005:00000000       SysInit.TlsLast


Line numbers for Unit_FooterSetup(Unit_FooterSetup.pas) segment .text

    78 0001:000017E0    80 0001:000017E8    84 0001:000017F0    85 0001:00001811
    87 0001:00001826    88 0001:00001836    89 0001:00001844    90 0001:0000185C
    91 0001:0000187C    93 0001:000018CB    94 0001:000018D9    96 0001:000018F6
    98 0001:00001909   101 0001:0000191C   102 0001:00001924   105 0001:00001988
   106 0001:000019A2   107 0001:000019A9   108 0001:000019B9   109 0001:000019CE
   110 0001:000019DF   111 0001:000019FC   112 0001:00001A13   113 0001:00001A21
   116 0001:00001A44   117 0001:00001A63   118 0001:00001A65   120 0001:00001A74
   122 0001:00001ACF   123 0001:00001AE1   125 0001:00001AE3   126 0001:00001AE5
   131 0001:00001B2C   132 0001:00001B49   133 0001:00001B59   134 0001:00001B62
   135 0001:00001B6E   136 0001:00001B79   137 0001:00001B8B   139 0001:00001B94
   140 0001:00001B9B   141 0001:00001BB1   142 0001:00001BD8   143 0001:00001C1D
   144 0001:00001C33   147 0001:00001C43   149 0001:00001C5F   158 0001:00001C66
   160 0001:00001C7C   161 0001:00001C8D   162 0001:00001C94   163 0001:00001CAD
   164 0001:00001CC9   165 0001:00001CE5   166 0001:00001D01   169 0001:00001D1F
   171 0001:00001D26   173 0001:00001D2F   175 0001:00001D41   176 0001:00001D52
   177 0001:00001D59   180 0001:00001D74   183 0001:00001D7B   186 0001:00001E08
   187 0001:00001E2B   189 0001:00001E3B   190 0001:00001E43   192 0001:00001E5C
   194 0001:00001E65   195 0001:00001E6C   196 0001:00001E7D   197 0001:00001E89
   198 0001:00001EBB   200 0001:00001EC2   202 0001:00001F22   203 0001:00001F6A
   208 0001:00001F6F   209 0001:00001F7D   210 0001:00001F8F   211 0001:00001F9D
   214 0001:00001FAD   215 0001:00001FE5   217 0001:00001FF5   219 0001:00001FFE
   220 0001:00002005   221 0001:00002016   222 0001:00002022   223 0001:00002067
   225 0001:00002099   227 0001:000020A0   229 0001:000020A9   230 0001:000020B0
   231 0001:000020C1   232 0001:000020CD   233 0001:00002112   235 0001:00002144
   237 0001:0000214B   239 0001:00002154   240 0001:0000215B   241 0001:0000216C
   242 0001:00002178   243 0001:000021BD   245 0001:000021EF   248 0001:000021F6
   250 0001:000021FF   251 0001:00002206   252 0001:00002217   253 0001:00002223
   254 0001:00002268   255 0001:0000229A   260 0001:000022A6   262 0001:000022AF
   263 0001:000022B6   264 0001:000022C7   265 0001:000022D3   266 0001:00002326
   267 0001:0000235E   275 0001:0000236A   276 0001:000023AC   278 0001:000023BC
   280 0001:000023C5   281 0001:000023CC   282 0001:000023DD   283 0001:000023E9
   284 0001:00002440   286 0001:0000247E   289 0001:00002485   291 0001:0000248E
   292 0001:00002495   293 0001:000024A6   294 0001:000024B2   295 0001:00002509
   296 0001:00002547   299 0001:0000254E   301 0001:00002557   302 0001:0000255E
   303 0001:0000256F   304 0001:0000257B   305 0001:000025D2   306 0001:00002610
   309 0001:00002617   311 0001:00002620   312 0001:00002627   313 0001:00002638
   314 0001:00002644   315 0001:0000269B   316 0001:000026D9   321 0001:000026E5
   323 0001:000026EE   324 0001:000026F5   325 0001:00002706   326 0001:00002712
   327 0001:00002777   328 0001:000027B5   334 0001:000027CE   335 0001:000027DA
   337 0001:00002814   339 0001:0000285B   340 0001:0000286D   341 0001:00002877
   343 0001:0000288B   344 0001:0000289D   345 0001:000028AF   348 0001:000028BB
   349 0001:000028CC   350 0001:000028DD   351 0001:000028EB   352 0001:000028F9
   353 0001:0000290A   358 0001:00002B50   359 0001:00002B6F   361 0001:00002B84
   362 0001:00002B94   363 0001:00002B9D   364 0001:00002BA8   365 0001:00002BB8
   366 0001:00002BBF   368 0001:00002BC8   369 0001:00002BE0   370 0001:00002C0C
   371 0001:00002C2F   372 0001:00002C52   373 0001:00002C62   374 0001:00002C78
   375 0001:00002C9C   377 0001:00002CAE   379 0001:00002CBE   380 0001:00002CC5
   383 0001:00002DC8   384 0001:00002DCB   385 0001:00002DD1   386 0001:00002DD6
   389 0001:00002DDC   390 0001:00002DF9   391 0001:00002E07   392 0001:00002E1F
   393 0001:00002E6E   394 0001:00002E7C   396 0001:00002E99   398 0001:00002EAC
   402 0001:00002F08   403 0001:00002F24   404 0001:00002F2A   405 0001:00002F40
   409 0001:00002F64   410 0001:00002F80   411 0001:00002F86   412 0001:00002F9C
   415 0001:00002FC0   416 0001:00002FDE   417 0001:00003016   419 0001:0000301C
   421 0001:0000303B   422 0001:00003080   425 0001:0000308E   427 0001:0000309A
   430 0001:0000314C   431 0001:00003155   432 0001:0000315B   433 0001:00003162
   434 0001:00003176   435 0001:00003183   438 0001:0000318C   439 0001:0000318F
   440 0001:0000319C   441 0001:000031A7   442 0001:000031BC   443 0001:000031C7
   452 0001:000031D5   455 0001:000031D8   456 0001:000031DB   457 0001:000031E9
   459 0001:000031F8   460 0001:00003208   465 0001:0000320C   466 0001:0000322B
   468 0001:00003240   469 0001:00003250   470 0001:00003259   471 0001:00003264
   472 0001:00003274   473 0001:0000327B   475 0001:00003284   476 0001:0000329C
   477 0001:000032C8   478 0001:000032EB   479 0001:0000330E   480 0001:0000331E
   481 0001:00003334   482 0001:00003358   484 0001:0000336A   487 0001:0000337A
   488 0001:00003381   491 0001:00003484   492 0001:0000349E   495 0001:000034AF
   497 0001:000034C5   500 0001:00003529

Line numbers for Unit_FooterSetup(Unit_FooterSetup.pas) segment .itext

   502 0002:000002F0

Line numbers for .FooterSetup(FooterSetup.dpk) segment .itext

    38 0002:000002F8

Bound resource files

Unit_FooterSetup.dfm
FooterSetup.res
FooterSetup.drf


Program entry point at 0002:000002F8
