
 Start         Length     Name                   Class
 0001:00401000 00000CDCH .text                   CODE
 0002:00402000 00000188H .itext                  ICODE
 0003:00403000 0000003CH .data                   DATA
 0004:00404000 00000018H .bss                    BSS
 0005:00000000 00000000H .tls                    TLS


Detailed map of segments

 0001:00000000 00000066 C=CODE     S=.text    G=(none)   M=System   ACBP=A9
 0001:00000068 000001C3 C=CODE     S=.text    G=(none)   M=SysInit  ACBP=A9
 0001:0000022C 00000006 C=CODE     S=.text    G=(none)   M=ExtCtrls ACBP=A9
 0001:00000234 00000069 C=CODE     S=.text    G=(none)   M=Windows  ACBP=A9
 0001:000002A0 00000006 C=CODE     S=.text    G=(none)   M=Graphics ACBP=A9
 0001:000002A8 0000004E C=CODE     S=.text    G=(none)   M=Classes  ACBP=A9
 0001:000002F8 00000006 C=CODE     S=.text    G=(none)   M=TypInfo  ACBP=A9
 0001:00000300 0000001E C=CODE     S=.text    G=(none)   M=SysUtils ACBP=A9
 0001:00000320 00000006 C=CODE     S=.text    G=(none)   M=Variants ACBP=A9
 0001:00000328 00000006 C=CODE     S=.text    G=(none)   M=VarUtils ACBP=A9
 0001:00000330 00000006 C=CODE     S=.text    G=(none)   M=Registry ACBP=A9
 0001:00000338 00000006 C=CODE     S=.text    G=(none)   M=IniFiles ACBP=A9
 0001:00000340 0000000E C=CODE     S=.text    G=(none)   M=IOUtils  ACBP=A9
 0001:00000350 00000006 C=CODE     S=.text    G=(none)   M=Themes   ACBP=A9
 0001:00000358 0000016E C=CODE     S=.text    G=(none)   M=Controls ACBP=A9
 0001:000004C8 00000006 C=CODE     S=.text    G=(none)   M=SyncObjs ACBP=A9
 0001:000004D0 00000006 C=CODE     S=.text    G=(none)   M=TimeSpan ACBP=A9
 0001:000004D8 00000006 C=CODE     S=.text    G=(none)   M=ActnList ACBP=A9
 0001:000004E0 00000006 C=CODE     S=.text    G=(none)   M=Menus    ACBP=A9
 0001:000004E8 00000006 C=CODE     S=.text    G=(none)   M=UxTheme  ACBP=A9
 0001:000004F0 00000006 C=CODE     S=.text    G=(none)   M=MultiMon ACBP=A9
 0001:000004F8 0000006E C=CODE     S=.text    G=(none)   M=Forms    ACBP=A9
 0001:00000568 00000006 C=CODE     S=.text    G=(none)   M=HelpIntfs ACBP=A9
 0001:00000570 00000006 C=CODE     S=.text    G=(none)   M=Dialogs  ACBP=A9
 0001:00000578 00000006 C=CODE     S=.text    G=(none)   M=ComCtrls ACBP=A9
 0001:00000580 00000006 C=CODE     S=.text    G=(none)   M=GraphUtil ACBP=A9
 0001:00000588 00000006 C=CODE     S=.text    G=(none)   M=Printers ACBP=A9
 0001:00000590 00000006 C=CODE     S=.text    G=(none)   M=Clipbrd  ACBP=A9
 0001:00000598 00000006 C=CODE     S=.text    G=(none)   M=FlatSB   ACBP=A9
 0001:000005A0 00000006 C=CODE     S=.text    G=(none)   M=Buttons  ACBP=A9
 0001:000005A8 00000006 C=CODE     S=.text    G=(none)   M=OleServer ACBP=A9
 0001:000005B0 00000006 C=CODE     S=.text    G=(none)   M=ComObj   ACBP=A9
 0001:000005B8 00000006 C=CODE     S=.text    G=(none)   M=OleCtrls ACBP=A9
 0001:000005C0 00000006 C=CODE     S=.text    G=(none)   M=AxCtrls  ACBP=A9
 0001:000005C8 00000006 C=CODE     S=.text    G=(none)   M=DB       ACBP=A9
 0001:000005D0 00000006 C=CODE     S=.text    G=(none)   M=WideStrings ACBP=A9
 0001:000005D8 00000006 C=CODE     S=.text    G=(none)   M=FMTBcd   ACBP=A9
 0001:000005E0 00000006 C=CODE     S=.text    G=(none)   M=SqlTimSt ACBP=A9
 0001:000005E8 00000006 C=CODE     S=.text    G=(none)   M=DBCtrls  ACBP=A9
 0001:000005F0 00000006 C=CODE     S=.text    G=(none)   M=DBPWDlg  ACBP=A9
 0001:000005F8 00000006 C=CODE     S=.text    G=(none)   M=DBLogDlg ACBP=A9
 0001:00000600 00000363 C=CODE     S=.text    G=(none)   M=Unit_SampleRegisterFrame ACBP=A9
 0001:00000964 00000377 C=CODE     S=.text    G=(none)   M=.SampleRegister ACBP=A9
 0002:00000000 00000006 C=ICODE    S=.itext   G=(none)   M=System   ACBP=A9
 0002:00000008 00000006 C=ICODE    S=.itext   G=(none)   M=ExtCtrls ACBP=A9
 0002:00000010 00000016 C=ICODE    S=.itext   G=(none)   M=Windows  ACBP=A9
 0002:00000028 00000006 C=ICODE    S=.itext   G=(none)   M=Graphics ACBP=A9
 0002:00000030 0000000E C=ICODE    S=.itext   G=(none)   M=Classes  ACBP=A9
 0002:00000040 00000006 C=ICODE    S=.itext   G=(none)   M=TypInfo  ACBP=A9
 0002:00000048 0000001E C=ICODE    S=.itext   G=(none)   M=SysUtils ACBP=A9
 0002:00000068 00000006 C=ICODE    S=.itext   G=(none)   M=Variants ACBP=A9
 0002:00000070 00000006 C=ICODE    S=.itext   G=(none)   M=VarUtils ACBP=A9
 0002:00000078 00000006 C=ICODE    S=.itext   G=(none)   M=Registry ACBP=A9
 0002:00000080 00000006 C=ICODE    S=.itext   G=(none)   M=IniFiles ACBP=A9
 0002:00000088 0000000E C=ICODE    S=.itext   G=(none)   M=IOUtils  ACBP=A9
 0002:00000098 00000006 C=ICODE    S=.itext   G=(none)   M=Themes   ACBP=A9
 0002:000000A0 00000006 C=ICODE    S=.itext   G=(none)   M=Controls ACBP=A9
 0002:000000A8 00000006 C=ICODE    S=.itext   G=(none)   M=SyncObjs ACBP=A9
 0002:000000B0 00000006 C=ICODE    S=.itext   G=(none)   M=TimeSpan ACBP=A9
 0002:000000B8 00000006 C=ICODE    S=.itext   G=(none)   M=ActnList ACBP=A9
 0002:000000C0 00000006 C=ICODE    S=.itext   G=(none)   M=Menus    ACBP=A9
 0002:000000C8 00000006 C=ICODE    S=.itext   G=(none)   M=UxTheme  ACBP=A9
 0002:000000D0 00000006 C=ICODE    S=.itext   G=(none)   M=MultiMon ACBP=A9
 0002:000000D8 00000006 C=ICODE    S=.itext   G=(none)   M=Forms    ACBP=A9
 0002:000000E0 00000006 C=ICODE    S=.itext   G=(none)   M=HelpIntfs ACBP=A9
 0002:000000E8 00000006 C=ICODE    S=.itext   G=(none)   M=Dialogs  ACBP=A9
 0002:000000F0 00000006 C=ICODE    S=.itext   G=(none)   M=ComCtrls ACBP=A9
 0002:000000F8 00000006 C=ICODE    S=.itext   G=(none)   M=GraphUtil ACBP=A9
 0002:00000100 00000006 C=ICODE    S=.itext   G=(none)   M=Printers ACBP=A9
 0002:00000108 00000006 C=ICODE    S=.itext   G=(none)   M=Clipbrd  ACBP=A9
 0002:00000110 00000006 C=ICODE    S=.itext   G=(none)   M=FlatSB   ACBP=A9
 0002:00000118 00000006 C=ICODE    S=.itext   G=(none)   M=Buttons  ACBP=A9
 0002:00000120 00000006 C=ICODE    S=.itext   G=(none)   M=OleServer ACBP=A9
 0002:00000128 00000006 C=ICODE    S=.itext   G=(none)   M=ComObj   ACBP=A9
 0002:00000130 00000006 C=ICODE    S=.itext   G=(none)   M=OleCtrls ACBP=A9
 0002:00000138 00000006 C=ICODE    S=.itext   G=(none)   M=AxCtrls  ACBP=A9
 0002:00000140 00000006 C=ICODE    S=.itext   G=(none)   M=DB       ACBP=A9
 0002:00000148 00000006 C=ICODE    S=.itext   G=(none)   M=WideStrings ACBP=A9
 0002:00000150 00000006 C=ICODE    S=.itext   G=(none)   M=FMTBcd   ACBP=A9
 0002:00000158 00000006 C=ICODE    S=.itext   G=(none)   M=SqlTimSt ACBP=A9
 0002:00000160 00000006 C=ICODE    S=.itext   G=(none)   M=DBCtrls  ACBP=A9
 0002:00000168 00000006 C=ICODE    S=.itext   G=(none)   M=DBPWDlg  ACBP=A9
 0002:00000170 00000006 C=ICODE    S=.itext   G=(none)   M=DBLogDlg ACBP=A9
 0002:00000178 00000008 C=ICODE    S=.itext   G=(none)   M=Unit_SampleRegisterFrame ACBP=A9
 0002:00000180 00000005 C=ICODE    S=.itext   G=(none)   M=.SampleRegister ACBP=A9
 0003:00000000 00000030 C=DATA     S=.data    G=DGROUP   M=SysInit  ACBP=A9
 0003:00000030 0000000C C=DATA     S=.data    G=DGROUP   M=Windows  ACBP=A9
 0004:00000000 0000000C C=BSS      S=.bss     G=DGROUP   M=SysInit  ACBP=A9
 0004:0000000C 00000008 C=BSS      S=.bss     G=DGROUP   M=Windows  ACBP=A9
 0004:00000014 00000004 C=BSS      S=.bss     G=DGROUP   M=Unit_SampleRegisterFrame ACBP=A9


  Address             Publics by Name

 0002:00000180       .SampleRegister..SampleRegister
 0001:00000CBC       .SampleRegister.@GetPackageInfoTable
 0001:00000CC4       .SampleRegister.@PackageLoad
 0001:00000CD0       .SampleRegister.@PackageUnload
 0002:000000B8       ActnList.ActnList
 0001:000004D8       ActnList.Finalization
 0002:00000138       AxCtrls.AxCtrls
 0001:000005C0       AxCtrls.Finalization
 0002:00000118       Buttons.Buttons
 0001:000005A0       Buttons.Finalization
 0002:00000038       Classes.Classes
 0001:000002F0       Classes.Finalization
 0001:000002B8       Classes.TComponent.BeforeDestruction
 0001:000002E8       Classes.TComponent.QueryInterface
 0001:000002D8       Classes.TComponent.SafeCallException
 0001:000002D0       Classes.TComponent.UpdateAction
 0001:000002E0       Classes.TComponent.UpdateRegistry
 0001:000002C8       Classes.TComponent.ValidateRename
 0001:000002C0       Classes.TComponent.WriteState
 0001:000002A8       Classes.TPersistent.Assign
 0002:00000030       Classes.TThread.Create@
 0001:000002B0       Classes.TThread.Destroy@
 0002:00000108       Clipbrd.Clipbrd
 0001:00000590       Clipbrd.Finalization
 0002:000000F0       ComCtrls.ComCtrls
 0001:00000578       ComCtrls.Finalization
 0002:00000128       ComObj.ComObj
 0001:000005B0       ComObj.Finalization
 0002:000000A0       Controls.Controls
 0001:000004C0       Controls.Finalization
 0001:000003A0       Controls.TControl.CreateTouchManager
 0001:00000368       Controls.TControl.GetAction
 0001:00000358       Controls.TControl.GetDragImages
 0001:00000360       Controls.TControl.GetEnabled
 0001:000003B0       Controls.TControl.GetFloating
 0001:000003B8       Controls.TControl.GetFloatingDockSiteClass
 0001:000003C0       Controls.TControl.InitiateAction
 0001:000003A8       Controls.TControl.Loaded
 0001:00000378       Controls.TControl.SetAutoSize
 0001:00000390       Controls.TControl.SetBiDiMode
 0001:00000370       Controls.TControl.SetDragMode
 0001:00000388       Controls.TControl.SetEnabled
 0001:00000380       Controls.TControl.SetName
 0001:00000398       Controls.TControl.SetParentBiDiMode
 0001:00000498       Controls.TWinControl.AssignTo
 0001:000004A0       Controls.TWinControl.CanAutoSize
 0001:00000488       Controls.TWinControl.CanResize
 0001:00000490       Controls.TWinControl.ConstrainedResize
 0001:000003F8       Controls.TWinControl.CreateHandle
 0001:000003D8       Controls.TWinControl.CreateWindowHandle
 0001:00000400       Controls.TWinControl.CustomAlignInsertBefore
 0001:00000408       Controls.TWinControl.CustomAlignPosition
 0001:00000428       Controls.TWinControl.DefaultHandler
 0001:000003E0       Controls.TWinControl.DefineProperties
 0001:00000410       Controls.TWinControl.DestroyHandle
 0001:000003F0       Controls.TWinControl.DestroyWindowHandle
 0001:000003E8       Controls.TWinControl.DestroyWnd
 0001:000004B0       Controls.TWinControl.DockReplaceDockClient
 0001:00000478       Controls.TWinControl.GetClientOrigin
 0001:00000480       Controls.TWinControl.GetClientRect
 0001:00000470       Controls.TWinControl.GetControlExtents
 0001:00000448       Controls.TWinControl.GetDeviceContext
 0001:00000450       Controls.TWinControl.Invalidate
 0001:000003D0       Controls.TWinControl.Notification
 0001:000003C8       Controls.TWinControl.ReadState
 0001:00000460       Controls.TWinControl.Repaint
 0001:00000430       Controls.TWinControl.RequestAlign
 0001:00000438       Controls.TWinControl.SetBounds
 0001:00000468       Controls.TWinControl.SetFocus
 0001:000004A8       Controls.TWinControl.SetParentBackground
 0001:00000418       Controls.TWinControl.SetParentDoubleBuffered
 0001:00000440       Controls.TWinControl.ShowControl
 0001:00000458       Controls.TWinControl.Update
 0001:000004B8       Controls.TWinControl.UpdateControlOriginalParentSize
 0001:00000420       Controls.TWinControl.WndProc
 0002:00000140       DB.DB
 0001:000005C8       DB.Finalization
 0002:00000160       DBCtrls.DBCtrls
 0001:000005E8       DBCtrls.Finalization
 0002:00000170       DBLogDlg.DBLogDlg
 0001:000005F8       DBLogDlg.Finalization
 0002:00000168       DBPWDlg.DBPWDlg
 0001:000005F0       DBPWDlg.Finalization
 0002:000000E8       Dialogs.Dialogs
 0001:00000570       Dialogs.Finalization
 0002:00000008       ExtCtrls.ExtCtrls
 0001:0000022C       ExtCtrls.Finalization
 0001:00000598       FlatSB.Finalization
 0002:00000110       FlatSB.FlatSB
 0001:000005D8       FMTBcd.Finalization
 0002:00000150       FMTBcd.FMTBcd
 0001:00000560       Forms.Finalization
 0002:000000D8       Forms.Forms
 0001:00000540       Forms.TCustomFrame.Create
 0001:00000548       Forms.TCustomFrame.CreateParams
 0001:00000550       Forms.TCustomFrame.PaintWindow
 0001:00000558       Forms.TCustomFrame.SetParent
 0001:00000538       Forms.TScrollingWinControl.AdjustClientRect
 0001:00000508       Forms.TScrollingWinControl.AlignControls
 0001:00000510       Forms.TScrollingWinControl.AutoScrollEnabled
 0001:00000528       Forms.TScrollingWinControl.AutoScrollInView
 0001:00000500       Forms.TScrollingWinControl.CreateWnd
 0001:000004F8       Forms.TScrollingWinControl.Destroy
 0001:00000518       Forms.TScrollingWinControl.DoGesture
 0001:00000520       Forms.TScrollingWinControl.DoGetGestureOptions
 0001:00000530       Forms.TScrollingWinControl.Resizing
 0001:000002A0       Graphics.Finalization
 0002:00000028       Graphics.Graphics
 0001:00000580       GraphUtil.Finalization
 0002:000000F8       GraphUtil.GraphUtil
 0001:00000568       HelpIntfs.Finalization
 0002:000000E0       HelpIntfs.HelpIntfs
 0001:00000338       IniFiles.Finalization
 0002:00000080       IniFiles.IniFiles
 0001:00000348       IOUtils.Finalization
 0002:00000090       IOUtils.IOUtils
 0002:00000088       IOUtils.TPath.Create@
 0001:00000340       IOUtils.TPath.Destroy@
 0001:000004E0       Menus.Finalization
 0002:000000C0       Menus.Menus
 0001:000004F0       MultiMon.Finalization
 0002:000000D0       MultiMon.MultiMon
 0001:000005B8       OleCtrls.Finalization
 0002:00000130       OleCtrls.OleCtrls
 0001:000005A8       OleServer.Finalization
 0002:00000120       OleServer.OleServer
 0001:00000588       Printers.Finalization
 0002:00000100       Printers.Printers
 0001:00000330       Registry.Finalization
 0002:00000078       Registry.Registry
 0001:000005E0       SqlTimSt.Finalization
 0002:00000158       SqlTimSt.SqlTimSt
 0001:000004C8       SyncObjs.Finalization
 0002:000000A8       SyncObjs.SyncObjs
 0001:000001B0       SysInit.@InitPkg
 0001:00000214       SysInit.@PackageLoad
 0001:00000220       SysInit.@PackageUnload
 0001:000000A0       SysInit.AllocTlsBuffer
 0001:0000015C       SysInit.ExitProcessTLS
 0001:00000124       SysInit.ExitThreadTLS
 0001:00000068       SysInit.FreeLibrary
 0001:000000AC       SysInit.GetTlsSize
 0004:00000004       SysInit.HInstance
 0001:00000180       SysInit.InitializeModule
 0001:000000F8       SysInit.InitProcessTLS
 0001:000000B4       SysInit.InitThreadTLS
 0001:00000070       SysInit.LocalAlloc
 0001:00000078       SysInit.LocalFree
 0003:00000004       SysInit.Module
 0004:00000000       SysInit.ModuleIsLib
 0004:00000001       SysInit.ModuleIsPackage
 0001:00000080       SysInit.TlsAlloc
 0004:00000008       SysInit.tlsBuffer
 0001:00000088       SysInit.TlsFree
 0001:00000090       SysInit.TlsGetValue
 0003:00000000       SysInit.TlsIndex
 0005:00000000       SysInit.TlsLast
 0003:00000020       SysInit.TlsProc
 0001:00000098       SysInit.TlsSetValue
 0001:0000018C       SysInit.UninitializeModule
 0001:00000038       System.@PackageLoad
 0001:00000040       System.@PackageUnload
 0001:00000048       System.@RunError
 0001:00000060       System.Finalization
 0001:00000050       System.RegisterModule
 0002:00000000       System.System
 0001:00000028       System.TObject.AfterConstruction
 0001:00000030       System.TObject.Dispatch
 0001:00000010       System.TObject.Equals
 0001:00000008       System.TObject.FreeInstance
 0001:00000018       System.TObject.GetHashCode
 0001:00000000       System.TObject.NewInstance
 0001:00000020       System.TObject.ToString
 0001:00000058       System.UnregisterModule
 0002:00000058       SysUtils.Exception.Create@
 0001:00000300       SysUtils.Exception.Destroy@
 0001:00000318       SysUtils.Finalization
 0002:00000060       SysUtils.SysUtils
 0002:00000050       SysUtils.TEncoding.Create@
 0001:00000310       SysUtils.TEncoding.Destroy@
 0002:00000048       SysUtils.TLanguages.Create@
 0001:00000308       SysUtils.TLanguages.Destroy@
 0001:00000350       Themes.Finalization
 0002:00000098       Themes.Themes
 0002:000000B0       TimeSpan.TTimeSpan.Create@
 0001:000004D0       TimeSpan.TTimeSpan.Destroy@
 0001:000002F8       TypInfo.Finalization
 0002:00000040       TypInfo.TypInfo
 0004:00000014       Unit_SampleRegisterFrame..2
 0001:00000600       Unit_SampleRegisterFrame..TFrame_SampleRegister
 0001:0000095C       Unit_SampleRegisterFrame.Finalization
 0002:00000178       Unit_SampleRegisterFrame.Unit_SampleRegisterFrame
 0001:000004E8       UxTheme.Finalization
 0002:000000C8       UxTheme.UxTheme
 0001:00000320       Variants.Finalization
 0002:00000068       Variants.Variants
 0001:00000328       VarUtils.Finalization
 0002:00000070       VarUtils.VarUtils
 0001:000005D0       WideStrings.Finalization
 0002:00000148       WideStrings.WideStrings
 0004:0000000C       Windows..2
 0001:00000280       Windows.Finalization
 0001:00000234       Windows.FreeLibrary
 0001:0000023C       Windows.GetVersionEx
 0004:00000010       Windows.HtmlHelpModule
 0001:00000244       Windows.InitVersionInfo
 0003:00000030       Windows.Win32MajorVersion
 0003:00000034       Windows.Win32MinorVersion
 0003:00000038       Windows.Win32Platform
 0002:00000010       Windows.Windows


  Address             Publics by Value

 0001:00000000       System.TObject.NewInstance
 0001:00000008       System.TObject.FreeInstance
 0001:00000010       System.TObject.Equals
 0001:00000018       System.TObject.GetHashCode
 0001:00000020       System.TObject.ToString
 0001:00000028       System.TObject.AfterConstruction
 0001:00000030       System.TObject.Dispatch
 0001:00000038       System.@PackageLoad
 0001:00000040       System.@PackageUnload
 0001:00000048       System.@RunError
 0001:00000050       System.RegisterModule
 0001:00000058       System.UnregisterModule
 0001:00000060       System.Finalization
 0001:00000068       SysInit.FreeLibrary
 0001:00000070       SysInit.LocalAlloc
 0001:00000078       SysInit.LocalFree
 0001:00000080       SysInit.TlsAlloc
 0001:00000088       SysInit.TlsFree
 0001:00000090       SysInit.TlsGetValue
 0001:00000098       SysInit.TlsSetValue
 0001:000000A0       SysInit.AllocTlsBuffer
 0001:000000AC       SysInit.GetTlsSize
 0001:000000B4       SysInit.InitThreadTLS
 0001:000000F8       SysInit.InitProcessTLS
 0001:00000124       SysInit.ExitThreadTLS
 0001:0000015C       SysInit.ExitProcessTLS
 0001:00000180       SysInit.InitializeModule
 0001:0000018C       SysInit.UninitializeModule
 0001:000001B0       SysInit.@InitPkg
 0001:00000214       SysInit.@PackageLoad
 0001:00000220       SysInit.@PackageUnload
 0001:0000022C       ExtCtrls.Finalization
 0001:00000234       Windows.FreeLibrary
 0001:0000023C       Windows.GetVersionEx
 0001:00000244       Windows.InitVersionInfo
 0001:00000280       Windows.Finalization
 0001:000002A0       Graphics.Finalization
 0001:000002A8       Classes.TPersistent.Assign
 0001:000002B0       Classes.TThread.Destroy@
 0001:000002B8       Classes.TComponent.BeforeDestruction
 0001:000002C0       Classes.TComponent.WriteState
 0001:000002C8       Classes.TComponent.ValidateRename
 0001:000002D0       Classes.TComponent.UpdateAction
 0001:000002D8       Classes.TComponent.SafeCallException
 0001:000002E0       Classes.TComponent.UpdateRegistry
 0001:000002E8       Classes.TComponent.QueryInterface
 0001:000002F0       Classes.Finalization
 0001:000002F8       TypInfo.Finalization
 0001:00000300       SysUtils.Exception.Destroy@
 0001:00000308       SysUtils.TLanguages.Destroy@
 0001:00000310       SysUtils.TEncoding.Destroy@
 0001:00000318       SysUtils.Finalization
 0001:00000320       Variants.Finalization
 0001:00000328       VarUtils.Finalization
 0001:00000330       Registry.Finalization
 0001:00000338       IniFiles.Finalization
 0001:00000340       IOUtils.TPath.Destroy@
 0001:00000348       IOUtils.Finalization
 0001:00000350       Themes.Finalization
 0001:00000358       Controls.TControl.GetDragImages
 0001:00000360       Controls.TControl.GetEnabled
 0001:00000368       Controls.TControl.GetAction
 0001:00000370       Controls.TControl.SetDragMode
 0001:00000378       Controls.TControl.SetAutoSize
 0001:00000380       Controls.TControl.SetName
 0001:00000388       Controls.TControl.SetEnabled
 0001:00000390       Controls.TControl.SetBiDiMode
 0001:00000398       Controls.TControl.SetParentBiDiMode
 0001:000003A0       Controls.TControl.CreateTouchManager
 0001:000003A8       Controls.TControl.Loaded
 0001:000003B0       Controls.TControl.GetFloating
 0001:000003B8       Controls.TControl.GetFloatingDockSiteClass
 0001:000003C0       Controls.TControl.InitiateAction
 0001:000003C8       Controls.TWinControl.ReadState
 0001:000003D0       Controls.TWinControl.Notification
 0001:000003D8       Controls.TWinControl.CreateWindowHandle
 0001:000003E0       Controls.TWinControl.DefineProperties
 0001:000003E8       Controls.TWinControl.DestroyWnd
 0001:000003F0       Controls.TWinControl.DestroyWindowHandle
 0001:000003F8       Controls.TWinControl.CreateHandle
 0001:00000400       Controls.TWinControl.CustomAlignInsertBefore
 0001:00000408       Controls.TWinControl.CustomAlignPosition
 0001:00000410       Controls.TWinControl.DestroyHandle
 0001:00000418       Controls.TWinControl.SetParentDoubleBuffered
 0001:00000420       Controls.TWinControl.WndProc
 0001:00000428       Controls.TWinControl.DefaultHandler
 0001:00000430       Controls.TWinControl.RequestAlign
 0001:00000438       Controls.TWinControl.SetBounds
 0001:00000440       Controls.TWinControl.ShowControl
 0001:00000448       Controls.TWinControl.GetDeviceContext
 0001:00000450       Controls.TWinControl.Invalidate
 0001:00000458       Controls.TWinControl.Update
 0001:00000460       Controls.TWinControl.Repaint
 0001:00000468       Controls.TWinControl.SetFocus
 0001:00000470       Controls.TWinControl.GetControlExtents
 0001:00000478       Controls.TWinControl.GetClientOrigin
 0001:00000480       Controls.TWinControl.GetClientRect
 0001:00000488       Controls.TWinControl.CanResize
 0001:00000490       Controls.TWinControl.ConstrainedResize
 0001:00000498       Controls.TWinControl.AssignTo
 0001:000004A0       Controls.TWinControl.CanAutoSize
 0001:000004A8       Controls.TWinControl.SetParentBackground
 0001:000004B0       Controls.TWinControl.DockReplaceDockClient
 0001:000004B8       Controls.TWinControl.UpdateControlOriginalParentSize
 0001:000004C0       Controls.Finalization
 0001:000004C8       SyncObjs.Finalization
 0001:000004D0       TimeSpan.TTimeSpan.Destroy@
 0001:000004D8       ActnList.Finalization
 0001:000004E0       Menus.Finalization
 0001:000004E8       UxTheme.Finalization
 0001:000004F0       MultiMon.Finalization
 0001:000004F8       Forms.TScrollingWinControl.Destroy
 0001:00000500       Forms.TScrollingWinControl.CreateWnd
 0001:00000508       Forms.TScrollingWinControl.AlignControls
 0001:00000510       Forms.TScrollingWinControl.AutoScrollEnabled
 0001:00000518       Forms.TScrollingWinControl.DoGesture
 0001:00000520       Forms.TScrollingWinControl.DoGetGestureOptions
 0001:00000528       Forms.TScrollingWinControl.AutoScrollInView
 0001:00000530       Forms.TScrollingWinControl.Resizing
 0001:00000538       Forms.TScrollingWinControl.AdjustClientRect
 0001:00000540       Forms.TCustomFrame.Create
 0001:00000548       Forms.TCustomFrame.CreateParams
 0001:00000550       Forms.TCustomFrame.PaintWindow
 0001:00000558       Forms.TCustomFrame.SetParent
 0001:00000560       Forms.Finalization
 0001:00000568       HelpIntfs.Finalization
 0001:00000570       Dialogs.Finalization
 0001:00000578       ComCtrls.Finalization
 0001:00000580       GraphUtil.Finalization
 0001:00000588       Printers.Finalization
 0001:00000590       Clipbrd.Finalization
 0001:00000598       FlatSB.Finalization
 0001:000005A0       Buttons.Finalization
 0001:000005A8       OleServer.Finalization
 0001:000005B0       ComObj.Finalization
 0001:000005B8       OleCtrls.Finalization
 0001:000005C0       AxCtrls.Finalization
 0001:000005C8       DB.Finalization
 0001:000005D0       WideStrings.Finalization
 0001:000005D8       FMTBcd.Finalization
 0001:000005E0       SqlTimSt.Finalization
 0001:000005E8       DBCtrls.Finalization
 0001:000005F0       DBPWDlg.Finalization
 0001:000005F8       DBLogDlg.Finalization
 0001:00000600       Unit_SampleRegisterFrame..TFrame_SampleRegister
 0001:0000095C       Unit_SampleRegisterFrame.Finalization
 0001:00000CBC       .SampleRegister.@GetPackageInfoTable
 0001:00000CC4       .SampleRegister.@PackageLoad
 0001:00000CD0       .SampleRegister.@PackageUnload
 0002:00000000       System.System
 0002:00000008       ExtCtrls.ExtCtrls
 0002:00000010       Windows.Windows
 0002:00000028       Graphics.Graphics
 0002:00000030       Classes.TThread.Create@
 0002:00000038       Classes.Classes
 0002:00000040       TypInfo.TypInfo
 0002:00000048       SysUtils.TLanguages.Create@
 0002:00000050       SysUtils.TEncoding.Create@
 0002:00000058       SysUtils.Exception.Create@
 0002:00000060       SysUtils.SysUtils
 0002:00000068       Variants.Variants
 0002:00000070       VarUtils.VarUtils
 0002:00000078       Registry.Registry
 0002:00000080       IniFiles.IniFiles
 0002:00000088       IOUtils.TPath.Create@
 0002:00000090       IOUtils.IOUtils
 0002:00000098       Themes.Themes
 0002:000000A0       Controls.Controls
 0002:000000A8       SyncObjs.SyncObjs
 0002:000000B0       TimeSpan.TTimeSpan.Create@
 0002:000000B8       ActnList.ActnList
 0002:000000C0       Menus.Menus
 0002:000000C8       UxTheme.UxTheme
 0002:000000D0       MultiMon.MultiMon
 0002:000000D8       Forms.Forms
 0002:000000E0       HelpIntfs.HelpIntfs
 0002:000000E8       Dialogs.Dialogs
 0002:000000F0       ComCtrls.ComCtrls
 0002:000000F8       GraphUtil.GraphUtil
 0002:00000100       Printers.Printers
 0002:00000108       Clipbrd.Clipbrd
 0002:00000110       FlatSB.FlatSB
 0002:00000118       Buttons.Buttons
 0002:00000120       OleServer.OleServer
 0002:00000128       ComObj.ComObj
 0002:00000130       OleCtrls.OleCtrls
 0002:00000138       AxCtrls.AxCtrls
 0002:00000140       DB.DB
 0002:00000148       WideStrings.WideStrings
 0002:00000150       FMTBcd.FMTBcd
 0002:00000158       SqlTimSt.SqlTimSt
 0002:00000160       DBCtrls.DBCtrls
 0002:00000168       DBPWDlg.DBPWDlg
 0002:00000170       DBLogDlg.DBLogDlg
 0002:00000178       Unit_SampleRegisterFrame.Unit_SampleRegisterFrame
 0002:00000180       .SampleRegister..SampleRegister
 0003:00000000       SysInit.TlsIndex
 0003:00000004       SysInit.Module
 0003:00000020       SysInit.TlsProc
 0003:00000030       Windows.Win32MajorVersion
 0003:00000034       Windows.Win32MinorVersion
 0003:00000038       Windows.Win32Platform
 0004:00000000       SysInit.ModuleIsLib
 0004:00000001       SysInit.ModuleIsPackage
 0004:00000004       SysInit.HInstance
 0004:00000008       SysInit.tlsBuffer
 0004:0000000C       Windows..2
 0004:00000010       Windows.HtmlHelpModule
 0004:00000014       Unit_SampleRegisterFrame..2
 0005:00000000       SysInit.TlsLast


Line numbers for Unit_SampleRegisterFrame(..\..\Pathology\Unit_SampleRegisterFrame.pas) segment .itext

    38 0002:00000178

Line numbers for .SampleRegister(SampleRegister.dpk) segment .itext

    38 0002:00000180

Bound resource files

Unit_SampleRegisterFrame.dfm
SampleRegister.res
SampleRegister.drf


Program entry point at 0002:00000180
