
 Start         Length     Name                   Class
 0001:00401000 0001CFACH .text                   CODE
 0002:0041E000 000003A4H .itext                  ICODE
 0003:0041F000 000000FCH .data                   DATA
 0004:00420000 0000006CH .bss                    BSS
 0005:00000000 00000000H .tls                    TLS


Detailed map of segments

 0001:00000000 0000014E C=CODE     S=.text    G=(none)   M=System   ACBP=A9
 0001:00000150 000001C3 C=CODE     S=.text    G=(none)   M=SysInit  ACBP=A9
 0001:00000314 00000006 C=CODE     S=.text    G=(none)   M=Preview  ACBP=A9
 0001:0000031C 00000006 C=CODE     S=.text    G=(none)   M=Printers ACBP=A9
 0001:00000324 00000186 C=CODE     S=.text    G=(none)   M=Forms    ACBP=A9
 0001:000004AC 00000006 C=CODE     S=.text    G=(none)   M=UxTheme  ACBP=A9
 0001:000004B4 00000069 C=CODE     S=.text    G=(none)   M=Windows  ACBP=A9
 0001:00000520 00000006 C=CODE     S=.text    G=(none)   M=SyncObjs ACBP=A9
 0001:00000528 00000066 C=CODE     S=.text    G=(none)   M=Classes  ACBP=A9
 0001:00000590 00000006 C=CODE     S=.text    G=(none)   M=TypInfo  ACBP=A9
 0001:00000598 00000066 C=CODE     S=.text    G=(none)   M=SysUtils ACBP=A9
 0001:00000600 0000001E C=CODE     S=.text    G=(none)   M=Variants ACBP=A9
 0001:00000620 00000006 C=CODE     S=.text    G=(none)   M=VarUtils ACBP=A9
 0001:00000628 00000006 C=CODE     S=.text    G=(none)   M=TimeSpan ACBP=A9
 0001:00000630 00000006 C=CODE     S=.text    G=(none)   M=HelpIntfs ACBP=A9
 0001:00000638 00000006 C=CODE     S=.text    G=(none)   M=MultiMon ACBP=A9
 0001:00000640 00000006 C=CODE     S=.text    G=(none)   M=ActnList ACBP=A9
 0001:00000648 00000016 C=CODE     S=.text    G=(none)   M=Graphics ACBP=A9
 0001:00000660 00000006 C=CODE     S=.text    G=(none)   M=Registry ACBP=A9
 0001:00000668 00000006 C=CODE     S=.text    G=(none)   M=IniFiles ACBP=A9
 0001:00000670 0000000E C=CODE     S=.text    G=(none)   M=IOUtils  ACBP=A9
 0001:00000680 00000006 C=CODE     S=.text    G=(none)   M=Themes   ACBP=A9
 0001:00000688 000001A6 C=CODE     S=.text    G=(none)   M=Controls ACBP=A9
 0001:00000830 00000006 C=CODE     S=.text    G=(none)   M=Menus    ACBP=A9
 0001:00000838 00000016 C=CODE     S=.text    G=(none)   M=Dialogs  ACBP=A9
 0001:00000850 00000016 C=CODE     S=.text    G=(none)   M=ComCtrls ACBP=A9
 0001:00000868 00000006 C=CODE     S=.text    G=(none)   M=GraphUtil ACBP=A9
 0001:00000870 00000006 C=CODE     S=.text    G=(none)   M=StdCtrls ACBP=A9
 0001:00000878 00000006 C=CODE     S=.text    G=(none)   M=ExtCtrls ACBP=A9
 0001:00000880 00000006 C=CODE     S=.text    G=(none)   M=Clipbrd  ACBP=A9
 0001:00000888 00000006 C=CODE     S=.text    G=(none)   M=FlatSB   ACBP=A9
 0001:00000890 00000006 C=CODE     S=.text    G=(none)   M=pngimage ACBP=A9
 0001:00000898 00000006 C=CODE     S=.text    G=(none)   M=ActnMan  ACBP=A9
 0001:000008A0 00000006 C=CODE     S=.text    G=(none)   M=Buttons  ACBP=A9
 0001:000008A8 00000006 C=CODE     S=.text    G=(none)   M=ComObj   ACBP=A9
 0001:000008B0 00000006 C=CODE     S=.text    G=(none)   M=ActnMenus ACBP=A9
 0001:000008B8 00000006 C=CODE     S=.text    G=(none)   M=ExtActns ACBP=A9
 0001:000008C0 00000006 C=CODE     S=.text    G=(none)   M=ExtDlgs  ACBP=A9
 0001:000008C8 00000006 C=CODE     S=.text    G=(none)   M=Mapi     ACBP=A9
 0001:000008D0 00000006 C=CODE     S=.text    G=(none)   M=TeCanvas ACBP=A9
 0001:000008D8 00000006 C=CODE     S=.text    G=(none)   M=TeeConst ACBP=A9
 0001:000008E0 00000006 C=CODE     S=.text    G=(none)   M=TeeHtml  ACBP=A9
 0001:000008E8 00000006 C=CODE     S=.text    G=(none)   M=TeeProcs ACBP=A9
 0001:000008F0 00000006 C=CODE     S=.text    G=(none)   M=TeeFilters ACBP=A9
 0001:000008F8 00000006 C=CODE     S=.text    G=(none)   M=OraCall  ACBP=A9
 0001:00000900 00000006 C=CODE     S=.text    G=(none)   M=MemUtils ACBP=A9
 0001:00000908 00000006 C=CODE     S=.text    G=(none)   M=CLRClasses ACBP=A9
 0001:00000910 00000006 C=CODE     S=.text    G=(none)   M=MTSCall  ACBP=A9
 0001:00000918 0000000E C=CODE     S=.text    G=(none)   M=DBAccess ACBP=A9
 0001:00000928 00000006 C=CODE     S=.text    G=(none)   M=CRParser ACBP=A9
 0001:00000930 00000006 C=CODE     S=.text    G=(none)   M=MemData  ACBP=A9
 0001:00000938 00000006 C=CODE     S=.text    G=(none)   M=AnsiStrings ACBP=A9
 0001:00000940 00000006 C=CODE     S=.text    G=(none)   M=SqlTimSt ACBP=A9
 0001:00000948 00000006 C=CODE     S=.text    G=(none)   M=FMTBcd   ACBP=A9
 0001:00000950 00000006 C=CODE     S=.text    G=(none)   M=DASQLMonitor ACBP=A9
 0001:00000958 00000006 C=CODE     S=.text    G=(none)   M=CRVioTcp ACBP=A9
 0001:00000960 00000006 C=CODE     S=.text    G=(none)   M=DBMonitorClient ACBP=A9
 0001:00000968 00000006 C=CODE     S=.text    G=(none)   M=CRXml    ACBP=A9
 0001:00000970 00000056 C=CODE     S=.text    G=(none)   M=DB       ACBP=A9
 0001:000009C8 00000006 C=CODE     S=.text    G=(none)   M=WideStrings ACBP=A9
 0001:000009D0 00000006 C=CODE     S=.text    G=(none)   M=OraSmart ACBP=A9
 0001:000009D8 00000006 C=CODE     S=.text    G=(none)   M=OraParser ACBP=A9
 0001:000009E0 00000006 C=CODE     S=.text    G=(none)   M=OraClasses ACBP=A9
 0001:000009E8 00000006 C=CODE     S=.text    G=(none)   M=OraObjects ACBP=A9
 0001:000009F0 00000006 C=CODE     S=.text    G=(none)   M=OraNet   ACBP=A9
 0001:000009F8 00000006 C=CODE     S=.text    G=(none)   M=OraAlerter ACBP=A9
 0001:00000A00 0000001E C=CODE     S=.text    G=(none)   M=Ora      ACBP=A9
 0001:00000A20 00000006 C=CODE     S=.text    G=(none)   M=OraConnectionPool ACBP=A9
 0001:00000A28 00000006 C=CODE     S=.text    G=(none)   M=OraSQLMonitor ACBP=A9
 0001:00000A30 00000036 C=CODE     S=.text    G=(none)   M=DBTables ACBP=A9
 0001:00000A68 00000006 C=CODE     S=.text    G=(none)   M=OleServer ACBP=A9
 0001:00000A70 00000036 C=CODE     S=.text    G=(none)   M=OleCtrls ACBP=A9
 0001:00000AA8 00000006 C=CODE     S=.text    G=(none)   M=AxCtrls  ACBP=A9
 0001:00000AB0 00000006 C=CODE     S=.text    G=(none)   M=DBCtrls  ACBP=A9
 0001:00000AB8 00000006 C=CODE     S=.text    G=(none)   M=DBPWDlg  ACBP=A9
 0001:00000AC0 00000006 C=CODE     S=.text    G=(none)   M=DBLogDlg ACBP=A9
 0001:00000AC8 0000004E C=CODE     S=.text    G=(none)   M=Unit_Master ACBP=A9
 0001:00000B18 00000006 C=CODE     S=.text    G=(none)   M=jpeg     ACBP=A9
 0001:00000B20 00000026 C=CODE     S=.text    G=(none)   M=ServerDate ACBP=A9
 0001:00000B48 0000000E C=CODE     S=.text    G=(none)   M=QRCtrls  ACBP=A9
 0001:00000B58 00000006 C=CODE     S=.text    G=(none)   M=QRExpr   ACBP=A9
 0001:00000B60 00000026 C=CODE     S=.text    G=(none)   M=QuickRpt ACBP=A9
 0001:00000B88 00000006 C=CODE     S=.text    G=(none)   M=OleCtnrs ACBP=A9
 0001:00000B90 00000016 C=CODE     S=.text    G=(none)   M=Grids    ACBP=A9
 0001:00000BA8 00000006 C=CODE     S=.text    G=(none)   M=QRExtra  ACBP=A9
 0001:00000BB0 00000006 C=CODE     S=.text    G=(none)   M=QRPrntr  ACBP=A9
 0001:00000BB8 00000006 C=CODE     S=.text    G=(none)   M=QRPDFFilt ACBP=A9
 0001:00000BC0 00000006 C=CODE     S=.text    G=(none)   M=pdfconst ACBP=A9
 0001:00000BC8 00000006 C=CODE     S=.text    G=(none)   M=QRExport ACBP=A9
 0001:00000BD0 00000006 C=CODE     S=.text    G=(none)   M=QRWebFilt ACBP=A9
 0001:00000BD8 00000006 C=CODE     S=.text    G=(none)   M=QRPrev   ACBP=A9
 0001:00000BE0 00000006 C=CODE     S=.text    G=(none)   M=QRXMLSFilt ACBP=A9
 0001:00000BE8 00000006 C=CODE     S=.text    G=(none)   M=QRPrnSu  ACBP=A9
 0001:00000BF0 00000036 C=CODE     S=.text    G=(none)   M=DBGrids  ACBP=A9
 0001:00000C28 00000086 C=CODE     S=.text    G=(none)   M=Fxn      ACBP=A9
 0001:00000CB0 00000006 C=CODE     S=.text    G=(none)   M=ADODB    ACBP=A9
 0001:00000CB8 00000016 C=CODE     S=.text    G=(none)   M=CheckLst ACBP=A9
 0001:00000CD0 00000006 C=CODE     S=.text    G=(none)   M=Unit_Message ACBP=A9
 0001:00000CD8 00000006 C=CODE     S=.text    G=(none)   M=qrBarcode ACBP=A9
 0001:00000CE0 00000006 C=CODE     S=.text    G=(none)   M=Barcode  ACBP=A9
 0001:00000CE8 00000457 C=CODE     S=.text    G=(none)   M=Unit_QrSticker_Histo ACBP=A9
 0001:00001140 000014A3 C=CODE     S=.text    G=(none)   M=Unit_QrSampleCollectionreport ACBP=A9
 0001:000025E4 00000006 C=CODE     S=.text    G=(none)   M=DBGridExportToExcel ACBP=A9
 0001:000025EC 00000006 C=CODE     S=.text    G=(none)   M=SMDBGrid ACBP=A9
 0001:000025F4 00000006 C=CODE     S=.text    G=(none)   M=SMCnst   ACBP=A9
 0001:000025FC 00001C4F C=CODE     S=.text    G=(none)   M=Unit_SampleRegister ACBP=A9
 0001:0000424C 0000000E C=CODE     S=.text    G=(none)   M=UnitSendToExcel ACBP=A9
 0001:0000425C 00000663 C=CODE     S=.text    G=(none)   M=Unit_QrReportRemaining ACBP=A9
 0001:000048C0 00001AE7 C=CODE     S=.text    G=(none)   M=UnitReportRemaining ACBP=A9
 0001:000063A8 000043E3 C=CODE     S=.text    G=(none)   M=UnitMonitorRegister ACBP=A9
 0001:0000A78C 000019DB C=CODE     S=.text    G=(none)   M=Unit_ServiceDetail ACBP=A9
 0001:0000C168 00000DB3 C=CODE     S=.text    G=(none)   M=Unit_SampleReceive ACBP=A9
 0001:0000CF1C 0000043B C=CODE     S=.text    G=(none)   M=Unit_QrSticker ACBP=A9
 0001:0000D358 0000F38F C=CODE     S=.text    G=(none)   M=Unit_SampleCollectionFrame ACBP=A9
 0001:0001C6E8 000008C3 C=CODE     S=.text    G=(none)   M=.SampleCollection ACBP=A9
 0002:00000000 00000006 C=ICODE    S=.itext   G=(none)   M=System   ACBP=A9
 0002:00000008 00000006 C=ICODE    S=.itext   G=(none)   M=Preview  ACBP=A9
 0002:00000010 00000006 C=ICODE    S=.itext   G=(none)   M=Printers ACBP=A9
 0002:00000018 00000006 C=ICODE    S=.itext   G=(none)   M=Forms    ACBP=A9
 0002:00000020 00000006 C=ICODE    S=.itext   G=(none)   M=UxTheme  ACBP=A9
 0002:00000028 00000016 C=ICODE    S=.itext   G=(none)   M=Windows  ACBP=A9
 0002:00000040 00000006 C=ICODE    S=.itext   G=(none)   M=SyncObjs ACBP=A9
 0002:00000048 0000000E C=ICODE    S=.itext   G=(none)   M=Classes  ACBP=A9
 0002:00000058 00000006 C=ICODE    S=.itext   G=(none)   M=TypInfo  ACBP=A9
 0002:00000060 0000001E C=ICODE    S=.itext   G=(none)   M=SysUtils ACBP=A9
 0002:00000080 00000006 C=ICODE    S=.itext   G=(none)   M=Variants ACBP=A9
 0002:00000088 00000006 C=ICODE    S=.itext   G=(none)   M=VarUtils ACBP=A9
 0002:00000090 00000006 C=ICODE    S=.itext   G=(none)   M=TimeSpan ACBP=A9
 0002:00000098 00000006 C=ICODE    S=.itext   G=(none)   M=HelpIntfs ACBP=A9
 0002:000000A0 00000006 C=ICODE    S=.itext   G=(none)   M=MultiMon ACBP=A9
 0002:000000A8 00000006 C=ICODE    S=.itext   G=(none)   M=ActnList ACBP=A9
 0002:000000B0 00000006 C=ICODE    S=.itext   G=(none)   M=Graphics ACBP=A9
 0002:000000B8 00000006 C=ICODE    S=.itext   G=(none)   M=Registry ACBP=A9
 0002:000000C0 00000006 C=ICODE    S=.itext   G=(none)   M=IniFiles ACBP=A9
 0002:000000C8 0000000E C=ICODE    S=.itext   G=(none)   M=IOUtils  ACBP=A9
 0002:000000D8 00000006 C=ICODE    S=.itext   G=(none)   M=Themes   ACBP=A9
 0002:000000E0 00000006 C=ICODE    S=.itext   G=(none)   M=Controls ACBP=A9
 0002:000000E8 00000006 C=ICODE    S=.itext   G=(none)   M=Menus    ACBP=A9
 0002:000000F0 00000006 C=ICODE    S=.itext   G=(none)   M=Dialogs  ACBP=A9
 0002:000000F8 00000006 C=ICODE    S=.itext   G=(none)   M=ComCtrls ACBP=A9
 0002:00000100 00000006 C=ICODE    S=.itext   G=(none)   M=GraphUtil ACBP=A9
 0002:00000108 00000006 C=ICODE    S=.itext   G=(none)   M=ExtCtrls ACBP=A9
 0002:00000110 00000006 C=ICODE    S=.itext   G=(none)   M=Clipbrd  ACBP=A9
 0002:00000118 00000006 C=ICODE    S=.itext   G=(none)   M=FlatSB   ACBP=A9
 0002:00000120 00000006 C=ICODE    S=.itext   G=(none)   M=pngimage ACBP=A9
 0002:00000128 00000006 C=ICODE    S=.itext   G=(none)   M=ActnMan  ACBP=A9
 0002:00000130 00000006 C=ICODE    S=.itext   G=(none)   M=Buttons  ACBP=A9
 0002:00000138 00000006 C=ICODE    S=.itext   G=(none)   M=ComObj   ACBP=A9
 0002:00000140 00000006 C=ICODE    S=.itext   G=(none)   M=ActnMenus ACBP=A9
 0002:00000148 00000006 C=ICODE    S=.itext   G=(none)   M=ExtActns ACBP=A9
 0002:00000150 00000006 C=ICODE    S=.itext   G=(none)   M=ExtDlgs  ACBP=A9
 0002:00000158 00000006 C=ICODE    S=.itext   G=(none)   M=Mapi     ACBP=A9
 0002:00000160 00000006 C=ICODE    S=.itext   G=(none)   M=TeCanvas ACBP=A9
 0002:00000168 00000006 C=ICODE    S=.itext   G=(none)   M=TeeConst ACBP=A9
 0002:00000170 00000006 C=ICODE    S=.itext   G=(none)   M=TeeHtml  ACBP=A9
 0002:00000178 00000006 C=ICODE    S=.itext   G=(none)   M=TeeProcs ACBP=A9
 0002:00000180 00000006 C=ICODE    S=.itext   G=(none)   M=TeeFilters ACBP=A9
 0002:00000188 00000006 C=ICODE    S=.itext   G=(none)   M=OraCall  ACBP=A9
 0002:00000190 00000006 C=ICODE    S=.itext   G=(none)   M=MemUtils ACBP=A9
 0002:00000198 00000006 C=ICODE    S=.itext   G=(none)   M=CLRClasses ACBP=A9
 0002:000001A0 00000006 C=ICODE    S=.itext   G=(none)   M=MTSCall  ACBP=A9
 0002:000001A8 00000006 C=ICODE    S=.itext   G=(none)   M=DBAccess ACBP=A9
 0002:000001B0 00000006 C=ICODE    S=.itext   G=(none)   M=CRParser ACBP=A9
 0002:000001B8 00000006 C=ICODE    S=.itext   G=(none)   M=MemData  ACBP=A9
 0002:000001C0 00000006 C=ICODE    S=.itext   G=(none)   M=AnsiStrings ACBP=A9
 0002:000001C8 00000006 C=ICODE    S=.itext   G=(none)   M=SqlTimSt ACBP=A9
 0002:000001D0 00000006 C=ICODE    S=.itext   G=(none)   M=FMTBcd   ACBP=A9
 0002:000001D8 00000006 C=ICODE    S=.itext   G=(none)   M=DASQLMonitor ACBP=A9
 0002:000001E0 00000006 C=ICODE    S=.itext   G=(none)   M=CRVioTcp ACBP=A9
 0002:000001E8 00000006 C=ICODE    S=.itext   G=(none)   M=DBMonitorClient ACBP=A9
 0002:000001F0 00000006 C=ICODE    S=.itext   G=(none)   M=CRXml    ACBP=A9
 0002:000001F8 00000006 C=ICODE    S=.itext   G=(none)   M=DB       ACBP=A9
 0002:00000200 00000006 C=ICODE    S=.itext   G=(none)   M=WideStrings ACBP=A9
 0002:00000208 00000006 C=ICODE    S=.itext   G=(none)   M=OraSmart ACBP=A9
 0002:00000210 00000006 C=ICODE    S=.itext   G=(none)   M=OraParser ACBP=A9
 0002:00000218 00000006 C=ICODE    S=.itext   G=(none)   M=OraClasses ACBP=A9
 0002:00000220 00000006 C=ICODE    S=.itext   G=(none)   M=OraObjects ACBP=A9
 0002:00000228 00000006 C=ICODE    S=.itext   G=(none)   M=OraNet   ACBP=A9
 0002:00000230 00000006 C=ICODE    S=.itext   G=(none)   M=OraAlerter ACBP=A9
 0002:00000238 00000006 C=ICODE    S=.itext   G=(none)   M=Ora      ACBP=A9
 0002:00000240 00000006 C=ICODE    S=.itext   G=(none)   M=OraConnectionPool ACBP=A9
 0002:00000248 00000006 C=ICODE    S=.itext   G=(none)   M=OraSQLMonitor ACBP=A9
 0002:00000250 00000006 C=ICODE    S=.itext   G=(none)   M=DBTables ACBP=A9
 0002:00000258 00000006 C=ICODE    S=.itext   G=(none)   M=OleServer ACBP=A9
 0002:00000260 00000006 C=ICODE    S=.itext   G=(none)   M=OleCtrls ACBP=A9
 0002:00000268 00000006 C=ICODE    S=.itext   G=(none)   M=AxCtrls  ACBP=A9
 0002:00000270 00000006 C=ICODE    S=.itext   G=(none)   M=DBCtrls  ACBP=A9
 0002:00000278 00000006 C=ICODE    S=.itext   G=(none)   M=DBPWDlg  ACBP=A9
 0002:00000280 00000006 C=ICODE    S=.itext   G=(none)   M=DBLogDlg ACBP=A9
 0002:00000288 00000006 C=ICODE    S=.itext   G=(none)   M=jpeg     ACBP=A9
 0002:00000290 00000006 C=ICODE    S=.itext   G=(none)   M=ServerDate ACBP=A9
 0002:00000298 00000006 C=ICODE    S=.itext   G=(none)   M=QRCtrls  ACBP=A9
 0002:000002A0 00000006 C=ICODE    S=.itext   G=(none)   M=QRExpr   ACBP=A9
 0002:000002A8 00000006 C=ICODE    S=.itext   G=(none)   M=QuickRpt ACBP=A9
 0002:000002B0 00000006 C=ICODE    S=.itext   G=(none)   M=OleCtnrs ACBP=A9
 0002:000002B8 00000006 C=ICODE    S=.itext   G=(none)   M=QRExtra  ACBP=A9
 0002:000002C0 00000006 C=ICODE    S=.itext   G=(none)   M=QRPrntr  ACBP=A9
 0002:000002C8 00000006 C=ICODE    S=.itext   G=(none)   M=QRPDFFilt ACBP=A9
 0002:000002D0 00000006 C=ICODE    S=.itext   G=(none)   M=pdfconst ACBP=A9
 0002:000002D8 00000006 C=ICODE    S=.itext   G=(none)   M=QRExport ACBP=A9
 0002:000002E0 00000006 C=ICODE    S=.itext   G=(none)   M=QRWebFilt ACBP=A9
 0002:000002E8 00000006 C=ICODE    S=.itext   G=(none)   M=QRPrev   ACBP=A9
 0002:000002F0 00000006 C=ICODE    S=.itext   G=(none)   M=QRXMLSFilt ACBP=A9
 0002:000002F8 00000006 C=ICODE    S=.itext   G=(none)   M=QRPrnSu  ACBP=A9
 0002:00000300 00000006 C=ICODE    S=.itext   G=(none)   M=Fxn      ACBP=A9
 0002:00000308 00000006 C=ICODE    S=.itext   G=(none)   M=ADODB    ACBP=A9
 0002:00000310 00000006 C=ICODE    S=.itext   G=(none)   M=CheckLst ACBP=A9
 0002:00000318 00000006 C=ICODE    S=.itext   G=(none)   M=Unit_Message ACBP=A9
 0002:00000320 00000006 C=ICODE    S=.itext   G=(none)   M=Barcode  ACBP=A9
 0002:00000328 00000008 C=ICODE    S=.itext   G=(none)   M=Unit_QrSticker_Histo ACBP=A9
 0002:00000330 00000008 C=ICODE    S=.itext   G=(none)   M=Unit_QrSampleCollectionreport ACBP=A9
 0002:00000338 00000006 C=ICODE    S=.itext   G=(none)   M=SMDBGrid ACBP=A9
 0002:00000340 00000006 C=ICODE    S=.itext   G=(none)   M=SMCnst   ACBP=A9
 0002:00000348 00000008 C=ICODE    S=.itext   G=(none)   M=Unit_SampleRegister ACBP=A9
 0002:00000350 00000006 C=ICODE    S=.itext   G=(none)   M=UnitSendToExcel ACBP=A9
 0002:00000358 00000008 C=ICODE    S=.itext   G=(none)   M=Unit_QrReportRemaining ACBP=A9
 0002:00000360 00000008 C=ICODE    S=.itext   G=(none)   M=UnitReportRemaining ACBP=A9
 0002:00000368 00000008 C=ICODE    S=.itext   G=(none)   M=UnitMonitorRegister ACBP=A9
 0002:00000370 00000008 C=ICODE    S=.itext   G=(none)   M=Unit_ServiceDetail ACBP=A9
 0002:00000378 00000008 C=ICODE    S=.itext   G=(none)   M=Unit_SampleReceive ACBP=A9
 0002:00000380 00000008 C=ICODE    S=.itext   G=(none)   M=Unit_QrSticker ACBP=A9
 0002:00000388 00000014 C=ICODE    S=.itext   G=(none)   M=Unit_SampleCollectionFrame ACBP=A9
 0002:0000039C 00000005 C=ICODE    S=.itext   G=(none)   M=.SampleCollection ACBP=A9
 0003:00000000 00000030 C=DATA     S=.data    G=DGROUP   M=SysInit  ACBP=A9
 0003:00000030 0000000C C=DATA     S=.data    G=DGROUP   M=Windows  ACBP=A9
 0004:00000000 0000000C C=BSS      S=.bss     G=DGROUP   M=SysInit  ACBP=A9
 0004:0000000C 00000008 C=BSS      S=.bss     G=DGROUP   M=Windows  ACBP=A9
 0004:00000014 00000008 C=BSS      S=.bss     G=DGROUP   M=Unit_QrSticker_Histo ACBP=A9
 0004:0000001C 00000008 C=BSS      S=.bss     G=DGROUP   M=Unit_QrSampleCollectionreport ACBP=A9
 0004:00000024 00000008 C=BSS      S=.bss     G=DGROUP   M=Unit_SampleRegister ACBP=A9
 0004:0000002C 00000008 C=BSS      S=.bss     G=DGROUP   M=Unit_QrReportRemaining ACBP=A9
 0004:00000034 00000008 C=BSS      S=.bss     G=DGROUP   M=UnitReportRemaining ACBP=A9
 0004:0000003C 00000008 C=BSS      S=.bss     G=DGROUP   M=UnitMonitorRegister ACBP=A9
 0004:00000044 00000008 C=BSS      S=.bss     G=DGROUP   M=Unit_ServiceDetail ACBP=A9
 0004:0000004C 00000008 C=BSS      S=.bss     G=DGROUP   M=Unit_SampleReceive ACBP=A9
 0004:00000054 00000008 C=BSS      S=.bss     G=DGROUP   M=Unit_QrSticker ACBP=A9
 0004:0000005C 00000010 C=BSS      S=.bss     G=DGROUP   M=Unit_SampleCollectionFrame ACBP=A9


  Address             Publics by Name

 0002:0000039C       .SampleCollection..SampleCollection
 0001:0001CF8C       .SampleCollection.@GetPackageInfoTable
 0001:0001CF94       .SampleCollection.@PackageLoad
 0001:0001CFA0       .SampleCollection.@PackageUnload
 0002:000000A8       ActnList.ActnList
 0001:00000640       ActnList.Finalization
 0002:00000128       ActnMan.ActnMan
 0001:00000898       ActnMan.Finalization
 0002:00000140       ActnMenus.ActnMenus
 0001:000008B0       ActnMenus.Finalization
 0002:00000308       ADODB.ADODB
 0001:00000CB0       ADODB.Finalization
 0002:000001C0       AnsiStrings.AnsiStrings
 0001:00000938       AnsiStrings.Finalization
 0002:00000268       AxCtrls.AxCtrls
 0001:00000AA8       AxCtrls.Finalization
 0002:00000320       Barcode.Barcode
 0001:00000CE0       Barcode.Finalization
 0002:00000130       Buttons.Buttons
 0001:000008A0       Buttons.Finalization
 0002:00000310       CheckLst.CheckLst
 0001:00000CC8       CheckLst.Finalization
 0001:00000CC0       CheckLst.TCheckListBox.GetState
 0001:00000CB8       CheckLst.TCheckListBox.SetState
 0002:00000050       Classes.Classes
 0001:00000588       Classes.Finalization
 0001:00000528       Classes.RegisterClass
 0001:00000540       Classes.TCollection.Clear
 0001:00000550       Classes.TComponent.BeforeDestruction
 0001:00000580       Classes.TComponent.QueryInterface
 0001:00000570       Classes.TComponent.SafeCallException
 0001:00000568       Classes.TComponent.UpdateAction
 0001:00000578       Classes.TComponent.UpdateRegistry
 0001:00000560       Classes.TComponent.ValidateRename
 0001:00000558       Classes.TComponent.WriteState
 0001:00000538       Classes.TPersistent.Assign
 0002:00000048       Classes.TThread.Create@
 0001:00000548       Classes.TThread.Destroy@
 0001:00000530       Classes.UnRegisterClass
 0002:00000110       Clipbrd.Clipbrd
 0001:00000880       Clipbrd.Finalization
 0002:00000198       CLRClasses.CLRClasses
 0001:00000908       CLRClasses.Finalization
 0002:000000F8       ComCtrls.ComCtrls
 0001:00000860       ComCtrls.Finalization
 0001:00000858       ComCtrls.TPageControl.GetPage
 0001:00000850       ComCtrls.TTabSheet.SetTabVisible
 0002:00000138       ComObj.ComObj
 0001:000008A8       ComObj.Finalization
 0002:000000E0       Controls.Controls
 0001:00000828       Controls.Finalization
 0001:00000708       Controls.TControl.CreateTouchManager
 0001:00000698       Controls.TControl.GetAction
 0001:00000688       Controls.TControl.GetDragImages
 0001:00000690       Controls.TControl.GetEnabled
 0001:00000718       Controls.TControl.GetFloating
 0001:00000720       Controls.TControl.GetFloatingDockSiteClass
 0001:000006E0       Controls.TControl.GetText
 0001:00000728       Controls.TControl.InitiateAction
 0001:00000710       Controls.TControl.Loaded
 0001:000006C0       Controls.TControl.SetAutoSize
 0001:000006F0       Controls.TControl.SetBiDiMode
 0001:000006F8       Controls.TControl.SetColor
 0001:000006A0       Controls.TControl.SetDragMode
 0001:000006D8       Controls.TControl.SetEnabled
 0001:000006B8       Controls.TControl.SetHeight
 0001:000006A8       Controls.TControl.SetLeft
 0001:000006C8       Controls.TControl.SetName
 0001:00000700       Controls.TControl.SetParentBiDiMode
 0001:000006E8       Controls.TControl.SetText
 0001:000006D0       Controls.TControl.SetVisible
 0001:000006B0       Controls.TControl.SetWidth
 0001:00000800       Controls.TWinControl.AssignTo
 0001:00000808       Controls.TWinControl.CanAutoSize
 0001:000007F0       Controls.TWinControl.CanResize
 0001:000007F8       Controls.TWinControl.ConstrainedResize
 0001:00000760       Controls.TWinControl.CreateHandle
 0001:00000740       Controls.TWinControl.CreateWindowHandle
 0001:00000768       Controls.TWinControl.CustomAlignInsertBefore
 0001:00000770       Controls.TWinControl.CustomAlignPosition
 0001:00000790       Controls.TWinControl.DefaultHandler
 0001:00000748       Controls.TWinControl.DefineProperties
 0001:00000778       Controls.TWinControl.DestroyHandle
 0001:00000758       Controls.TWinControl.DestroyWindowHandle
 0001:00000750       Controls.TWinControl.DestroyWnd
 0001:00000818       Controls.TWinControl.DockReplaceDockClient
 0001:000007E0       Controls.TWinControl.GetClientOrigin
 0001:000007E8       Controls.TWinControl.GetClientRect
 0001:000007D8       Controls.TWinControl.GetControlExtents
 0001:000007B0       Controls.TWinControl.GetDeviceContext
 0001:000007B8       Controls.TWinControl.Invalidate
 0001:00000738       Controls.TWinControl.Notification
 0001:00000730       Controls.TWinControl.ReadState
 0001:000007C8       Controls.TWinControl.Repaint
 0001:00000798       Controls.TWinControl.RequestAlign
 0001:000007A0       Controls.TWinControl.SetBounds
 0001:000007D0       Controls.TWinControl.SetFocus
 0001:00000810       Controls.TWinControl.SetParentBackground
 0001:00000780       Controls.TWinControl.SetParentDoubleBuffered
 0001:000007A8       Controls.TWinControl.ShowControl
 0001:000007C0       Controls.TWinControl.Update
 0001:00000820       Controls.TWinControl.UpdateControlOriginalParentSize
 0001:00000788       Controls.TWinControl.WndProc
 0002:000001B0       CRParser.CRParser
 0001:00000928       CRParser.Finalization
 0002:000001E0       CRVioTcp.CRVioTcp
 0001:00000958       CRVioTcp.Finalization
 0002:000001F0       CRXml.CRXml
 0001:00000968       CRXml.Finalization
 0002:000001D8       DASQLMonitor.DASQLMonitor
 0001:00000950       DASQLMonitor.Finalization
 0002:000001F8       DB.DB
 0001:000009C0       DB.Finalization
 0001:000009B8       DB.TDataSet.Append
 0001:00000990       DB.TDataSet.Close
 0001:00000998       DB.TDataSet.FieldByName
 0001:000009A0       DB.TDataSet.First
 0001:000009A8       DB.TDataSet.Next
 0001:00000988       DB.TDataSet.Open
 0001:000009B0       DB.TDataSet.Prior
 0001:00000978       DB.TDataSource.Create
 0001:00000980       DB.TDataSource.SetDataSet
 0001:00000970       DB.TFieldDefs.Add
 0002:000001A8       DBAccess.DBAccess
 0001:00000920       DBAccess.Finalization
 0001:00000918       DBAccess.TCustomDADataSet.GetSQL
 0002:00000270       DBCtrls.DBCtrls
 0001:00000AB0       DBCtrls.Finalization
 0001:000025E4       DBGridExportToExcel.ExportDBGrid
 0001:00000BF0       DBGrids.TColumn.GetField
 0001:00000BF8       DBGrids.TColumn.SetFieldName
 0001:00000C10       DBGrids.TCustomDBGrid.DefaultDrawColumnCell
 0001:00000C08       DBGrids.TCustomDBGrid.DefaultDrawDataCell
 0001:00000C18       DBGrids.TCustomDBGrid.GetDataSource
 0001:00000C20       DBGrids.TCustomDBGrid.SetDataSource
 0001:00000C00       DBGrids.TDBGridColumns.GetColumn
 0002:00000280       DBLogDlg.DBLogDlg
 0001:00000AC0       DBLogDlg.Finalization
 0002:000001E8       DBMonitorClient.DBMonitorClient
 0001:00000960       DBMonitorClient.Finalization
 0002:00000278       DBPWDlg.DBPWDlg
 0001:00000AB8       DBPWDlg.Finalization
 0002:00000250       DBTables.DBTables
 0001:00000A60       DBTables.Finalization
 0001:00000A30       DBTables.TDBDataSet.SetDatabaseName
 0001:00000A38       DBTables.TTable.CreateTable
 0001:00000A40       DBTables.TTable.DeleteTable
 0001:00000A48       DBTables.TTable.EmptyTable
 0001:00000A50       DBTables.TTable.SetTableName
 0001:00000A58       DBTables.TTable.SetTableType
 0002:000000F0       Dialogs.Dialogs
 0001:00000848       Dialogs.Finalization
 0001:00000838       Dialogs.MessageDlg
 0001:00000840       Dialogs.ShowMessage
 0002:00000148       ExtActns.ExtActns
 0001:000008B8       ExtActns.Finalization
 0002:00000108       ExtCtrls.ExtCtrls
 0001:00000878       ExtCtrls.Finalization
 0002:00000150       ExtDlgs.ExtDlgs
 0001:000008C0       ExtDlgs.Finalization
 0001:00000888       FlatSB.Finalization
 0002:00000118       FlatSB.FlatSB
 0001:00000948       FMTBcd.Finalization
 0002:000001D0       FMTBcd.FMTBcd
 0001:000004A4       Forms.Finalization
 0002:00000018       Forms.Forms
 0001:00000394       Forms.TCustomForm.AfterConstruction
 0001:0000041C       Forms.TCustomForm.AlignControls
 0001:000003A4       Forms.TCustomForm.BeforeDestruction
 0001:0000046C       Forms.TCustomForm.Close
 0001:00000474       Forms.TCustomForm.CloseQuery
 0001:0000038C       Forms.TCustomForm.Create
 0001:0000039C       Forms.TCustomForm.CreateNew
 0001:00000424       Forms.TCustomForm.CreateParams
 0001:00000434       Forms.TCustomForm.CreateWindowHandle
 0001:0000042C       Forms.TCustomForm.CreateWnd
 0001:0000044C       Forms.TCustomForm.DefaultHandler
 0001:000003DC       Forms.TCustomForm.DefineProperties
 0001:000003AC       Forms.TCustomForm.Destroy
 0001:0000043C       Forms.TCustomForm.DestroyHandle
 0001:00000444       Forms.TCustomForm.DestroyWindowHandle
 0001:000003B4       Forms.TCustomForm.DoCreate
 0001:000003BC       Forms.TCustomForm.DoDestroy
 0001:000003E4       Forms.TCustomForm.GetClientRect
 0001:000003EC       Forms.TCustomForm.GetFloating
 0001:000003C4       Forms.TCustomForm.Loaded
 0001:000003CC       Forms.TCustomForm.Notification
 0001:0000045C       Forms.TCustomForm.PaintWindow
 0001:0000049C       Forms.TCustomForm.QueryInterface
 0001:000003D4       Forms.TCustomForm.ReadState
 0001:00000494       Forms.TCustomForm.RequestAlign
 0001:00000464       Forms.TCustomForm.Resizing
 0001:0000047C       Forms.TCustomForm.SetFocus
 0001:00000454       Forms.TCustomForm.SetFocusedControl
 0001:00000404       Forms.TCustomForm.SetParent
 0001:000003F4       Forms.TCustomForm.SetParentBiDiMode
 0001:00000484       Forms.TCustomForm.ShowModal
 0001:0000048C       Forms.TCustomForm.UpdateActions
 0001:0000040C       Forms.TCustomForm.ValidateRename
 0001:000003FC       Forms.TCustomForm.WantChildKey
 0001:00000414       Forms.TCustomForm.WndProc
 0001:0000036C       Forms.TCustomFrame.Create
 0001:00000374       Forms.TCustomFrame.CreateParams
 0001:0000037C       Forms.TCustomFrame.PaintWindow
 0001:00000384       Forms.TCustomFrame.SetParent
 0001:00000364       Forms.TScrollingWinControl.AdjustClientRect
 0001:00000334       Forms.TScrollingWinControl.AlignControls
 0001:0000033C       Forms.TScrollingWinControl.AutoScrollEnabled
 0001:00000354       Forms.TScrollingWinControl.AutoScrollInView
 0001:0000032C       Forms.TScrollingWinControl.CreateWnd
 0001:00000324       Forms.TScrollingWinControl.Destroy
 0001:00000344       Forms.TScrollingWinControl.DoGesture
 0001:0000034C       Forms.TScrollingWinControl.DoGetGestureOptions
 0001:0000035C       Forms.TScrollingWinControl.Resizing
 0001:00000C28       Fxn.ChangeDateSystem
 0001:00000CA8       Fxn.Finalization
 0002:00000300       Fxn.Fxn
 0001:00000C98       Fxn.GetClinicalDepID
 0001:00000C78       Fxn.GetFinalBillno
 0001:00000CA0       Fxn.getsampleremarks
 0001:00000C80       Fxn.GetTestListCaption
 0001:00000C70       Fxn.GetUserDepType
 0001:00000C30       Fxn.IsStrANumber
 0001:00000C90       Fxn.IsValidToSampleColnIntermsofDeposit
 0001:00000C58       Fxn.LoadCollectedSample
 0001:00000C60       Fxn.LoadCollectedSampleAfterModify
 0001:00000C68       Fxn.LoadDepartmentINCheckListBox
 0001:00000C48       Fxn.LoadPatientData
 0001:00000C50       Fxn.LoadSampleTobeCollected
 0001:00000C40       Fxn.MsgBox
 0001:00000C88       Fxn.RefreshQuery
 0001:00000C38       Fxn.ShowDoneMessage
 0001:00000658       Graphics.Finalization
 0002:000000B0       Graphics.Graphics
 0001:00000650       Graphics.TBrush.SetColor
 0001:00000648       Graphics.TFont.SetColor
 0001:00000868       GraphUtil.Finalization
 0002:00000100       GraphUtil.GraphUtil
 0001:00000B90       Grids.TCustomGrid.SetRowCount
 0001:00000B98       Grids.TStringGrid.GetCols
 0001:00000BA0       Grids.TStringGrid.SetCells
 0001:00000630       HelpIntfs.Finalization
 0002:00000098       HelpIntfs.HelpIntfs
 0001:00000668       IniFiles.Finalization
 0002:000000C0       IniFiles.IniFiles
 0001:00000678       IOUtils.Finalization
 0002:000000D0       IOUtils.IOUtils
 0002:000000C8       IOUtils.TPath.Create@
 0001:00000670       IOUtils.TPath.Destroy@
 0001:00000B18       jpeg.Finalization
 0002:00000288       jpeg.jpeg
 0001:000008C8       Mapi.Finalization
 0002:00000158       Mapi.Mapi
 0001:00000930       MemData.Finalization
 0002:000001B8       MemData.MemData
 0001:00000900       MemUtils.Finalization
 0002:00000190       MemUtils.MemUtils
 0001:00000830       Menus.Finalization
 0002:000000E8       Menus.Menus
 0001:00000910       MTSCall.Finalization
 0002:000001A0       MTSCall.MTSCall
 0001:00000638       MultiMon.Finalization
 0002:000000A0       MultiMon.MultiMon
 0001:00000B88       OleCtnrs.Finalization
 0002:000002B0       OleCtnrs.OleCtnrs
 0001:00000AA0       OleCtrls.Finalization
 0002:00000260       OleCtrls.OleCtrls
 0001:00000A70       OleCtrls.TOleControl.Create
 0001:00000A78       OleCtrls.TOleControl.GetIntegerProp
 0001:00000A80       OleCtrls.TOleControl.GetWideStringProp
 0001:00000A88       OleCtrls.TOleControl.SetIntegerProp
 0001:00000A90       OleCtrls.TOleControl.SetTOleEnumProp
 0001:00000A98       OleCtrls.TOleControl.SetWideStringProp
 0001:00000A68       OleServer.Finalization
 0002:00000258       OleServer.OleServer
 0001:00000A18       Ora.Finalization
 0002:00000238       Ora.Ora
 0001:00000A00       Ora.TOraDataSet.Create
 0001:00000A08       Ora.TOraDataSet.ExecSQL
 0001:00000A10       Ora.TOraDataSet.SetSession
 0001:000009F8       OraAlerter.Finalization
 0002:00000230       OraAlerter.OraAlerter
 0001:000008F8       OraCall.Finalization
 0002:00000188       OraCall.OraCall
 0001:000009E0       OraClasses.Finalization
 0002:00000218       OraClasses.OraClasses
 0001:00000A20       OraConnectionPool.Finalization
 0002:00000240       OraConnectionPool.OraConnectionPool
 0001:000009F0       OraNet.Finalization
 0002:00000228       OraNet.OraNet
 0001:000009E8       OraObjects.Finalization
 0002:00000220       OraObjects.OraObjects
 0001:000009D8       OraParser.Finalization
 0002:00000210       OraParser.OraParser
 0001:000009D0       OraSmart.Finalization
 0002:00000208       OraSmart.OraSmart
 0001:00000A28       OraSQLMonitor.Finalization
 0002:00000248       OraSQLMonitor.OraSQLMonitor
 0001:00000BC0       pdfconst.Finalization
 0002:000002D0       pdfconst.pdfconst
 0001:00000890       pngimage.Finalization
 0002:00000120       pngimage.pngimage
 0001:00000314       Preview.Finalization
 0002:00000008       Preview.Preview
 0001:0000031C       Printers.Finalization
 0002:00000010       Printers.Printers
 0001:00000CD8       qrBarcode.TQRAsBarcode.SetText
 0001:00000B50       QRCtrls.Finalization
 0002:00000298       QRCtrls.QRCtrls
 0001:00000B48       QRCtrls.TQRCustomLabel.SetCaption
 0001:00000BC8       QRExport.Finalization
 0002:000002D8       QRExport.QRExport
 0001:00000B58       QRExpr.Finalization
 0002:000002A0       QRExpr.QRExpr
 0001:00000BA8       QRExtra.Finalization
 0002:000002B8       QRExtra.QRExtra
 0001:00000BB8       QRPDFFilt.Finalization
 0002:000002C8       QRPDFFilt.QRPDFFilt
 0001:00000BD8       QRPrev.Finalization
 0002:000002E8       QRPrev.QRPrev
 0001:00000BE8       QRPrnSu.Finalization
 0002:000002F8       QRPrnSu.QRPrnSu
 0001:00000BB0       QRPrntr.Finalization
 0002:000002C0       QRPrntr.QRPrntr
 0001:00000BD0       QRWebFilt.Finalization
 0002:000002E0       QRWebFilt.QRWebFilt
 0001:00000BE0       QRXMLSFilt.Finalization
 0002:000002F0       QRXMLSFilt.QRXMLSFilt
 0001:00000B80       QuickRpt.Finalization
 0002:000002A8       QuickRpt.QuickRpt
 0001:00000B68       QuickRpt.TCustomQuickRep.Prepare
 0001:00000B70       QuickRpt.TCustomQuickRep.Preview
 0001:00000B78       QuickRpt.TCustomQuickRep.PreviewModal
 0001:00000B60       QuickRpt.TCustomQuickRep.Print
 0001:00000660       Registry.Finalization
 0002:000000B8       Registry.Registry
 0001:00000B20       ServerDate.CreateQuery
 0001:00000B40       ServerDate.Finalization
 0002:00000290       ServerDate.ServerDate
 0001:00000B30       ServerDate.TodaysDate
 0001:00000B38       ServerDate.TodaysDateVS
 0001:00000B28       ServerDate.TodaysTime
 0001:000025F4       SMCnst.Finalization
 0002:00000340       SMCnst.SMCnst
 0001:000025EC       SMDBGrid.Finalization
 0002:00000338       SMDBGrid.SMDBGrid
 0001:00000940       SqlTimSt.Finalization
 0002:000001C8       SqlTimSt.SqlTimSt
 0001:00000870       StdCtrls.TCustomEdit.SetReadOnly
 0001:00000520       SyncObjs.Finalization
 0002:00000040       SyncObjs.SyncObjs
 0001:00000298       SysInit.@InitPkg
 0001:000002FC       SysInit.@PackageLoad
 0001:00000308       SysInit.@PackageUnload
 0001:00000188       SysInit.AllocTlsBuffer
 0001:00000244       SysInit.ExitProcessTLS
 0001:0000020C       SysInit.ExitThreadTLS
 0001:00000150       SysInit.FreeLibrary
 0001:00000194       SysInit.GetTlsSize
 0004:00000004       SysInit.HInstance
 0001:00000268       SysInit.InitializeModule
 0001:000001E0       SysInit.InitProcessTLS
 0001:0000019C       SysInit.InitThreadTLS
 0001:00000158       SysInit.LocalAlloc
 0001:00000160       SysInit.LocalFree
 0003:00000004       SysInit.Module
 0004:00000000       SysInit.ModuleIsLib
 0004:00000001       SysInit.ModuleIsPackage
 0001:00000168       SysInit.TlsAlloc
 0004:00000008       SysInit.tlsBuffer
 0001:00000170       SysInit.TlsFree
 0001:00000178       SysInit.TlsGetValue
 0003:00000000       SysInit.TlsIndex
 0005:00000000       SysInit.TlsLast
 0003:00000020       SysInit.TlsProc
 0001:00000180       SysInit.TlsSetValue
 0001:00000274       SysInit.UninitializeModule
 0001:00000050       System.@AfterConstruction
 0001:00000048       System.@ClassCreate
 0001:00000068       System.@DoneExcept
 0001:00000130       System.@DynArraySetLength
 0001:00000090       System.@EnsureUnicodeString
 0001:00000128       System.@FinalizeArray
 0001:00000058       System.@HandleAnyException
 0001:00000060       System.@HandleFinally
 0001:00000078       System.@PackageLoad
 0001:00000080       System.@PackageUnload
 0001:00000088       System.@RunError
 0001:00000070       System.@TryFinallyExit
 0001:000000B8       System.@UStrAddRef
 0001:000000C8       System.@UStrArrayClr
 0001:000000D0       System.@UStrAsg
 0001:000000F8       System.@UStrCat
 0001:00000100       System.@UStrCat3
 0001:00000108       System.@UStrCatN
 0001:000000C0       System.@UStrClr
 0001:00000118       System.@UStrCopy
 0001:00000110       System.@UStrEqual
 0001:000000E0       System.@UStrFromWStr
 0001:000000D8       System.@UStrLAsg
 0001:000000F0       System.@UStrLen
 0001:000000A0       System.@WStrArrayClr
 0001:000000A8       System.@WStrCatN
 0001:00000098       System.@WStrClr
 0001:000000B0       System.@WStrCmp
 0001:000000E8       System.@WStrFromUStr
 0001:00000148       System.Finalization
 0001:00000120       System.Pos
 0001:00000138       System.RegisterModule
 0002:00000000       System.System
 0001:00000038       System.TObject.AfterConstruction
 0001:00000040       System.TObject.Dispatch
 0001:00000020       System.TObject.Equals
 0001:00000018       System.TObject.Free
 0001:00000010       System.TObject.FreeInstance
 0001:00000028       System.TObject.GetHashCode
 0001:00000008       System.TObject.NewInstance
 0001:00000030       System.TObject.ToString
 0001:00000140       System.UnregisterModule
 0001:00000000       System.UpCase
 0002:00000070       SysUtils.Exception.Create@
 0001:000005D8       SysUtils.Exception.Destroy@
 0001:000005C0       SysUtils.FileExists
 0001:000005F8       SysUtils.Finalization
 0001:000005C8       SysUtils.FormatFloat
 0001:000005B0       SysUtils.IntToStr
 0001:000005A8       SysUtils.QuotedStr
 0001:000005E0       SysUtils.StringReplace
 0001:000005D0       SysUtils.StrToFloat
 0001:000005B8       SysUtils.StrToInt
 0002:00000078       SysUtils.SysUtils
 0002:00000068       SysUtils.TEncoding.Create@
 0001:000005F0       SysUtils.TEncoding.Destroy@
 0002:00000060       SysUtils.TLanguages.Create@
 0001:000005E8       SysUtils.TLanguages.Destroy@
 0001:000005A0       SysUtils.Trim
 0001:00000598       SysUtils.UpperCase
 0001:000008D0       TeCanvas.Finalization
 0002:00000160       TeCanvas.TeCanvas
 0001:000008D8       TeeConst.Finalization
 0002:00000168       TeeConst.TeeConst
 0001:000008F0       TeeFilters.Finalization
 0002:00000180       TeeFilters.TeeFilters
 0001:000008E0       TeeHtml.Finalization
 0002:00000170       TeeHtml.TeeHtml
 0001:000008E8       TeeProcs.Finalization
 0002:00000178       TeeProcs.TeeProcs
 0001:00000680       Themes.Finalization
 0002:000000D8       Themes.Themes
 0002:00000090       TimeSpan.TTimeSpan.Create@
 0001:00000628       TimeSpan.TTimeSpan.Destroy@
 0001:00000590       TypInfo.Finalization
 0002:00000058       TypInfo.TypInfo
 0004:00000040       UnitMonitorRegister..2
 0001:000063A8       UnitMonitorRegister..TFormMonitorRegister
 0001:0000A784       UnitMonitorRegister.Finalization
 0004:0000003C       UnitMonitorRegister.FormMonitorRegister
 0001:00008BB8       UnitMonitorRegister.TFormMonitorRegister.BitBtn1Click
 0001:000077BC       UnitMonitorRegister.TFormMonitorRegister.BitBtnRefreshClick
 0001:00007130       UnitMonitorRegister.TFormMonitorRegister.CreateSampleRegister
 0001:00008C2C       UnitMonitorRegister.TFormMonitorRegister.DBGrid1CellClick
 0001:0000995C       UnitMonitorRegister.TFormMonitorRegister.DBGrid1DblClick
 0001:0000A5F4       UnitMonitorRegister.TFormMonitorRegister.DBGrid1KeyPress
 0001:0000A600       UnitMonitorRegister.TFormMonitorRegister.DBGrid1MouseWheelDown
 0001:0000A618       UnitMonitorRegister.TFormMonitorRegister.DBGrid1MouseWheelUp
 0001:0000A780       UnitMonitorRegister.TFormMonitorRegister.DBGrid2DblClick
 0001:0000A630       UnitMonitorRegister.TFormMonitorRegister.DBGrid2DrawColumnCell
 0001:000076B4       UnitMonitorRegister.TFormMonitorRegister.FormClose
 0001:000076D0       UnitMonitorRegister.TFormMonitorRegister.FormCreate
 0001:000077A0       UnitMonitorRegister.TFormMonitorRegister.FormDestroy
 0001:00008B98       UnitMonitorRegister.TFormMonitorRegister.FormKeyDown
 0001:00008700       UnitMonitorRegister.TFormMonitorRegister.GetMeOtherParameters
 0001:00008C24       UnitMonitorRegister.TFormMonitorRegister.RGReportClick
 0002:00000368       UnitMonitorRegister.UnitMonitorRegister
 0004:00000038       UnitReportRemaining..2
 0001:000048C0       UnitReportRemaining..TFormReportRemaining
 0001:000063A0       UnitReportRemaining.Finalization
 0004:00000034       UnitReportRemaining.FormReportRemaining
 0001:00006188       UnitReportRemaining.TFormReportRemaining.BitBtn1Click
 0001:00005324       UnitReportRemaining.TFormReportRemaining.BitBtnRefreshClick
 0001:000059F0       UnitReportRemaining.TFormReportRemaining.btn_excelClick
 0001:00005B40       UnitReportRemaining.TFormReportRemaining.btn_previewClick
 0001:0000525C       UnitReportRemaining.TFormReportRemaining.CreateSampleRegister
 0001:000061F4       UnitReportRemaining.TFormReportRemaining.DBGrid1DblClick
 0001:0000639C       UnitReportRemaining.TFormReportRemaining.EditSearchChange
 0001:00005260       UnitReportRemaining.TFormReportRemaining.FormCreate
 0001:00006168       UnitReportRemaining.TFormReportRemaining.FormKeyDown
 0001:00006140       UnitReportRemaining.TFormReportRemaining.GetMeOtherParameters
 0001:000061F8       UnitReportRemaining.TFormReportRemaining.RGReportClick
 0001:00006200       UnitReportRemaining.TFormReportRemaining.Rg_StatusClick
 0001:000062EC       UnitReportRemaining.TFormReportRemaining.SMDBGrid1DrawngColumnCell
 0002:00000360       UnitReportRemaining.UnitReportRemaining
 0001:00004254       UnitSendToExcel.Finalization
 0001:0000424C       UnitSendToExcel.SendToExcels
 0002:00000350       UnitSendToExcel.UnitSendToExcel
 0001:00000AC8       Unit_Master.CancelServiceTest
 0001:00000AF8       Unit_Master.GetLabNoByDate
 0001:00000B00       Unit_Master.GetLabNoByDateAfterCollection
 0001:00000AE0       Unit_Master.GetNextSampleNo
 0001:00000B10       Unit_Master.GetPreviousLabNo
 0001:00000B08       Unit_Master.GetPreviousSampleNo
 0001:00000AE8       Unit_Master.GetSampleNoByDate
 0001:00000AF0       Unit_Master.GetSampleNoByDateInModify
 0001:00000AD0       Unit_Master.SaveSampleCollectionIntegration
 0001:00000AD8       Unit_Master.UndoSampleCollection
 0001:00000CD0       Unit_Message.Finalization
 0002:00000318       Unit_Message.Unit_Message
 0004:00000030       Unit_QrReportRemaining..2
 0001:0000425C       Unit_QrReportRemaining..TForm_QRreportremaining
 0001:000048B8       Unit_QrReportRemaining.Finalization
 0004:0000002C       Unit_QrReportRemaining.Form_QRreportremaining
 0001:00004888       Unit_QrReportRemaining.TForm_QRreportremaining.SampleIDPrint
 0002:00000358       Unit_QrReportRemaining.Unit_QrReportRemaining
 0004:00000020       Unit_QrSampleCollectionreport..2
 0001:00001140       Unit_QrSampleCollectionreport..TForm_QrSampleCollectionReport
 0001:000025DC       Unit_QrSampleCollectionreport.Finalization
 0004:0000001C       Unit_QrSampleCollectionreport.Form_QrSampleCollectionReport
 0001:00001A20       Unit_QrSampleCollectionreport.TForm_QrSampleCollectionReport.FormCreate
 0001:00001CFC       Unit_QrSampleCollectionreport.TForm_QrSampleCollectionReport.Loaddata
 0001:000025B4       Unit_QrSampleCollectionreport.TForm_QrSampleCollectionReport.QRDBText1Print
 0002:00000330       Unit_QrSampleCollectionreport.Unit_QrSampleCollectionreport
 0004:00000058       Unit_QrSticker..2
 0001:0000CF1C       Unit_QrSticker..TForm_Sticker
 0001:0000D350       Unit_QrSticker.Finalization
 0004:00000054       Unit_QrSticker.Form_Sticker
 0001:0000D34C       Unit_QrSticker.TForm_Sticker.FormCreate
 0002:00000380       Unit_QrSticker.Unit_QrSticker
 0004:00000018       Unit_QrSticker_Histo..2
 0001:00000CE8       Unit_QrSticker_Histo..TForm_Sticker_Histo
 0001:00001138       Unit_QrSticker_Histo.Finalization
 0004:00000014       Unit_QrSticker_Histo.Form_Sticker_Histo
 0001:00001134       Unit_QrSticker_Histo.TForm_Sticker_Histo.FormCreate
 0002:00000328       Unit_QrSticker_Histo.Unit_QrSticker_Histo
 0004:00000068       Unit_SampleCollectionFrame..2
 0001:0000D3AC       Unit_SampleCollectionFrame..TFrame_SampleCollection
 0004:00000060       Unit_SampleCollectionFrame.DSQryBillList
 0001:0001C6D4       Unit_SampleCollectionFrame.Finalization
 0004:0000005C       Unit_SampleCollectionFrame.QryBillList
 0004:00000064       Unit_SampleCollectionFrame.QryQueueList
 0001:000146B4       Unit_SampleCollectionFrame.TFrame_SampleCollection.AlternateReportPrint_BNB
 0001:000146DC       Unit_SampleCollectionFrame.TFrame_SampleCollection.BB_CollectedListClick
 0001:0001491C       Unit_SampleCollectionFrame.TFrame_SampleCollection.BB_CollectSampleClick
 0001:00012AEC       Unit_SampleCollectionFrame.TFrame_SampleCollection.BB_ModifyClick
 0001:00013564       Unit_SampleCollectionFrame.TFrame_SampleCollection.BB_RefreshClick
 0001:0001BC8C       Unit_SampleCollectionFrame.TFrame_SampleCollection.bb_RefreshTobecollClick
 0001:00011440       Unit_SampleCollectionFrame.TFrame_SampleCollection.BB_SaveClick
 0001:00012128       Unit_SampleCollectionFrame.TFrame_SampleCollection.BitBtn_SampleClick
 0001:000126F0       Unit_SampleCollectionFrame.TFrame_SampleCollection.btn_RegisterMonitorClick
 0001:00012718       Unit_SampleCollectionFrame.TFrame_SampleCollection.btn_ReportRemainingClick
 0001:00012740       Unit_SampleCollectionFrame.TFrame_SampleCollection.btn_SampleRegisterClick
 0001:00012768       Unit_SampleCollectionFrame.TFrame_SampleCollection.btn_SaveClick
 0001:00012A18       Unit_SampleCollectionFrame.TFrame_SampleCollection.Button1Click
 0001:00012A1C       Unit_SampleCollectionFrame.TFrame_SampleCollection.Button2Click
 0001:00012A20       Unit_SampleCollectionFrame.TFrame_SampleCollection.Button3Click
 0001:00012A90       Unit_SampleCollectionFrame.TFrame_SampleCollection.Button4Click
 0001:00015420       Unit_SampleCollectionFrame.TFrame_SampleCollection.CB_CollectedSampleAllClick
 0001:00015760       Unit_SampleCollectionFrame.TFrame_SampleCollection.cb_deptypeChange
 0001:000155A8       Unit_SampleCollectionFrame.TFrame_SampleCollection.CB_DeptypeCheckClick
 0001:00015654       Unit_SampleCollectionFrame.TFrame_SampleCollection.Cb_HalfpageClick
 0001:00015680       Unit_SampleCollectionFrame.TFrame_SampleCollection.Cb_HideIndicationClick
 0001:000156AC       Unit_SampleCollectionFrame.TFrame_SampleCollection.Cb_HideRangeClick
 0001:000156D8       Unit_SampleCollectionFrame.TFrame_SampleCollection.CB_LAbNoClick
 0001:000156DC       Unit_SampleCollectionFrame.TFrame_SampleCollection.Cb_NoResultClick
 0001:000156E4       Unit_SampleCollectionFrame.TFrame_SampleCollection.CB_PreSampleNOClick
 0001:00015708       Unit_SampleCollectionFrame.TFrame_SampleCollection.Cb_SampleSourceClick
 0001:00015734       Unit_SampleCollectionFrame.TFrame_SampleCollection.Cb_SingleDepClick
 0001:0001549C       Unit_SampleCollectionFrame.TFrame_SampleCollection.Cb_TestNameAllClick
 0001:00015518       Unit_SampleCollectionFrame.TFrame_SampleCollection.cb_tickClick
 0001:0001580C       Unit_SampleCollectionFrame.TFrame_SampleCollection.CheckBox_UpdateInfoClick
 0001:00015854       Unit_SampleCollectionFrame.TFrame_SampleCollection.Create
 0001:00015C84       Unit_SampleCollectionFrame.TFrame_SampleCollection.DBGrid1CellClick
 0001:00015D34       Unit_SampleCollectionFrame.TFrame_SampleCollection.DBGrid2CellClick
 0001:00015D38       Unit_SampleCollectionFrame.TFrame_SampleCollection.DBGrid2DblClick
 0001:00015D90       Unit_SampleCollectionFrame.TFrame_SampleCollection.DBGrid2DrawColumnCell
 0001:00015F00       Unit_SampleCollectionFrame.TFrame_SampleCollection.DBGrid3CellClick
 0001:0001634C       Unit_SampleCollectionFrame.TFrame_SampleCollection.DBGrid3KeyDown
 0001:00016710       Unit_SampleCollectionFrame.TFrame_SampleCollection.DBGrid3MouseWheelDown
 0001:00016ACC       Unit_SampleCollectionFrame.TFrame_SampleCollection.DBGrid4CellClick
 0001:00016C14       Unit_SampleCollectionFrame.TFrame_SampleCollection.DBGrid4KeyDown
 0001:00016D70       Unit_SampleCollectionFrame.TFrame_SampleCollection.DBGrid4KeyPress
 0001:00014810       Unit_SampleCollectionFrame.TFrame_SampleCollection.Dbgrid5CellClick
 0001:0001486C       Unit_SampleCollectionFrame.TFrame_SampleCollection.Dbgrid5DblClick
 0001:00014540       Unit_SampleCollectionFrame.TFrame_SampleCollection.Dbgrid5KeyDown
 0001:00014574       Unit_SampleCollectionFrame.TFrame_SampleCollection.DBGrid6DblClick
 0001:00016D7C       Unit_SampleCollectionFrame.TFrame_SampleCollection.Dex_CLFromEnter
 0001:00016D90       Unit_SampleCollectionFrame.TFrame_SampleCollection.Dex_CLToExit
 0001:00016DA0       Unit_SampleCollectionFrame.TFrame_SampleCollection.Dex_FromEnter
 0001:00016DB4       Unit_SampleCollectionFrame.TFrame_SampleCollection.Edit10Change
 0001:00016EC4       Unit_SampleCollectionFrame.TFrame_SampleCollection.Edit11Change
 0001:00016FD8       Unit_SampleCollectionFrame.TFrame_SampleCollection.Edit12Change
 0001:000170EC       Unit_SampleCollectionFrame.TFrame_SampleCollection.Edit14Change
 0001:000171FC       Unit_SampleCollectionFrame.TFrame_SampleCollection.Edit15Change
 0001:00017310       Unit_SampleCollectionFrame.TFrame_SampleCollection.Edit3Change
 0001:00017420       Unit_SampleCollectionFrame.TFrame_SampleCollection.Edit4Change
 0001:00017548       Unit_SampleCollectionFrame.TFrame_SampleCollection.Edit8Change
 0001:0001765C       Unit_SampleCollectionFrame.TFrame_SampleCollection.Edit9Change
 0001:00017778       Unit_SampleCollectionFrame.TFrame_SampleCollection.Edit_SearchCollectedListChange
 0001:000177A0       Unit_SampleCollectionFrame.TFrame_SampleCollection.Edit_SearchCollectedListKeyPress
 0001:00017A44       Unit_SampleCollectionFrame.TFrame_SampleCollection.Edit_SearchTBCChange
 0001:00017C68       Unit_SampleCollectionFrame.TFrame_SampleCollection.Edit_SearchTBCKeyPress
 0001:00017E98       Unit_SampleCollectionFrame.TFrame_SampleCollection.GetPatientIdFilteredDateFromLabNo
 0001:000180E4       Unit_SampleCollectionFrame.TFrame_SampleCollection.GetQueue
 0001:000183BC       Unit_SampleCollectionFrame.TFrame_SampleCollection.GetQueueList
 0001:0001C544       Unit_SampleCollectionFrame.TFrame_SampleCollection.IsSensitiveMedicineExist
 0001:000186A8       Unit_SampleCollectionFrame.TFrame_SampleCollection.OntimerEvent
 0001:000186C4       Unit_SampleCollectionFrame.TFrame_SampleCollection.PreviewClick
 0001:00018744       Unit_SampleCollectionFrame.TFrame_SampleCollection.PrintSticker
 0001:00018DD4       Unit_SampleCollectionFrame.TFrame_SampleCollection.PrintStickerMangalam
 0001:00019518       Unit_SampleCollectionFrame.TFrame_SampleCollection.PrintStickerMangalam_Histo
 0001:00019C5C       Unit_SampleCollectionFrame.TFrame_SampleCollection.QryQueueList_AfterScroll
 0001:00019C60       Unit_SampleCollectionFrame.TFrame_SampleCollection.Query_SampleCollectedAfterScroll
 0001:00019D18       Unit_SampleCollectionFrame.TFrame_SampleCollection.Query_samplecollectedrightAfterScroll
 0001:0001A17C       Unit_SampleCollectionFrame.TFrame_SampleCollection.Query_TobeCollectedAfterScroll
 0001:0001A234       Unit_SampleCollectionFrame.TFrame_SampleCollection.Query_tobecollectedrAfterScroll
 0001:0001A37C       Unit_SampleCollectionFrame.TFrame_SampleCollection.ReprintSticker
 0001:0001AD5C       Unit_SampleCollectionFrame.TFrame_SampleCollection.Se_CLDaysChange
 0001:0001ADD0       Unit_SampleCollectionFrame.TFrame_SampleCollection.SpeedButton10Click
 0001:0001B14C       Unit_SampleCollectionFrame.TFrame_SampleCollection.SpeedButton1Click
 0001:0001B2AC       Unit_SampleCollectionFrame.TFrame_SampleCollection.SpeedButton4Click
 0001:0001B814       Unit_SampleCollectionFrame.TFrame_SampleCollection.SpeedButton5Click
 0001:0001B85C       Unit_SampleCollectionFrame.TFrame_SampleCollection.SpeedButton6Click
 0001:0001B924       Unit_SampleCollectionFrame.TFrame_SampleCollection.SpeedButton7Click
 0001:0001B9EC       Unit_SampleCollectionFrame.TFrame_SampleCollection.SpeedButton8Click
 0001:0001BB3C       Unit_SampleCollectionFrame.TFrame_SampleCollection.SpeedButton9Click
 0001:0001C454       Unit_SampleCollectionFrame.TFrame_SampleCollection.TabSheet1Show
 0001:0001C468       Unit_SampleCollectionFrame.TFrame_SampleCollection.TabSheet2Show
 0001:0001C46C       Unit_SampleCollectionFrame.TFrame_SampleCollection.TobeCollectedAfterScroll
 0002:00000388       Unit_SampleCollectionFrame.Unit_SampleCollectionFrame
 0004:00000050       Unit_SampleReceive..2
 0001:0000C168       Unit_SampleReceive..TForm_SampleReceive
 0001:0000CF14       Unit_SampleReceive.Finalization
 0004:0000004C       Unit_SampleReceive.Form_SampleReceive
 0001:0000C6C8       Unit_SampleReceive.TForm_SampleReceive.BB_CloseClick
 0001:0000C6D0       Unit_SampleReceive.TForm_SampleReceive.BB_ReceiveClick
 0001:0000C6D8       Unit_SampleReceive.TForm_SampleReceive.FormKeyDown
 0001:0000C6EC       Unit_SampleReceive.TForm_SampleReceive.FormShow
 0001:0000C6FC       Unit_SampleReceive.TForm_SampleReceive.Le_SampleNoKeyPress
 0001:0000C708       Unit_SampleReceive.TForm_SampleReceive.ReceiveSample
 0002:00000378       Unit_SampleReceive.Unit_SampleReceive
 0004:00000028       Unit_SampleRegister..2
 0001:000025FC       Unit_SampleRegister..TForm_SampleRegister
 0001:00004244       Unit_SampleRegister.Finalization
 0004:00000024       Unit_SampleRegister.Form_SampleRegister
 0001:00003018       Unit_SampleRegister.TForm_SampleRegister.BB_RefreshClick
 0001:00003794       Unit_SampleRegister.TForm_SampleRegister.BtnCancelClick
 0001:0000379C       Unit_SampleRegister.TForm_SampleRegister.DBGrid_ServiceChargeDrawColumnCell
 0001:00003880       Unit_SampleRegister.TForm_SampleRegister.FormCreate
 0001:00003960       Unit_SampleRegister.TForm_SampleRegister.FormKeyDown
 0001:00003974       Unit_SampleRegister.TForm_SampleRegister.FormKeyPress
 0001:00003984       Unit_SampleRegister.TForm_SampleRegister.Rg_StatusClick
 0001:00003A70       Unit_SampleRegister.TForm_SampleRegister.SPB_FromClick
 0001:00003A84       Unit_SampleRegister.TForm_SampleRegister.SPB_ToClick
 0001:00003A98       Unit_SampleRegister.TForm_SampleRegister.SpeedButton1Click
 0001:00003DF0       Unit_SampleRegister.TForm_SampleRegister.SpeedButton2Click
 0001:00004160       Unit_SampleRegister.TForm_SampleRegister.SpeedButton3Click
 0002:00000348       Unit_SampleRegister.Unit_SampleRegister
 0004:00000048       Unit_ServiceDetail..2
 0001:0000A78C       Unit_ServiceDetail..TForm_ServiceDetail
 0001:0000C160       Unit_ServiceDetail.Finalization
 0004:00000044       Unit_ServiceDetail.Form_ServiceDetail
 0001:0000B1A4       Unit_ServiceDetail.TForm_ServiceDetail.BB_RefreshClick
 0001:0000B6D0       Unit_ServiceDetail.TForm_ServiceDetail.BtnCancelClick
 0001:0000B6D8       Unit_ServiceDetail.TForm_ServiceDetail.DBGrid_ServiceChargeDrawColumnCell
 0001:0000B7BC       Unit_ServiceDetail.TForm_ServiceDetail.FormCreate
 0001:0000B870       Unit_ServiceDetail.TForm_ServiceDetail.FormKeyDown
 0001:0000B884       Unit_ServiceDetail.TForm_ServiceDetail.FormKeyPress
 0001:0000B894       Unit_ServiceDetail.TForm_ServiceDetail.Rg_StatusClick
 0001:0000B980       Unit_ServiceDetail.TForm_ServiceDetail.SPB_FromClick
 0001:0000B994       Unit_ServiceDetail.TForm_ServiceDetail.SPB_ToClick
 0001:0000B9A8       Unit_ServiceDetail.TForm_ServiceDetail.SpeedButton1Click
 0001:0000BD00       Unit_ServiceDetail.TForm_ServiceDetail.SpeedButton2Click
 0001:0000C070       Unit_ServiceDetail.TForm_ServiceDetail.SpeedButton3Click
 0002:00000370       Unit_ServiceDetail.Unit_ServiceDetail
 0001:000004AC       UxTheme.Finalization
 0002:00000020       UxTheme.UxTheme
 0001:00000600       Variants.@VarClr
 0001:00000608       Variants.@VarFromInt
 0001:00000610       Variants.@VarFromUStr
 0001:00000618       Variants.Finalization
 0002:00000080       Variants.Variants
 0001:00000620       VarUtils.Finalization
 0002:00000088       VarUtils.VarUtils
 0001:000009C8       WideStrings.Finalization
 0002:00000200       WideStrings.WideStrings
 0004:0000000C       Windows..2
 0001:00000500       Windows.Finalization
 0001:000004B4       Windows.FreeLibrary
 0001:000004BC       Windows.GetVersionEx
 0004:00000010       Windows.HtmlHelpModule
 0001:000004C4       Windows.InitVersionInfo
 0003:00000030       Windows.Win32MajorVersion
 0003:00000034       Windows.Win32MinorVersion
 0003:00000038       Windows.Win32Platform
 0002:00000028       Windows.Windows


  Address             Publics by Value

 0001:00000000       System.UpCase
 0001:00000008       System.TObject.NewInstance
 0001:00000010       System.TObject.FreeInstance
 0001:00000018       System.TObject.Free
 0001:00000020       System.TObject.Equals
 0001:00000028       System.TObject.GetHashCode
 0001:00000030       System.TObject.ToString
 0001:00000038       System.TObject.AfterConstruction
 0001:00000040       System.TObject.Dispatch
 0001:00000048       System.@ClassCreate
 0001:00000050       System.@AfterConstruction
 0001:00000058       System.@HandleAnyException
 0001:00000060       System.@HandleFinally
 0001:00000068       System.@DoneExcept
 0001:00000070       System.@TryFinallyExit
 0001:00000078       System.@PackageLoad
 0001:00000080       System.@PackageUnload
 0001:00000088       System.@RunError
 0001:00000090       System.@EnsureUnicodeString
 0001:00000098       System.@WStrClr
 0001:000000A0       System.@WStrArrayClr
 0001:000000A8       System.@WStrCatN
 0001:000000B0       System.@WStrCmp
 0001:000000B8       System.@UStrAddRef
 0001:000000C0       System.@UStrClr
 0001:000000C8       System.@UStrArrayClr
 0001:000000D0       System.@UStrAsg
 0001:000000D8       System.@UStrLAsg
 0001:000000E0       System.@UStrFromWStr
 0001:000000E8       System.@WStrFromUStr
 0001:000000F0       System.@UStrLen
 0001:000000F8       System.@UStrCat
 0001:00000100       System.@UStrCat3
 0001:00000108       System.@UStrCatN
 0001:00000110       System.@UStrEqual
 0001:00000118       System.@UStrCopy
 0001:00000120       System.Pos
 0001:00000128       System.@FinalizeArray
 0001:00000130       System.@DynArraySetLength
 0001:00000138       System.RegisterModule
 0001:00000140       System.UnregisterModule
 0001:00000148       System.Finalization
 0001:00000150       SysInit.FreeLibrary
 0001:00000158       SysInit.LocalAlloc
 0001:00000160       SysInit.LocalFree
 0001:00000168       SysInit.TlsAlloc
 0001:00000170       SysInit.TlsFree
 0001:00000178       SysInit.TlsGetValue
 0001:00000180       SysInit.TlsSetValue
 0001:00000188       SysInit.AllocTlsBuffer
 0001:00000194       SysInit.GetTlsSize
 0001:0000019C       SysInit.InitThreadTLS
 0001:000001E0       SysInit.InitProcessTLS
 0001:0000020C       SysInit.ExitThreadTLS
 0001:00000244       SysInit.ExitProcessTLS
 0001:00000268       SysInit.InitializeModule
 0001:00000274       SysInit.UninitializeModule
 0001:00000298       SysInit.@InitPkg
 0001:000002FC       SysInit.@PackageLoad
 0001:00000308       SysInit.@PackageUnload
 0001:00000314       Preview.Finalization
 0001:0000031C       Printers.Finalization
 0001:00000324       Forms.TScrollingWinControl.Destroy
 0001:0000032C       Forms.TScrollingWinControl.CreateWnd
 0001:00000334       Forms.TScrollingWinControl.AlignControls
 0001:0000033C       Forms.TScrollingWinControl.AutoScrollEnabled
 0001:00000344       Forms.TScrollingWinControl.DoGesture
 0001:0000034C       Forms.TScrollingWinControl.DoGetGestureOptions
 0001:00000354       Forms.TScrollingWinControl.AutoScrollInView
 0001:0000035C       Forms.TScrollingWinControl.Resizing
 0001:00000364       Forms.TScrollingWinControl.AdjustClientRect
 0001:0000036C       Forms.TCustomFrame.Create
 0001:00000374       Forms.TCustomFrame.CreateParams
 0001:0000037C       Forms.TCustomFrame.PaintWindow
 0001:00000384       Forms.TCustomFrame.SetParent
 0001:0000038C       Forms.TCustomForm.Create
 0001:00000394       Forms.TCustomForm.AfterConstruction
 0001:0000039C       Forms.TCustomForm.CreateNew
 0001:000003A4       Forms.TCustomForm.BeforeDestruction
 0001:000003AC       Forms.TCustomForm.Destroy
 0001:000003B4       Forms.TCustomForm.DoCreate
 0001:000003BC       Forms.TCustomForm.DoDestroy
 0001:000003C4       Forms.TCustomForm.Loaded
 0001:000003CC       Forms.TCustomForm.Notification
 0001:000003D4       Forms.TCustomForm.ReadState
 0001:000003DC       Forms.TCustomForm.DefineProperties
 0001:000003E4       Forms.TCustomForm.GetClientRect
 0001:000003EC       Forms.TCustomForm.GetFloating
 0001:000003F4       Forms.TCustomForm.SetParentBiDiMode
 0001:000003FC       Forms.TCustomForm.WantChildKey
 0001:00000404       Forms.TCustomForm.SetParent
 0001:0000040C       Forms.TCustomForm.ValidateRename
 0001:00000414       Forms.TCustomForm.WndProc
 0001:0000041C       Forms.TCustomForm.AlignControls
 0001:00000424       Forms.TCustomForm.CreateParams
 0001:0000042C       Forms.TCustomForm.CreateWnd
 0001:00000434       Forms.TCustomForm.CreateWindowHandle
 0001:0000043C       Forms.TCustomForm.DestroyHandle
 0001:00000444       Forms.TCustomForm.DestroyWindowHandle
 0001:0000044C       Forms.TCustomForm.DefaultHandler
 0001:00000454       Forms.TCustomForm.SetFocusedControl
 0001:0000045C       Forms.TCustomForm.PaintWindow
 0001:00000464       Forms.TCustomForm.Resizing
 0001:0000046C       Forms.TCustomForm.Close
 0001:00000474       Forms.TCustomForm.CloseQuery
 0001:0000047C       Forms.TCustomForm.SetFocus
 0001:00000484       Forms.TCustomForm.ShowModal
 0001:0000048C       Forms.TCustomForm.UpdateActions
 0001:00000494       Forms.TCustomForm.RequestAlign
 0001:0000049C       Forms.TCustomForm.QueryInterface
 0001:000004A4       Forms.Finalization
 0001:000004AC       UxTheme.Finalization
 0001:000004B4       Windows.FreeLibrary
 0001:000004BC       Windows.GetVersionEx
 0001:000004C4       Windows.InitVersionInfo
 0001:00000500       Windows.Finalization
 0001:00000520       SyncObjs.Finalization
 0001:00000528       Classes.RegisterClass
 0001:00000530       Classes.UnRegisterClass
 0001:00000538       Classes.TPersistent.Assign
 0001:00000540       Classes.TCollection.Clear
 0001:00000548       Classes.TThread.Destroy@
 0001:00000550       Classes.TComponent.BeforeDestruction
 0001:00000558       Classes.TComponent.WriteState
 0001:00000560       Classes.TComponent.ValidateRename
 0001:00000568       Classes.TComponent.UpdateAction
 0001:00000570       Classes.TComponent.SafeCallException
 0001:00000578       Classes.TComponent.UpdateRegistry
 0001:00000580       Classes.TComponent.QueryInterface
 0001:00000588       Classes.Finalization
 0001:00000590       TypInfo.Finalization
 0001:00000598       SysUtils.UpperCase
 0001:000005A0       SysUtils.Trim
 0001:000005A8       SysUtils.QuotedStr
 0001:000005B0       SysUtils.IntToStr
 0001:000005B8       SysUtils.StrToInt
 0001:000005C0       SysUtils.FileExists
 0001:000005C8       SysUtils.FormatFloat
 0001:000005D0       SysUtils.StrToFloat
 0001:000005D8       SysUtils.Exception.Destroy@
 0001:000005E0       SysUtils.StringReplace
 0001:000005E8       SysUtils.TLanguages.Destroy@
 0001:000005F0       SysUtils.TEncoding.Destroy@
 0001:000005F8       SysUtils.Finalization
 0001:00000600       Variants.@VarClr
 0001:00000608       Variants.@VarFromInt
 0001:00000610       Variants.@VarFromUStr
 0001:00000618       Variants.Finalization
 0001:00000620       VarUtils.Finalization
 0001:00000628       TimeSpan.TTimeSpan.Destroy@
 0001:00000630       HelpIntfs.Finalization
 0001:00000638       MultiMon.Finalization
 0001:00000640       ActnList.Finalization
 0001:00000648       Graphics.TFont.SetColor
 0001:00000650       Graphics.TBrush.SetColor
 0001:00000658       Graphics.Finalization
 0001:00000660       Registry.Finalization
 0001:00000668       IniFiles.Finalization
 0001:00000670       IOUtils.TPath.Destroy@
 0001:00000678       IOUtils.Finalization
 0001:00000680       Themes.Finalization
 0001:00000688       Controls.TControl.GetDragImages
 0001:00000690       Controls.TControl.GetEnabled
 0001:00000698       Controls.TControl.GetAction
 0001:000006A0       Controls.TControl.SetDragMode
 0001:000006A8       Controls.TControl.SetLeft
 0001:000006B0       Controls.TControl.SetWidth
 0001:000006B8       Controls.TControl.SetHeight
 0001:000006C0       Controls.TControl.SetAutoSize
 0001:000006C8       Controls.TControl.SetName
 0001:000006D0       Controls.TControl.SetVisible
 0001:000006D8       Controls.TControl.SetEnabled
 0001:000006E0       Controls.TControl.GetText
 0001:000006E8       Controls.TControl.SetText
 0001:000006F0       Controls.TControl.SetBiDiMode
 0001:000006F8       Controls.TControl.SetColor
 0001:00000700       Controls.TControl.SetParentBiDiMode
 0001:00000708       Controls.TControl.CreateTouchManager
 0001:00000710       Controls.TControl.Loaded
 0001:00000718       Controls.TControl.GetFloating
 0001:00000720       Controls.TControl.GetFloatingDockSiteClass
 0001:00000728       Controls.TControl.InitiateAction
 0001:00000730       Controls.TWinControl.ReadState
 0001:00000738       Controls.TWinControl.Notification
 0001:00000740       Controls.TWinControl.CreateWindowHandle
 0001:00000748       Controls.TWinControl.DefineProperties
 0001:00000750       Controls.TWinControl.DestroyWnd
 0001:00000758       Controls.TWinControl.DestroyWindowHandle
 0001:00000760       Controls.TWinControl.CreateHandle
 0001:00000768       Controls.TWinControl.CustomAlignInsertBefore
 0001:00000770       Controls.TWinControl.CustomAlignPosition
 0001:00000778       Controls.TWinControl.DestroyHandle
 0001:00000780       Controls.TWinControl.SetParentDoubleBuffered
 0001:00000788       Controls.TWinControl.WndProc
 0001:00000790       Controls.TWinControl.DefaultHandler
 0001:00000798       Controls.TWinControl.RequestAlign
 0001:000007A0       Controls.TWinControl.SetBounds
 0001:000007A8       Controls.TWinControl.ShowControl
 0001:000007B0       Controls.TWinControl.GetDeviceContext
 0001:000007B8       Controls.TWinControl.Invalidate
 0001:000007C0       Controls.TWinControl.Update
 0001:000007C8       Controls.TWinControl.Repaint
 0001:000007D0       Controls.TWinControl.SetFocus
 0001:000007D8       Controls.TWinControl.GetControlExtents
 0001:000007E0       Controls.TWinControl.GetClientOrigin
 0001:000007E8       Controls.TWinControl.GetClientRect
 0001:000007F0       Controls.TWinControl.CanResize
 0001:000007F8       Controls.TWinControl.ConstrainedResize
 0001:00000800       Controls.TWinControl.AssignTo
 0001:00000808       Controls.TWinControl.CanAutoSize
 0001:00000810       Controls.TWinControl.SetParentBackground
 0001:00000818       Controls.TWinControl.DockReplaceDockClient
 0001:00000820       Controls.TWinControl.UpdateControlOriginalParentSize
 0001:00000828       Controls.Finalization
 0001:00000830       Menus.Finalization
 0001:00000838       Dialogs.MessageDlg
 0001:00000840       Dialogs.ShowMessage
 0001:00000848       Dialogs.Finalization
 0001:00000850       ComCtrls.TTabSheet.SetTabVisible
 0001:00000858       ComCtrls.TPageControl.GetPage
 0001:00000860       ComCtrls.Finalization
 0001:00000868       GraphUtil.Finalization
 0001:00000870       StdCtrls.TCustomEdit.SetReadOnly
 0001:00000878       ExtCtrls.Finalization
 0001:00000880       Clipbrd.Finalization
 0001:00000888       FlatSB.Finalization
 0001:00000890       pngimage.Finalization
 0001:00000898       ActnMan.Finalization
 0001:000008A0       Buttons.Finalization
 0001:000008A8       ComObj.Finalization
 0001:000008B0       ActnMenus.Finalization
 0001:000008B8       ExtActns.Finalization
 0001:000008C0       ExtDlgs.Finalization
 0001:000008C8       Mapi.Finalization
 0001:000008D0       TeCanvas.Finalization
 0001:000008D8       TeeConst.Finalization
 0001:000008E0       TeeHtml.Finalization
 0001:000008E8       TeeProcs.Finalization
 0001:000008F0       TeeFilters.Finalization
 0001:000008F8       OraCall.Finalization
 0001:00000900       MemUtils.Finalization
 0001:00000908       CLRClasses.Finalization
 0001:00000910       MTSCall.Finalization
 0001:00000918       DBAccess.TCustomDADataSet.GetSQL
 0001:00000920       DBAccess.Finalization
 0001:00000928       CRParser.Finalization
 0001:00000930       MemData.Finalization
 0001:00000938       AnsiStrings.Finalization
 0001:00000940       SqlTimSt.Finalization
 0001:00000948       FMTBcd.Finalization
 0001:00000950       DASQLMonitor.Finalization
 0001:00000958       CRVioTcp.Finalization
 0001:00000960       DBMonitorClient.Finalization
 0001:00000968       CRXml.Finalization
 0001:00000970       DB.TFieldDefs.Add
 0001:00000978       DB.TDataSource.Create
 0001:00000980       DB.TDataSource.SetDataSet
 0001:00000988       DB.TDataSet.Open
 0001:00000990       DB.TDataSet.Close
 0001:00000998       DB.TDataSet.FieldByName
 0001:000009A0       DB.TDataSet.First
 0001:000009A8       DB.TDataSet.Next
 0001:000009B0       DB.TDataSet.Prior
 0001:000009B8       DB.TDataSet.Append
 0001:000009C0       DB.Finalization
 0001:000009C8       WideStrings.Finalization
 0001:000009D0       OraSmart.Finalization
 0001:000009D8       OraParser.Finalization
 0001:000009E0       OraClasses.Finalization
 0001:000009E8       OraObjects.Finalization
 0001:000009F0       OraNet.Finalization
 0001:000009F8       OraAlerter.Finalization
 0001:00000A00       Ora.TOraDataSet.Create
 0001:00000A08       Ora.TOraDataSet.ExecSQL
 0001:00000A10       Ora.TOraDataSet.SetSession
 0001:00000A18       Ora.Finalization
 0001:00000A20       OraConnectionPool.Finalization
 0001:00000A28       OraSQLMonitor.Finalization
 0001:00000A30       DBTables.TDBDataSet.SetDatabaseName
 0001:00000A38       DBTables.TTable.CreateTable
 0001:00000A40       DBTables.TTable.DeleteTable
 0001:00000A48       DBTables.TTable.EmptyTable
 0001:00000A50       DBTables.TTable.SetTableName
 0001:00000A58       DBTables.TTable.SetTableType
 0001:00000A60       DBTables.Finalization
 0001:00000A68       OleServer.Finalization
 0001:00000A70       OleCtrls.TOleControl.Create
 0001:00000A78       OleCtrls.TOleControl.GetIntegerProp
 0001:00000A80       OleCtrls.TOleControl.GetWideStringProp
 0001:00000A88       OleCtrls.TOleControl.SetIntegerProp
 0001:00000A90       OleCtrls.TOleControl.SetTOleEnumProp
 0001:00000A98       OleCtrls.TOleControl.SetWideStringProp
 0001:00000AA0       OleCtrls.Finalization
 0001:00000AA8       AxCtrls.Finalization
 0001:00000AB0       DBCtrls.Finalization
 0001:00000AB8       DBPWDlg.Finalization
 0001:00000AC0       DBLogDlg.Finalization
 0001:00000AC8       Unit_Master.CancelServiceTest
 0001:00000AD0       Unit_Master.SaveSampleCollectionIntegration
 0001:00000AD8       Unit_Master.UndoSampleCollection
 0001:00000AE0       Unit_Master.GetNextSampleNo
 0001:00000AE8       Unit_Master.GetSampleNoByDate
 0001:00000AF0       Unit_Master.GetSampleNoByDateInModify
 0001:00000AF8       Unit_Master.GetLabNoByDate
 0001:00000B00       Unit_Master.GetLabNoByDateAfterCollection
 0001:00000B08       Unit_Master.GetPreviousSampleNo
 0001:00000B10       Unit_Master.GetPreviousLabNo
 0001:00000B18       jpeg.Finalization
 0001:00000B20       ServerDate.CreateQuery
 0001:00000B28       ServerDate.TodaysTime
 0001:00000B30       ServerDate.TodaysDate
 0001:00000B38       ServerDate.TodaysDateVS
 0001:00000B40       ServerDate.Finalization
 0001:00000B48       QRCtrls.TQRCustomLabel.SetCaption
 0001:00000B50       QRCtrls.Finalization
 0001:00000B58       QRExpr.Finalization
 0001:00000B60       QuickRpt.TCustomQuickRep.Print
 0001:00000B68       QuickRpt.TCustomQuickRep.Prepare
 0001:00000B70       QuickRpt.TCustomQuickRep.Preview
 0001:00000B78       QuickRpt.TCustomQuickRep.PreviewModal
 0001:00000B80       QuickRpt.Finalization
 0001:00000B88       OleCtnrs.Finalization
 0001:00000B90       Grids.TCustomGrid.SetRowCount
 0001:00000B98       Grids.TStringGrid.GetCols
 0001:00000BA0       Grids.TStringGrid.SetCells
 0001:00000BA8       QRExtra.Finalization
 0001:00000BB0       QRPrntr.Finalization
 0001:00000BB8       QRPDFFilt.Finalization
 0001:00000BC0       pdfconst.Finalization
 0001:00000BC8       QRExport.Finalization
 0001:00000BD0       QRWebFilt.Finalization
 0001:00000BD8       QRPrev.Finalization
 0001:00000BE0       QRXMLSFilt.Finalization
 0001:00000BE8       QRPrnSu.Finalization
 0001:00000BF0       DBGrids.TColumn.GetField
 0001:00000BF8       DBGrids.TColumn.SetFieldName
 0001:00000C00       DBGrids.TDBGridColumns.GetColumn
 0001:00000C08       DBGrids.TCustomDBGrid.DefaultDrawDataCell
 0001:00000C10       DBGrids.TCustomDBGrid.DefaultDrawColumnCell
 0001:00000C18       DBGrids.TCustomDBGrid.GetDataSource
 0001:00000C20       DBGrids.TCustomDBGrid.SetDataSource
 0001:00000C28       Fxn.ChangeDateSystem
 0001:00000C30       Fxn.IsStrANumber
 0001:00000C38       Fxn.ShowDoneMessage
 0001:00000C40       Fxn.MsgBox
 0001:00000C48       Fxn.LoadPatientData
 0001:00000C50       Fxn.LoadSampleTobeCollected
 0001:00000C58       Fxn.LoadCollectedSample
 0001:00000C60       Fxn.LoadCollectedSampleAfterModify
 0001:00000C68       Fxn.LoadDepartmentINCheckListBox
 0001:00000C70       Fxn.GetUserDepType
 0001:00000C78       Fxn.GetFinalBillno
 0001:00000C80       Fxn.GetTestListCaption
 0001:00000C88       Fxn.RefreshQuery
 0001:00000C90       Fxn.IsValidToSampleColnIntermsofDeposit
 0001:00000C98       Fxn.GetClinicalDepID
 0001:00000CA0       Fxn.getsampleremarks
 0001:00000CA8       Fxn.Finalization
 0001:00000CB0       ADODB.Finalization
 0001:00000CB8       CheckLst.TCheckListBox.SetState
 0001:00000CC0       CheckLst.TCheckListBox.GetState
 0001:00000CC8       CheckLst.Finalization
 0001:00000CD0       Unit_Message.Finalization
 0001:00000CD8       qrBarcode.TQRAsBarcode.SetText
 0001:00000CE0       Barcode.Finalization
 0001:00000CE8       Unit_QrSticker_Histo..TForm_Sticker_Histo
 0001:00001134       Unit_QrSticker_Histo.TForm_Sticker_Histo.FormCreate
 0001:00001138       Unit_QrSticker_Histo.Finalization
 0001:00001140       Unit_QrSampleCollectionreport..TForm_QrSampleCollectionReport
 0001:00001A20       Unit_QrSampleCollectionreport.TForm_QrSampleCollectionReport.FormCreate
 0001:00001CFC       Unit_QrSampleCollectionreport.TForm_QrSampleCollectionReport.Loaddata
 0001:000025B4       Unit_QrSampleCollectionreport.TForm_QrSampleCollectionReport.QRDBText1Print
 0001:000025DC       Unit_QrSampleCollectionreport.Finalization
 0001:000025E4       DBGridExportToExcel.ExportDBGrid
 0001:000025EC       SMDBGrid.Finalization
 0001:000025F4       SMCnst.Finalization
 0001:000025FC       Unit_SampleRegister..TForm_SampleRegister
 0001:00003018       Unit_SampleRegister.TForm_SampleRegister.BB_RefreshClick
 0001:00003794       Unit_SampleRegister.TForm_SampleRegister.BtnCancelClick
 0001:0000379C       Unit_SampleRegister.TForm_SampleRegister.DBGrid_ServiceChargeDrawColumnCell
 0001:00003880       Unit_SampleRegister.TForm_SampleRegister.FormCreate
 0001:00003960       Unit_SampleRegister.TForm_SampleRegister.FormKeyDown
 0001:00003974       Unit_SampleRegister.TForm_SampleRegister.FormKeyPress
 0001:00003984       Unit_SampleRegister.TForm_SampleRegister.Rg_StatusClick
 0001:00003A70       Unit_SampleRegister.TForm_SampleRegister.SPB_FromClick
 0001:00003A84       Unit_SampleRegister.TForm_SampleRegister.SPB_ToClick
 0001:00003A98       Unit_SampleRegister.TForm_SampleRegister.SpeedButton1Click
 0001:00003DF0       Unit_SampleRegister.TForm_SampleRegister.SpeedButton2Click
 0001:00004160       Unit_SampleRegister.TForm_SampleRegister.SpeedButton3Click
 0001:00004244       Unit_SampleRegister.Finalization
 0001:0000424C       UnitSendToExcel.SendToExcels
 0001:00004254       UnitSendToExcel.Finalization
 0001:0000425C       Unit_QrReportRemaining..TForm_QRreportremaining
 0001:00004888       Unit_QrReportRemaining.TForm_QRreportremaining.SampleIDPrint
 0001:000048B8       Unit_QrReportRemaining.Finalization
 0001:000048C0       UnitReportRemaining..TFormReportRemaining
 0001:0000525C       UnitReportRemaining.TFormReportRemaining.CreateSampleRegister
 0001:00005260       UnitReportRemaining.TFormReportRemaining.FormCreate
 0001:00005324       UnitReportRemaining.TFormReportRemaining.BitBtnRefreshClick
 0001:000059F0       UnitReportRemaining.TFormReportRemaining.btn_excelClick
 0001:00005B40       UnitReportRemaining.TFormReportRemaining.btn_previewClick
 0001:00006140       UnitReportRemaining.TFormReportRemaining.GetMeOtherParameters
 0001:00006168       UnitReportRemaining.TFormReportRemaining.FormKeyDown
 0001:00006188       UnitReportRemaining.TFormReportRemaining.BitBtn1Click
 0001:000061F4       UnitReportRemaining.TFormReportRemaining.DBGrid1DblClick
 0001:000061F8       UnitReportRemaining.TFormReportRemaining.RGReportClick
 0001:00006200       UnitReportRemaining.TFormReportRemaining.Rg_StatusClick
 0001:000062EC       UnitReportRemaining.TFormReportRemaining.SMDBGrid1DrawngColumnCell
 0001:0000639C       UnitReportRemaining.TFormReportRemaining.EditSearchChange
 0001:000063A0       UnitReportRemaining.Finalization
 0001:000063A8       UnitMonitorRegister..TFormMonitorRegister
 0001:00007130       UnitMonitorRegister.TFormMonitorRegister.CreateSampleRegister
 0001:000076B4       UnitMonitorRegister.TFormMonitorRegister.FormClose
 0001:000076D0       UnitMonitorRegister.TFormMonitorRegister.FormCreate
 0001:000077A0       UnitMonitorRegister.TFormMonitorRegister.FormDestroy
 0001:000077BC       UnitMonitorRegister.TFormMonitorRegister.BitBtnRefreshClick
 0001:00008700       UnitMonitorRegister.TFormMonitorRegister.GetMeOtherParameters
 0001:00008B98       UnitMonitorRegister.TFormMonitorRegister.FormKeyDown
 0001:00008BB8       UnitMonitorRegister.TFormMonitorRegister.BitBtn1Click
 0001:00008C24       UnitMonitorRegister.TFormMonitorRegister.RGReportClick
 0001:00008C2C       UnitMonitorRegister.TFormMonitorRegister.DBGrid1CellClick
 0001:0000995C       UnitMonitorRegister.TFormMonitorRegister.DBGrid1DblClick
 0001:0000A5F4       UnitMonitorRegister.TFormMonitorRegister.DBGrid1KeyPress
 0001:0000A600       UnitMonitorRegister.TFormMonitorRegister.DBGrid1MouseWheelDown
 0001:0000A618       UnitMonitorRegister.TFormMonitorRegister.DBGrid1MouseWheelUp
 0001:0000A630       UnitMonitorRegister.TFormMonitorRegister.DBGrid2DrawColumnCell
 0001:0000A780       UnitMonitorRegister.TFormMonitorRegister.DBGrid2DblClick
 0001:0000A784       UnitMonitorRegister.Finalization
 0001:0000A78C       Unit_ServiceDetail..TForm_ServiceDetail
 0001:0000B1A4       Unit_ServiceDetail.TForm_ServiceDetail.BB_RefreshClick
 0001:0000B6D0       Unit_ServiceDetail.TForm_ServiceDetail.BtnCancelClick
 0001:0000B6D8       Unit_ServiceDetail.TForm_ServiceDetail.DBGrid_ServiceChargeDrawColumnCell
 0001:0000B7BC       Unit_ServiceDetail.TForm_ServiceDetail.FormCreate
 0001:0000B870       Unit_ServiceDetail.TForm_ServiceDetail.FormKeyDown
 0001:0000B884       Unit_ServiceDetail.TForm_ServiceDetail.FormKeyPress
 0001:0000B894       Unit_ServiceDetail.TForm_ServiceDetail.Rg_StatusClick
 0001:0000B980       Unit_ServiceDetail.TForm_ServiceDetail.SPB_FromClick
 0001:0000B994       Unit_ServiceDetail.TForm_ServiceDetail.SPB_ToClick
[...]
  1287 0001:00014641  1293 0001:000146B4  1295 0001:000146C5  1298 0001:000146DC
  1299 0001:000146F7  1300 0001:0001470B  1301 0001:00014722  1302 0001:00014739
  1303 0001:0001475C  1304 0001:0001477F  1305 0001:00014792  1306 0001:000147A5
  1307 0001:000147B2  1308 0001:000147BF  1309 0001:000147CC  1310 0001:000147D5
  1313 0001:000147E5  1316 0001:00014810  1317 0001:00014826  1318 0001:0001484B
  1321 0001:0001486C  1327 0001:00014885  1328 0001:00014895  1329 0001:000148B2
  1330 0001:000148CE  1331 0001:000148D7  1337 0001:0001491C  1338 0001:00014946
  1339 0001:00014953  1340 0001:00014963  1341 0001:00014970  1343 0001:0001497D
  1351 0001:0001498A  1352 0001:000149A7  1353 0001:000149B1  1355 0001:000149BC
  1356 0001:000149C5  1357 0001:000149D9  1358 0001:000149F0  1359 0001:00014A07
  1360 0001:00014A14  1361 0001:00014A31  1362 0001:00014A4E  1363 0001:00014A61
  1364 0001:00014A94  1365 0001:00014AA7  1366 0001:00014ABA  1367 0001:00014ACD
  1368 0001:00014AE0  1369 0001:00014AF0  1370 0001:00014B03  1371 0001:00014B0F
  1372 0001:00014B1C  1373 0001:00014B29  1374 0001:00014B45  1375 0001:00014B52
  1378 0001:00014B5F  1379 0001:00014B66  1380 0001:00014B77  1381 0001:00014B83
  1382 0001:00014B94  1383 0001:00014BC4  1403 0001:00014BF3  1404 0001:00014C04
  1405 0001:00014C0B  1407 0001:00014C1D  1408 0001:00014C26  1410 0001:00014C2C
  1411 0001:00014C39  1412 0001:00014C50  1414 0001:00014C6A  1415 0001:00014C7D
  1417 0001:00014C87  1418 0001:00014C95  1419 0001:00014CA5  1420 0001:00014CAE
  1421 0001:00014CD1  1423 0001:00014CDE  1425 0001:00014CEC  1426 0001:00014CF9
  1427 0001:00014D06  1429 0001:00014D0C  1430 0001:00014D13  1431 0001:00014D1F
  1432 0001:00014D4F  1433 0001:00014D7A  1434 0001:00014D8B  1439 0001:00014D94
  1440 0001:00014DA1  1451 0001:00014DAE  1453 0001:00014DB4  1454 0001:00014DBB
  1455 0001:00014DCC  1456 0001:00014DD8  1457 0001:00014DE9  1458 0001:00014E19
  1460 0001:00014E20  1461 0001:00014E3E  1462 0001:00014E4E  1463 0001:00014E74
  1464 0001:00014E9A  1465 0001:00014EC0  1466 0001:00014ECD  1469 0001:00014EDA
  1474 0001:00015420  1475 0001:00015425  1477 0001:00015437  1478 0001:00015452
  1477 0001:00015462  1482 0001:00015467  1483 0001:00015482  1482 0001:00015492
  1485 0001:00015495  1490 0001:0001549C  1491 0001:000154A1  1493 0001:000154B3
  1494 0001:000154CE  1493 0001:000154DE  1498 0001:000154E3  1499 0001:000154FE
  1498 0001:0001550E  1501 0001:00015511  1506 0001:00015518  1507 0001:00015524
  1508 0001:0001552D  1510 0001:00015548  1511 0001:00015559  1512 0001:0001555F
  1514 0001:00015571  1515 0001:0001558E  1508 0001:0001558F  1516 0001:00015592
  1519 0001:000155A8  1520 0001:000155AE  1521 0001:000155C0  1522 0001:000155D1
  1523 0001:000155E2  1524 0001:000155F3  1525 0001:00015606  1527 0001:00015615
  1528 0001:0001561E  1531 0001:00015654  1532 0001:00015657  1533 0001:00015669
  1535 0001:00015673  1537 0001:0001567B  1540 0001:00015680  1541 0001:00015683
  1542 0001:00015695  1544 0001:0001569F  1545 0001:000156A7  1548 0001:000156AC
  1549 0001:000156AF  1550 0001:000156C1  1552 0001:000156CB  1553 0001:000156D3
  1573 0001:000156D8  1579 0001:000156DC  1580 0001:000156E1  1583 0001:000156E4
  1584 0001:000156E7  1585 0001:000156F9  1586 0001:00015706  1589 0001:00015708
  1590 0001:0001570B  1591 0001:0001571D  1593 0001:00015727  1594 0001:0001572F
  1597 0001:00015734  1598 0001:00015737  1599 0001:00015749  1601 0001:00015753
  1603 0001:0001575B  1606 0001:00015760  1607 0001:00015766  1608 0001:00015778
  1609 0001:00015789  1610 0001:0001579A  1611 0001:000157AB  1612 0001:000157BE
  1614 0001:000157CD  1617 0001:000157D6  1620 0001:0001580C  1621 0001:0001580F
  1622 0001:00015821  1623 0001:00015830  1624 0001:00015842  1626 0001:0001584F
  1631 0001:00015854  1632 0001:00015884  1633 0001:0001588D  1634 0001:00015892
  1635 0001:000158AE  1636 0001:000158B6  1637 0001:000158BE  1638 0001:000158C6
  1639 0001:000158CE  1640 0001:000158D6  1641 0001:000158E2  1643 0001:000158F2
  1644 0001:00015902  1646 0001:00015912  1648 0001:00015925  1651 0001:00015934
  1652 0001:00015941  1653 0001:0001594B  1655 0001:00015964  1656 0001:0001597B
  1657 0001:00015992  1658 0001:000159A9  1659 0001:000159C1  1660 0001:000159D9
  1661 0001:000159F1  1663 0001:00015A09  1664 0001:00015A2C  1666 0001:00015A4F
  1667 0001:00015A62  1668 0001:00015A75  1669 0001:00015A8B  1670 0001:00015AA1
  1671 0001:00015AB7  1679 0001:00015AC0  1680 0001:00015AE3  1681 0001:00015B06
  1683 0001:00015B19  1684 0001:00015B22  1688 0001:00015B2E  1689 0001:00015B3B
  1690 0001:00015B48  1691 0001:00015B55  1692 0001:00015B62  1693 0001:00015B6F
  1720 0001:00015B7C  1725 0001:00015B89  1726 0001:00015B96  1728 0001:00015BA3
  1729 0001:00015BB6  1730 0001:00015BC5  1731 0001:00015BD8  1732 0001:00015BE5
  1739 0001:00015C84  1740 0001:00015C9B  1741 0001:00015CC8  1743 0001:00015CDB
  1744 0001:00015CEB  1745 0001:00015CF4  1767 0001:00015D34  1770 0001:00015D38
  1771 0001:00015D3E  1772 0001:00015D51  1773 0001:00015D5A  1776 0001:00015D90
  1777 0001:00015DA0  1779 0001:00015DBA  1781 0001:00015DC9  1782 0001:00015DD9
  1784 0001:00015DE9  1786 0001:00015E01  1788 0001:00015E1B  1790 0001:00015E2A
  1791 0001:00015E3A  1793 0001:00015E4A  1795 0001:00015E62  1797 0001:00015E7C
  1799 0001:00015E8B  1800 0001:00015E9B  1802 0001:00015EAB  1804 0001:00015EC3
  1810 0001:00015F00  1811 0001:00015F23  1813 0001:00015F41  1814 0001:00015F5E
  1818 0001:00015F85  1819 0001:00015F8E  1822 0001:00015F9A  1824 0001:00015FA0
  1825 0001:00015FA7  1826 0001:00015FDC  1828 0001:00015FEE  1829 0001:00016021
  1830 0001:00016055  1834 0001:0001605F  1835 0001:00016075  1836 0001:000160A9
  1838 0001:000160B1  1839 0001:000160C3  1841 0001:000160DB  1843 0001:000160F1
  1844 0001:000160F8  1845 0001:00016109  1846 0001:0001610B  1849 0001:00016131
  1850 0001:00016156  1851 0001:00016169  1852 0001:0001616A  1853 0001:0001617E
  1847 0001:00016185  1856 0001:0001618E  1857 0001:0001619A  1862 0001:0001634C
  1863 0001:00016372  1866 0001:00016382  1868 0001:000163A0  1869 0001:000163BD
  1873 0001:000163E4  1874 0001:000163ED  1877 0001:000163F9  1879 0001:000163FF
  1880 0001:00016406  1881 0001:0001643B  1883 0001:0001644D  1884 0001:00016480
  1885 0001:000164B4  1889 0001:000164BE  1890 0001:000164D4  1891 0001:00016508
  1893 0001:00016510  1894 0001:00016517  1895 0001:00016528  1896 0001:0001652A
  1899 0001:00016550  1900 0001:00016575  1901 0001:00016588  1902 0001:00016589
  1903 0001:0001659D  1897 0001:000165A4  1906 0001:000165AD  1908 0001:000165B9
  1913 0001:00016710  1914 0001:0001673E  1916 0001:0001675C  1917 0001:00016779
  1921 0001:000167A0  1922 0001:000167A9  1925 0001:000167B5  1927 0001:000167BB
  1928 0001:000167C2  1929 0001:000167F7  1931 0001:00016809  1932 0001:0001683C
  1933 0001:00016870  1937 0001:0001687A  1938 0001:00016890  1939 0001:000168C4
  1941 0001:000168CC  1942 0001:000168D3  1943 0001:000168E4  1944 0001:000168E6
  1947 0001:0001690C  1948 0001:00016931  1949 0001:00016944  1950 0001:00016945
  1951 0001:00016959  1945 0001:00016960  1954 0001:00016969  1955 0001:00016975
  1958 0001:00016ACC  1959 0001:00016AE8  1960 0001:00016B06  1962 0001:00016B25
  1963 0001:00016B2E  1965 0001:00016B34  1966 0001:00016B3B  1967 0001:00016B70
  1969 0001:00016B77  1970 0001:00016B9C  1973 0001:00016C14  1974 0001:00016C32
  1976 0001:00016C42  1977 0001:00016C60  1979 0001:00016C7F  1980 0001:00016C88
  1982 0001:00016C8E  1983 0001:00016C95  1984 0001:00016CCA  1986 0001:00016CD1
  1989 0001:00016CF6  1995 0001:00016D70  1996 0001:00016D76  1997 0001:00016D7B
  2001 0001:00016D7C  2002 0001:00016D8C  2006 0001:00016D90  2007 0001:00016D9E
  2011 0001:00016DA0  2012 0001:00016DB0  2015 0001:00016DB4  2016 0001:00016DCF
  2018 0001:00016DD5  2020 0001:00016DF4  2021 0001:00016E2E  2024 0001:00016E3C
  2027 0001:00016E48  2030 0001:00016EC4  2031 0001:00016EDF  2033 0001:00016EE5
  2035 0001:00016F04  2036 0001:00016F3E  2039 0001:00016F4C  2041 0001:00016F58
  2044 0001:00016FD8  2045 0001:00016FF3  2047 0001:00016FF9  2049 0001:00017018
  2050 0001:00017052  2053 0001:00017060  2055 0001:0001706C  2058 0001:000170EC
  2059 0001:00017107  2061 0001:0001710D  2063 0001:0001712C  2064 0001:00017166
  2067 0001:00017174  2069 0001:00017180  2072 0001:000171FC  2073 0001:00017217
  2075 0001:0001721D  2077 0001:0001723C  2078 0001:00017276  2081 0001:00017284
  2083 0001:00017290  2086 0001:00017310  2087 0001:0001732E  2089 0001:00017334
  2091 0001:00017353  2092 0001:00017388  2095 0001:00017396  2097 0001:000173A2
  2098 0001:000173AB  2101 0001:00017420  2102 0001:0001743E  2104 0001:00017444
  2106 0001:00017463  2107 0001:0001749D  2110 0001:000174AB  2112 0001:000174B7
  2113 0001:000174C0  2116 0001:00017548  2117 0001:00017566  2119 0001:0001756C
  2121 0001:0001758B  2122 0001:000175C0  2125 0001:000175CE  2127 0001:000175DA
  2128 0001:000175E3  2131 0001:0001765C  2132 0001:00017677  2134 0001:0001767D
  2136 0001:0001769C  2137 0001:000176D6  2140 0001:000176E4  2143 0001:000176F0
  2148 0001:00017778  2164 0001:00017789  2169 0001:000177A0  2170 0001:000177C8
  2172 0001:000177D2  2173 0001:0001780A  2175 0001:00017810  2177 0001:00017833
  2179 0001:00017852  2180 0001:00017864  2182 0001:000178AD  2185 0001:000178E4
  2186 0001:0001791E  2189 0001:0001792C  2191 0001:00017938  2193 0001:00017942
  2196 0001:00017A44  2197 0001:00017A69  2198 0001:00017AA1  2200 0001:00017AA7
  2202 0001:00017ACA  2203 0001:00017AE5  2205 0001:00017B1C  2206 0001:00017B56
  2209 0001:00017B64  2211 0001:00017B70  2212 0001:00017B79  2215 0001:00017C68
  2216 0001:00017C91  2218 0001:00017C9B  2219 0001:00017CD3  2221 0001:00017CD9
  2223 0001:00017CFC  2224 0001:00017D17  2226 0001:00017D4E  2227 0001:00017D88
  2230 0001:00017D96  2232 0001:00017DA2  2235 0001:00017DAC  2243 0001:00017E98
  2245 0001:00017EC1  2247 0001:00017ECF  2248 0001:00017EDD  2249 0001:00017EEE
  2250 0001:00017EFE  2251 0001:00017F26  2252 0001:00017F35  2254 0001:00017F5D
  2258 0001:00017F6D  2261 0001:00017F7D  2262 0001:00017F84  2263 0001:00017F95
  2264 0001:00017FA1  2275 0001:00017FCD  2276 0001:00017FD4  2278 0001:00017FE7
  2279 0001:00017FEE  2280 0001:00017FF5  2287 0001:000180E4  2290 0001:00018111
  2291 0001:0001812B  2292 0001:00018137  2293 0001:00018151  2294 0001:0001815B
  2295 0001:00018180  2296 0001:000181A5  2299 0001:000181C1  2300 0001:000181D8
  2301 0001:00018208  2302 0001:0001820E  2303 0001:0001821A  2304 0001:00018247
  2305 0001:0001825F  2306 0001:0001826C  2307 0001:00018295  2315 0001:000183BC
  2316 0001:000183E2  2317 0001:000183F2  2320 0001:00018404  2321 0001:0001840B
  2322 0001:0001841C  2323 0001:00018428  2324 0001:00018439  2325 0001:00018440
  2326 0001:00018462  2327 0001:00018484  2329 0001:0001849D  2330 0001:000184B1
  2331 0001:000184E1  2332 0001:000184E7  2333 0001:000184F4  2334 0001:00018521
  2335 0001:00018539  2336 0001:00018546  2337 0001:0001856F  2340 0001:000186A8
  2341 0001:000186AB  2342 0001:000186B6  2343 0001:000186C1  2346 0001:000186C4
  2347 0001:000186C7  2348 0001:000186D9  2349 0001:000186EB  2350 0001:000186FD
  2352 0001:0001870D  2364 0001:00018744  2365 0001:00018765  2368 0001:0001876F
  2369 0001:0001877D  2370 0001:00018798  2385 0001:000187A8  2387 0001:000187C1
  2388 0001:000187CF  2393 0001:000187E5  2405 0001:000187FA  2406 0001:0001881D
  2412 0001:00018851  2546 0001:00018867  2548 0001:0001888C  2550 0001:000188A2
  2552 0001:000188B2  2553 0001:000188C3  2556 0001:000188DA  2557 0001:000188E2
  2558 0001:000188EF  2559 0001:0001891C  2562 0001:00018924  2565 0001:00018934
  2566 0001:0001893B  2567 0001:00018947  2568 0001:00018976  2569 0001:000189A6
  2571 0001:000189AD  2574 0001:000189D6  2575 0001:000189EB  2576 0001:00018A15
  2578 0001:00018A60  2550 0001:00018A72  2583 0001:00018A7B  2546 0001:00018A7E
  2587 0001:00018A87  2675 0001:00018A9B  2676 0001:00018AA3  2677 0001:00018AAB
  2679 0001:00018ABF  2690 0001:00018DD4  2691 0001:00018DF7  2694 0001:00018E01
  2695 0001:00018E0F  2696 0001:00018E2A  2711 0001:00018E3A  2713 0001:00018E50
  2714 0001:00018E5E  2719 0001:00018E74  2731 0001:00018E89  2732 0001:00018EAC
  2738 0001:00018EE0  2871 0001:00018EF6  2873 0001:00018F1B  2875 0001:00018F2D
  2876 0001:00018F3E  2877 0001:00018F55  2878 0001:00018F5B  2880 0001:00018F68
  2882 0001:00018F8B  2871 0001:00018F8E  2883 0001:00018F93  2887 0001:00018FA4
  2888 0001:00018FAC  2889 0001:00018FB9  2891 0001:00018FE5  2892 0001:00018FED
  2903 0001:00018FFD  2906 0001:0001900D  2907 0001:00019014  2908 0001:00019020
  2909 0001:0001904F  2910 0001:0001907F  2912 0001:00019086  2915 0001:000190AF
  2916 0001:000190C4  2917 0001:000190EE  2919 0001:00019139  2925 0001:0001914B
  2894 0001:00019153  2930 0001:00019163  3018 0001:00019177  3019 0001:0001917F
  3020 0001:00019187  3022 0001:0001919B  3034 0001:00019518  3035 0001:0001953B
  3038 0001:00019545  3039 0001:00019553  3040 0001:0001956E  3055 0001:0001957E
  3057 0001:00019594  3058 0001:000195A2  3063 0001:000195B8  3075 0001:000195CD
  3076 0001:000195F0  3082 0001:00019624  3215 0001:0001963A  3217 0001:0001965F
  3219 0001:00019671  3220 0001:00019682  3221 0001:00019699  3222 0001:0001969F
  3224 0001:000196AC  3226 0001:000196CF  3215 0001:000196D2  3227 0001:000196D7
  3231 0001:000196E8  3232 0001:000196F0  3233 0001:000196FD  3235 0001:00019729
  3236 0001:00019731  3247 0001:00019741  3250 0001:00019751  3251 0001:00019758
  3252 0001:00019764  3253 0001:00019793  3254 0001:000197C3  3256 0001:000197CA
  3259 0001:000197F3  3260 0001:00019808  3261 0001:00019832  3263 0001:0001987D
  3269 0001:0001988F  3238 0001:00019897  3274 0001:000198A7  3362 0001:000198BB
  3363 0001:000198C3  3364 0001:000198CB  3366 0001:000198DF  3372 0001:00019C5C
  3375 0001:00019C60  3376 0001:00019C76  3377 0001:00019C9B  3378 0001:00019CB8
  3383 0001:00019D18  3384 0001:00019D3B  3386 0001:00019D59  3387 0001:00019D76
  3391 0001:00019D9D  3392 0001:00019DA6  3395 0001:00019DB2  3397 0001:00019DB8
  3398 0001:00019DBF  3399 0001:00019DF4  3401 0001:00019E06  3402 0001:00019E39
  3403 0001:00019E6D  3407 0001:00019E77  3408 0001:00019E8D  3409 0001:00019EC1
  3412 0001:00019EC9  3413 0001:00019ED0  3414 0001:00019EE1  3415 0001:00019EE3
  3418 0001:00019F09  3419 0001:00019F2E  3420 0001:00019F41  3421 0001:00019F42
  3422 0001:00019F56  3416 0001:00019F5D  3425 0001:00019F66  3427 0001:00019F72
  3428 0001:00019F90  3430 0001:00019FAF  3431 0001:00019FB8  3433 0001:00019FBE
  3434 0001:00019FC5  3435 0001:00019FFA  3437 0001:0001A001  3438 0001:0001A026
  3441 0001:0001A17C  3442 0001:0001A192  3443 0001:0001A1B7  3444 0001:0001A1D4
  3447 0001:0001A234  3448 0001:0001A250  3449 0001:0001A26E  3451 0001:0001A28D
  3452 0001:0001A296  3454 0001:0001A29C  3455 0001:0001A2A3  3456 0001:0001A2D8
  3458 0001:0001A2DF  3459 0001:0001A304  3466 0001:0001A37C  3467 0001:0001A3A9
  3468 0001:0001A3BA  3469 0001:0001A3C8  3472 0001:0001A3DE  3473 0001:0001A3E4
  3477 0001:0001A3F2  3478 0001:0001A3FA  3479 0001:0001A40C  3480 0001:0001A419
  3481 0001:0001A449  3483 0001:0001A475  3484 0001:0001A47D  3485 0001:0001A492
  3486 0001:0001A4A6  3487 0001:0001A4AC  3488 0001:0001A4B6  3489 0001:0001A4CB
  3490 0001:0001A4D8  3491 0001:0001A508  3492 0001:0001A538  3493 0001:0001A574
  3494 0001:0001A5A5  3495 0001:0001A5D5  3496 0001:0001A5DD  3499 0001:0001A5F7
  3500 0001:0001A62E  3501 0001:0001A658  3503 0001:0001A682  3504 0001:0001A694
  3507 0001:0001A6A8  3510 0001:0001A6BA  3497 0001:0001A6C2  3515 0001:0001A6DF
  3517 0001:0001A6F3  3518 0001:0001A6FB  3521 0001:0001AD5C  3522 0001:0001AD74
  3523 0001:0001AD88  3524 0001:0001ADA6  3529 0001:0001ADD0  3530 0001:0001ADED
  3532 0001:0001ADF3  3533 0001:0001AE06  3534 0001:0001AE1C  3535 0001:0001AE32
  3539 0001:0001AE4B  3540 0001:0001AE55  3541 0001:0001AE5F  3542 0001:0001AE64
  3545 0001:0001AE84  3547 0001:0001AE8A  3548 0001:0001AEB0  3549 0001:0001AED9
  3550 0001:0001AF02  3552 0001:0001AF2B  3553 0001:0001AF2C  3543 0001:0001AF36
  3556 0001:0001AF48  3558 0001:0001AF4E  3559 0001:0001AF5A  3560 0001:0001AF6D
  3561 0001:0001AF7D  3563 0001:0001AF9A  3564 0001:0001AFA3  3568 0001:0001AFB5
  3569 0001:0001AFBE  3572 0001:0001AFCE  3573 0001:0001AFD8  3579 0001:0001B14C
  3589 0001:0001B16B  3591 0001:0001B185  3592 0001:0001B18F  3594 0001:0001B19A
  3596 0001:0001B1A3  3597 0001:0001B1B1  3598 0001:0001B1C3  3600 0001:0001B1E1
  3602 0001:0001B1F5  3603 0001:0001B20B  3605 0001:0001B21D  3598 0001:0001B21E
  3606 0001:0001B221  3608 0001:0001B242  3610 0001:0001B259  3611 0001:0001B26F
  3613 0001:0001B285  3616 0001:0001B2AC  3619 0001:0001B2D2  3620 0001:0001B2D9
  3621 0001:0001B2EA  3622 0001:0001B2F6  3624 0001:0001B307  3625 0001:0001B337
  3627 0001:0001B366  3628 0001:0001B37C  3631 0001:0001B3FE  3632 0001:0001B408
  3634 0001:0001B443  3636 0001:0001B47C  3638 0001:0001B48D  3639 0001:0001B494
  3641 0001:0001B4A6  3643 0001:0001B4AC  3644 0001:0001B4B9  3645 0001:0001B4D0
  3648 0001:0001B4EA  3651 0001:0001B814  3652 0001:0001B817  3656 0001:0001B827
  3657 0001:0001B83A  3659 0001:0001B843  3671 0001:0001B84A  3674 0001:0001B85C
  3675 0001:0001B872  3677 0001:0001B88F  3678 0001:0001B8A4  3682 0001:0001B8B6
  3683 0001:0001B8C8  3685 0001:0001B8D8  3688 0001:0001B924  3689 0001:0001B93A
  3691 0001:0001B957  3692 0001:0001B96C  3696 0001:0001B97E  3697 0001:0001B990
  3699 0001:0001B9A0  3702 0001:0001B9EC  3703 0001:0001BA08  3704 0001:0001BA13
  3705 0001:0001BA31  3707 0001:0001BA50  3708 0001:0001BA59  3710 0001:0001BA5F
  3711 0001:0001BA66  3712 0001:0001BA9B  3714 0001:0001BAA2  3716 0001:0001BAC7
  3719 0001:0001BB3C  3720 0001:0001BB58  3721 0001:0001BB63  3722 0001:0001BB81
  3724 0001:0001BBA0  3725 0001:0001BBA9  3727 0001:0001BBAF  3728 0001:0001BBB6
  3729 0001:0001BBEB  3731 0001:0001BBF2  3733 0001:0001BC17  3740 0001:0001BC8C
  3741 0001:0001BCAF  3742 0001:0001BCD2  3744 0001:0001BCF5  3746 0001:0001BD03
  3747 0001:0001BD11  3749 0001:0001BD22  3750 0001:0001BD4E  3751 0001:0001BD5D
  3753 0001:0001BD85  3757 0001:0001BD95  3758 0001:0001BD9F  3760 0001:0001BDBA
  3762 0001:0001BDD3  3764 0001:0001BDDC  3765 0001:0001BDE3  3766 0001:0001BDF4
  3768 0001:0001BE15  3769 0001:0001BE1F  3771 0001:0001BE65  3777 0001:0001BE9B
  3778 0001:0001BEB0  3780 0001:0001BEFC  3785 0001:0001BF32  3791 0001:0001BF77
  3793 0001:0001BF7E  3794 0001:0001BF9F  3796 0001:0001BFC1  3797 0001:0001BFCA
  3799 0001:0001BFD3  3800 0001:0001BFDA  3801 0001:0001BFEB  3803 0001:0001C00C
  3804 0001:0001C016  3806 0001:0001C05C  3811 0001:0001C092  3813 0001:0001C0A7
  3815 0001:0001C0F3  3817 0001:0001C129  3822 0001:0001C15E  3828 0001:0001C1A3
  3830 0001:0001C1AA  3833 0001:0001C1D2  3837 0001:0001C454  3838 0001:0001C467
  3854 0001:0001C468  3857 0001:0001C46C  3858 0001:0001C482  3859 0001:0001C490
  3860 0001:0001C4B4  3862 0001:0001C4DF  3863 0001:0001C4E4  3867 0001:0001C544
  3868 0001:0001C560  3870 0001:0001C566  3871 0001:0001C56D  3872 0001:0001C57E
  3873 0001:0001C58A  3874 0001:0001C5B5  3875 0001:0001C5BC  3876 0001:0001C5D5
  3878 0001:0001C5D9  3880 0001:0001C5DB  3886 0001:0001C6D4  3888 0001:0001C6E6

Line numbers for Unit_SampleCollectionFrame(..\..\Pathology\Unit_SampleCollectionFrame.pas) segment .itext

  3882 0002:00000388  3883 0002:00000391  3885 0002:0000039B

Line numbers for .SampleCollection(SampleCollection.dpk) segment .itext

    55 0002:0000039C

Bound resource files

Unit_QrSticker_Histo.dfm
Unit_QrSampleCollectionreport.dfm
Unit_SampleRegister.dfm
Unit_QrReportRemaining.dfm
UnitReportRemaining.DFM
UnitMonitorRegister.DFM
Unit_ServiceDetail.dfm
Unit_SampleReceive.dfm
Unit_QrSticker.dfm
Unit_SampleCollectionFrame.dfm
SampleCollection.res
SampleCollection.drf


Program entry point at 0002:0000039C
