

***********************************************************************
Fatal NI connect error 12514, connecting to:
 (DESCRIPTION=(CONNECT_DATA=(SERVICE_NAME=192.168.2.235)(CID=(PROGRAM=C:\Program?Files\Embarcadero\RAD?Studio\7.0\bin\bds.exe)(HOST=SOFT235)(USER=Administrator)))(ADDRESS=(PROTOCOL=TCP)(HOST=192.168.2.235)(PORT=1521)))

  VERSION INFORMATION:
	TNS for 32-bit Windows: Version 10.2.0.3.0 - Production
	Windows NT TCP/IP NT Protocol Adapter for 32-bit Windows: Version 10.2.0.3.0 - Production
  Time: 30-OCT-2013 13:19:51
  Tracing not turned on.
  Tns error struct:
    ns main err code: 12564
    TNS-12564: TNS:connection refused
    ns secondary err code: 0
    nt main err code: 0
    nt secondary err code: 0
    nt OS err code: 0


***********************************************************************
Fatal NI connect error 12514, connecting to:
 (DESCRIPTION=(CONNECT_DATA=(SERVICE_NAME=192.168.2.235)(CID=(PROGRAM=C:\Program?Files\Embarcadero\RAD?Studio\7.0\bin\bds.exe)(HOST=SOFT235)(USER=Administrator)))(ADDRESS=(PROTOCOL=TCP)(HOST=192.168.2.235)(PORT=1521)))

  VERSION INFORMATION:
	TNS for 32-bit Windows: Version 10.2.0.3.0 - Production
	Windows NT TCP/IP NT Protocol Adapter for 32-bit Windows: Version 10.2.0.3.0 - Production
  Time: 30-OCT-2013 13:20:21
  Tracing not turned on.
  Tns error struct:
    ns main err code: 12564
    TNS-12564: TNS:connection refused
    ns secondary err code: 0
    nt main err code: 0
    nt secondary err code: 0
    nt OS err code: 0
